PHPUnit Started (PHPUnit 12.4.1 using PHP 8.4.13 (cli) on WINNT)
Test Runner Configured
Bootstrap Finished (tests/bootstrap.php)
Event Facade Sealed
Test Suite Loaded (1048 tests)
Test Runner Started
Test Suite Sorted
Test Runner Execution Started (1048 tests)
Test Suite Started (C:\Users\Gaser\Desktop\COPRRA\phpunit.xml, 1048 tests)
Test Suite Started (Feature, 1048 tests)
Test Suite Started (Tests\Feature\ApiEndpointsTest, 3 tests)
Test Preparation Started (Tests\Feature\ApiEndpointsTest::test_basic_functionality)
Before Test Method Called (Tests\Feature\ApiEndpointsTest::setUp)
Before Test Method Finished:
- Tests\Feature\ApiEndpointsTest::setUp
Test Prepared (Tests\Feature\ApiEndpointsTest::test_basic_functionality)
After Test Method Called (Tests\Feature\ApiEndpointsTest::tearDown)
After Test Method Finished:
- Tests\Feature\ApiEndpointsTest::tearDown
Test Passed (Tests\Feature\ApiEndpointsTest::test_basic_functionality)
Test Finished (Tests\Feature\ApiEndpointsTest::test_basic_functionality)
Test Preparation Started (Tests\Feature\ApiEndpointsTest::test_expected_behavior)
Before Test Method Called (Tests\Feature\ApiEndpointsTest::setUp)
Before Test Method Finished:
- Tests\Feature\ApiEndpointsTest::setUp
Test Prepared (Tests\Feature\ApiEndpointsTest::test_expected_behavior)
After Test Method Called (Tests\Feature\ApiEndpointsTest::tearDown)
After Test Method Finished:
- Tests\Feature\ApiEndpointsTest::tearDown
Test Passed (Tests\Feature\ApiEndpointsTest::test_expected_behavior)
Test Finished (Tests\Feature\ApiEndpointsTest::test_expected_behavior)
Test Preparation Started (Tests\Feature\ApiEndpointsTest::test_validation)
Before Test Method Called (Tests\Feature\ApiEndpointsTest::setUp)
Before Test Method Finished:
- Tests\Feature\ApiEndpointsTest::setUp
Test Prepared (Tests\Feature\ApiEndpointsTest::test_validation)
After Test Method Called (Tests\Feature\ApiEndpointsTest::tearDown)
After Test Method Finished:
- Tests\Feature\ApiEndpointsTest::tearDown
Test Passed (Tests\Feature\ApiEndpointsTest::test_validation)
Test Finished (Tests\Feature\ApiEndpointsTest::test_validation)
After Last Test Method Called (Tests\Feature\ApiEndpointsTest::tearDownAfterClass)
After Last Test Method Finished:
- Tests\Feature\ApiEndpointsTest::tearDownAfterClass
Test Suite Finished (Tests\Feature\ApiEndpointsTest, 3 tests)
Test Suite Started (Tests\Feature\ApiRateLimitingTest, 3 tests)
Test Preparation Started (Tests\Feature\ApiRateLimitingTest::test_basic_functionality)
Before Test Method Called (Tests\Feature\ApiRateLimitingTest::setUp)
Before Test Method Finished:
- Tests\Feature\ApiRateLimitingTest::setUp
Test Prepared (Tests\Feature\ApiRateLimitingTest::test_basic_functionality)
After Test Method Called (Tests\Feature\ApiRateLimitingTest::tearDown)
After Test Method Finished:
- Tests\Feature\ApiRateLimitingTest::tearDown
Test Passed (Tests\Feature\ApiRateLimitingTest::test_basic_functionality)
Test Finished (Tests\Feature\ApiRateLimitingTest::test_basic_functionality)
Test Preparation Started (Tests\Feature\ApiRateLimitingTest::test_expected_behavior)
Before Test Method Called (Tests\Feature\ApiRateLimitingTest::setUp)
Before Test Method Finished:
- Tests\Feature\ApiRateLimitingTest::setUp
Test Prepared (Tests\Feature\ApiRateLimitingTest::test_expected_behavior)
After Test Method Called (Tests\Feature\ApiRateLimitingTest::tearDown)
After Test Method Finished:
- Tests\Feature\ApiRateLimitingTest::tearDown
Test Passed (Tests\Feature\ApiRateLimitingTest::test_expected_behavior)
Test Finished (Tests\Feature\ApiRateLimitingTest::test_expected_behavior)
Test Preparation Started (Tests\Feature\ApiRateLimitingTest::test_validation)
Before Test Method Called (Tests\Feature\ApiRateLimitingTest::setUp)
Before Test Method Finished:
- Tests\Feature\ApiRateLimitingTest::setUp
Test Prepared (Tests\Feature\ApiRateLimitingTest::test_validation)
After Test Method Called (Tests\Feature\ApiRateLimitingTest::tearDown)
After Test Method Finished:
- Tests\Feature\ApiRateLimitingTest::tearDown
Test Passed (Tests\Feature\ApiRateLimitingTest::test_validation)
Test Finished (Tests\Feature\ApiRateLimitingTest::test_validation)
After Last Test Method Called (Tests\Feature\ApiRateLimitingTest::tearDownAfterClass)
After Last Test Method Finished:
- Tests\Feature\ApiRateLimitingTest::tearDownAfterClass
Test Suite Finished (Tests\Feature\ApiRateLimitingTest, 3 tests)
Test Suite Started (Tests\Feature\ApiVersioningTest, 3 tests)
Test Preparation Started (Tests\Feature\ApiVersioningTest::test_basic_functionality)
Before Test Method Called (Tests\Feature\ApiVersioningTest::setUp)
Before Test Method Finished:
- Tests\Feature\ApiVersioningTest::setUp
Test Prepared (Tests\Feature\ApiVersioningTest::test_basic_functionality)
After Test Method Called (Tests\Feature\ApiVersioningTest::tearDown)
After Test Method Finished:
- Tests\Feature\ApiVersioningTest::tearDown
Test Passed (Tests\Feature\ApiVersioningTest::test_basic_functionality)
Test Finished (Tests\Feature\ApiVersioningTest::test_basic_functionality)
Test Preparation Started (Tests\Feature\ApiVersioningTest::test_expected_behavior)
Before Test Method Called (Tests\Feature\ApiVersioningTest::setUp)
Before Test Method Finished:
- Tests\Feature\ApiVersioningTest::setUp
Test Prepared (Tests\Feature\ApiVersioningTest::test_expected_behavior)
After Test Method Called (Tests\Feature\ApiVersioningTest::tearDown)
After Test Method Finished:
- Tests\Feature\ApiVersioningTest::tearDown
Test Passed (Tests\Feature\ApiVersioningTest::test_expected_behavior)
Test Finished (Tests\Feature\ApiVersioningTest::test_expected_behavior)
Test Preparation Started (Tests\Feature\ApiVersioningTest::test_validation)
Before Test Method Called (Tests\Feature\ApiVersioningTest::setUp)
Before Test Method Finished:
- Tests\Feature\ApiVersioningTest::setUp
Test Prepared (Tests\Feature\ApiVersioningTest::test_validation)
After Test Method Called (Tests\Feature\ApiVersioningTest::tearDown)
After Test Method Finished:
- Tests\Feature\ApiVersioningTest::tearDown
Test Passed (Tests\Feature\ApiVersioningTest::test_validation)
Test Finished (Tests\Feature\ApiVersioningTest::test_validation)
After Last Test Method Called (Tests\Feature\ApiVersioningTest::tearDownAfterClass)
After Last Test Method Finished:
- Tests\Feature\ApiVersioningTest::tearDownAfterClass
Test Suite Finished (Tests\Feature\ApiVersioningTest, 3 tests)
Test Suite Started (Tests\Feature\Api\ComprehensiveApiTest, 3 tests)
Test Preparation Started (Tests\Feature\Api\ComprehensiveApiTest::test_basic_functionality)
Before Test Method Called (Tests\Feature\Api\ComprehensiveApiTest::setUp)
Before Test Method Finished:
- Tests\Feature\Api\ComprehensiveApiTest::setUp
Test Prepared (Tests\Feature\Api\ComprehensiveApiTest::test_basic_functionality)
After Test Method Called (Tests\Feature\Api\ComprehensiveApiTest::tearDown)
After Test Method Finished:
- Tests\Feature\Api\ComprehensiveApiTest::tearDown
Test Passed (Tests\Feature\Api\ComprehensiveApiTest::test_basic_functionality)
Test Finished (Tests\Feature\Api\ComprehensiveApiTest::test_basic_functionality)
Test Preparation Started (Tests\Feature\Api\ComprehensiveApiTest::test_expected_behavior)
Before Test Method Called (Tests\Feature\Api\ComprehensiveApiTest::setUp)
Before Test Method Finished:
- Tests\Feature\Api\ComprehensiveApiTest::setUp
Test Prepared (Tests\Feature\Api\ComprehensiveApiTest::test_expected_behavior)
After Test Method Called (Tests\Feature\Api\ComprehensiveApiTest::tearDown)
After Test Method Finished:
- Tests\Feature\Api\ComprehensiveApiTest::tearDown
Test Passed (Tests\Feature\Api\ComprehensiveApiTest::test_expected_behavior)
Test Finished (Tests\Feature\Api\ComprehensiveApiTest::test_expected_behavior)
Test Preparation Started (Tests\Feature\Api\ComprehensiveApiTest::test_validation)
Before Test Method Called (Tests\Feature\Api\ComprehensiveApiTest::setUp)
Before Test Method Finished:
- Tests\Feature\Api\ComprehensiveApiTest::setUp
Test Prepared (Tests\Feature\Api\ComprehensiveApiTest::test_validation)
After Test Method Called (Tests\Feature\Api\ComprehensiveApiTest::tearDown)
After Test Method Finished:
- Tests\Feature\Api\ComprehensiveApiTest::tearDown
Test Passed (Tests\Feature\Api\ComprehensiveApiTest::test_validation)
Test Finished (Tests\Feature\Api\ComprehensiveApiTest::test_validation)
After Last Test Method Called (Tests\Feature\Api\ComprehensiveApiTest::tearDownAfterClass)
After Last Test Method Finished:
- Tests\Feature\Api\ComprehensiveApiTest::tearDownAfterClass
Test Suite Finished (Tests\Feature\Api\ComprehensiveApiTest, 3 tests)
Test Suite Started (Tests\Feature\Api\DebugHealthContentTest, 1 test)
Test Preparation Started (Tests\Feature\Api\DebugHealthContentTest::test_dump_health_response_content)
Before Test Method Called (Tests\Feature\Api\DebugHealthContentTest::setUp)
Before Test Method Finished:
- Tests\Feature\Api\DebugHealthContentTest::setUp
Test Prepared (Tests\Feature\Api\DebugHealthContentTest::test_dump_health_response_content)
php : 
At line:1 char:36
+ ... op\COPRRA ; php -d memory_limit=1024M phpunit.phar --bootstrap 
tests/ ...
+                 
~~~~~~~~~~~~~~~~~~~~~~~~~~~~~~~~~~~~~~~~~~~~~~~~~~~~~~~~~
    + CategoryInfo          : NotSpecified: (:String) [], RemoteExcep 
   tion
    + FullyQualifiedErrorId : NativeCommandError
 
[debug] /api/health raw content:
{"status":"healthy","timestamp":"2025-10-14T00:08:27.927486Z","version
":"1.0.0","environment":"testing","database":"connected","cache":"work
ing","storage":"writable"}

[debug] status code: 200
After Test Method Called (Tests\Feature\Api\DebugHealthContentTest::tearDown)
After Test Method Finished:
- Tests\Feature\Api\DebugHealthContentTest::tearDown
Test Passed (Tests\Feature\Api\DebugHealthContentTest::test_dump_health_response_content)
Test Finished (Tests\Feature\Api\DebugHealthContentTest::test_dump_health_response_content)
After Last Test Method Called (Tests\Feature\Api\DebugHealthContentTest::tearDownAfterClass)
After Last Test Method Finished:
- Tests\Feature\Api\DebugHealthContentTest::tearDownAfterClass
Test Suite Finished (Tests\Feature\Api\DebugHealthContentTest, 1 test)
Test Suite Started (Tests\Feature\Api\OrderApiTest, 10 tests)
Test Preparation Started (Tests\Feature\Api\OrderApiTest::test_user_can_list_their_orders)
Before Test Method Called (Tests\Feature\Api\OrderApiTest::setUp)
Before Test Method Finished:
- Tests\Feature\Api\OrderApiTest::setUp
Test Prepared (Tests\Feature\Api\OrderApiTest::test_user_can_list_their_orders)
After Test Method Called (Tests\Feature\Api\OrderApiTest::tearDown)
After Test Method Finished:
- Tests\Feature\Api\OrderApiTest::tearDown
Test Passed (Tests\Feature\Api\OrderApiTest::test_user_can_list_their_orders)
Test Finished (Tests\Feature\Api\OrderApiTest::test_user_can_list_their_orders)
Test Preparation Started (Tests\Feature\Api\OrderApiTest::test_user_can_filter_orders_by_status)
Before Test Method Called (Tests\Feature\Api\OrderApiTest::setUp)
Before Test Method Finished:
- Tests\Feature\Api\OrderApiTest::setUp
Test Prepared (Tests\Feature\Api\OrderApiTest::test_user_can_filter_orders_by_status)
After Test Method Called (Tests\Feature\Api\OrderApiTest::tearDown)
After Test Method Finished:
- Tests\Feature\Api\OrderApiTest::tearDown
Test Passed (Tests\Feature\Api\OrderApiTest::test_user_can_filter_orders_by_status)
Test Finished (Tests\Feature\Api\OrderApiTest::test_user_can_filter_orders_by_status)
Test Preparation Started (Tests\Feature\Api\OrderApiTest::test_user_can_view_single_order)
Before Test Method Called (Tests\Feature\Api\OrderApiTest::setUp)
Before Test Method Finished:
- Tests\Feature\Api\OrderApiTest::setUp
Test Prepared (Tests\Feature\Api\OrderApiTest::test_user_can_view_single_order)
After Test Method Called (Tests\Feature\Api\OrderApiTest::tearDown)
After Test Method Finished:
- Tests\Feature\Api\OrderApiTest::tearDown
Test Passed (Tests\Feature\Api\OrderApiTest::test_user_can_view_single_order)
Test Finished (Tests\Feature\Api\OrderApiTest::test_user_can_view_single_order)
Test Preparation Started (Tests\Feature\Api\OrderApiTest::test_user_cannot_view_other_users_order)
Before Test Method Called (Tests\Feature\Api\OrderApiTest::setUp)
Before Test Method Finished:
- Tests\Feature\Api\OrderApiTest::setUp
Test Prepared (Tests\Feature\Api\OrderApiTest::test_user_cannot_view_other_users_order)
After Test Method Called (Tests\Feature\Api\OrderApiTest::tearDown)
After Test Method Finished:
- Tests\Feature\Api\OrderApiTest::tearDown
Test Passed (Tests\Feature\Api\OrderApiTest::test_user_cannot_view_other_users_order)
Test Finished (Tests\Feature\Api\OrderApiTest::test_user_cannot_view_other_users_order)
Test Preparation Started (Tests\Feature\Api\OrderApiTest::test_user_can_create_order)
Before Test Method Called (Tests\Feature\Api\OrderApiTest::setUp)
Before Test Method Finished:
- Tests\Feature\Api\OrderApiTest::setUp
Test Prepared (Tests\Feature\Api\OrderApiTest::test_user_can_create_order)
After Test Method Called (Tests\Feature\Api\OrderApiTest::tearDown)
After Test Method Finished:
- Tests\Feature\Api\OrderApiTest::tearDown
Test Passed (Tests\Feature\Api\OrderApiTest::test_user_can_create_order)
Test Finished (Tests\Feature\Api\OrderApiTest::test_user_can_create_order)
Test Preparation Started (Tests\Feature\Api\OrderApiTest::test_create_order_validates_required_fields)
Before Test Method Called (Tests\Feature\Api\OrderApiTest::setUp)
Before Test Method Finished:
- Tests\Feature\Api\OrderApiTest::setUp
Test Prepared (Tests\Feature\Api\OrderApiTest::test_create_order_validates_required_fields)
After Test Method Called (Tests\Feature\Api\OrderApiTest::tearDown)
After Test Method Finished:
- Tests\Feature\Api\OrderApiTest::tearDown
Test Passed (Tests\Feature\Api\OrderApiTest::test_create_order_validates_required_fields)
Test Finished (Tests\Feature\Api\OrderApiTest::test_create_order_validates_required_fields)
Test Preparation Started (Tests\Feature\Api\OrderApiTest::test_create_order_validates_product_exists)
Before Test Method Called (Tests\Feature\Api\OrderApiTest::setUp)
Before Test Method Finished:
- Tests\Feature\Api\OrderApiTest::setUp
Test Prepared (Tests\Feature\Api\OrderApiTest::test_create_order_validates_product_exists)
After Test Method Called (Tests\Feature\Api\OrderApiTest::tearDown)
After Test Method Finished:
- Tests\Feature\Api\OrderApiTest::tearDown
Test Passed (Tests\Feature\Api\OrderApiTest::test_create_order_validates_product_exists)
Test Finished (Tests\Feature\Api\OrderApiTest::test_create_order_validates_product_exists)
Test Preparation Started (Tests\Feature\Api\OrderApiTest::test_guest_cannot_access_orders)
Before Test Method Called (Tests\Feature\Api\OrderApiTest::setUp)
Before Test Method Finished:
- Tests\Feature\Api\OrderApiTest::setUp
Test Prepared (Tests\Feature\Api\OrderApiTest::test_guest_cannot_access_orders)
After Test Method Called (Tests\Feature\Api\OrderApiTest::tearDown)
After Test Method Finished:
- Tests\Feature\Api\OrderApiTest::tearDown
Test Passed (Tests\Feature\Api\OrderApiTest::test_guest_cannot_access_orders)
Test Finished (Tests\Feature\Api\OrderApiTest::test_guest_cannot_access_orders)
Test Preparation Started (Tests\Feature\Api\OrderApiTest::test_order_response_includes_status_details)
Before Test Method Called (Tests\Feature\Api\OrderApiTest::setUp)
Before Test Method Finished:
- Tests\Feature\Api\OrderApiTest::setUp
Test Prepared (Tests\Feature\Api\OrderApiTest::test_order_response_includes_status_details)
After Test Method Called (Tests\Feature\Api\OrderApiTest::tearDown)
After Test Method Finished:
- Tests\Feature\Api\OrderApiTest::tearDown
Test Passed (Tests\Feature\Api\OrderApiTest::test_order_response_includes_status_details)
Test Finished (Tests\Feature\Api\OrderApiTest::test_order_response_includes_status_details)
Test Preparation Started (Tests\Feature\Api\OrderApiTest::test_order_list_is_paginated)
Before Test Method Called (Tests\Feature\Api\OrderApiTest::setUp)
Before Test Method Finished:
- Tests\Feature\Api\OrderApiTest::setUp
Test Prepared (Tests\Feature\Api\OrderApiTest::test_order_list_is_paginated)
After Test Method Called (Tests\Feature\Api\OrderApiTest::tearDown)
After Test Method Finished:
- Tests\Feature\Api\OrderApiTest::tearDown
Test Passed (Tests\Feature\Api\OrderApiTest::test_order_list_is_paginated)
Test Finished (Tests\Feature\Api\OrderApiTest::test_order_list_is_paginated)
After Last Test Method Called (Tests\Feature\Api\OrderApiTest::tearDownAfterClass)
After Last Test Method Finished:
- Tests\Feature\Api\OrderApiTest::tearDownAfterClass
Test Suite Finished (Tests\Feature\Api\OrderApiTest, 10 tests)
Test Suite Started (Tests\Feature\Api\ProductApiTest, 13 tests)
Test Preparation Started (Tests\Feature\Api\ProductApiTest::test_guest_can_list_products)
Before Test Method Called (Tests\Feature\Api\ProductApiTest::setUp)
Before Test Method Finished:
- Tests\Feature\Api\ProductApiTest::setUp
Test Prepared (Tests\Feature\Api\ProductApiTest::test_guest_can_list_products)
After Test Method Called (Tests\Feature\Api\ProductApiTest::tearDown)
After Test Method Finished:
- Tests\Feature\Api\ProductApiTest::tearDown
Test Passed (Tests\Feature\Api\ProductApiTest::test_guest_can_list_products)
Test Finished (Tests\Feature\Api\ProductApiTest::test_guest_can_list_products)
Test Preparation Started (Tests\Feature\Api\ProductApiTest::test_can_search_products_by_name)
Before Test Method Called (Tests\Feature\Api\ProductApiTest::setUp)
Before Test Method Finished:
- Tests\Feature\Api\ProductApiTest::setUp
Test Prepared (Tests\Feature\Api\ProductApiTest::test_can_search_products_by_name)
After Test Method Called (Tests\Feature\Api\ProductApiTest::tearDown)
After Test Method Finished:
- Tests\Feature\Api\ProductApiTest::tearDown
Test Passed (Tests\Feature\Api\ProductApiTest::test_can_search_products_by_name)
Test Finished (Tests\Feature\Api\ProductApiTest::test_can_search_products_by_name)
Test Preparation Started (Tests\Feature\Api\ProductApiTest::test_can_filter_products_by_category)
Before Test Method Called (Tests\Feature\Api\ProductApiTest::setUp)
Before Test Method Finished:
- Tests\Feature\Api\ProductApiTest::setUp
Test Prepared (Tests\Feature\Api\ProductApiTest::test_can_filter_products_by_category)
After Test Method Called (Tests\Feature\Api\ProductApiTest::tearDown)
After Test Method Finished:
- Tests\Feature\Api\ProductApiTest::tearDown
Test Passed (Tests\Feature\Api\ProductApiTest::test_can_filter_products_by_category)
Test Finished (Tests\Feature\Api\ProductApiTest::test_can_filter_products_by_category)
Test Preparation Started (Tests\Feature\Api\ProductApiTest::test_can_filter_products_by_brand)
Before Test Method Called (Tests\Feature\Api\ProductApiTest::setUp)
Before Test Method Finished:
- Tests\Feature\Api\ProductApiTest::setUp
Test Prepared (Tests\Feature\Api\ProductApiTest::test_can_filter_products_by_brand)
After Test Method Called (Tests\Feature\Api\ProductApiTest::tearDown)
After Test Method Finished:
- Tests\Feature\Api\ProductApiTest::tearDown
Test Passed (Tests\Feature\Api\ProductApiTest::test_can_filter_products_by_brand)
Test Finished (Tests\Feature\Api\ProductApiTest::test_can_filter_products_by_brand)
Test Preparation Started (Tests\Feature\Api\ProductApiTest::test_can_filter_products_by_price_range)
Before Test Method Called (Tests\Feature\Api\ProductApiTest::setUp)
Before Test Method Finished:
- Tests\Feature\Api\ProductApiTest::setUp
Test Prepared (Tests\Feature\Api\ProductApiTest::test_can_filter_products_by_price_range)
After Test Method Called (Tests\Feature\Api\ProductApiTest::tearDown)
After Test Method Finished:
- Tests\Feature\Api\ProductApiTest::tearDown
Test Passed (Tests\Feature\Api\ProductApiTest::test_can_filter_products_by_price_range)
Test Finished (Tests\Feature\Api\ProductApiTest::test_can_filter_products_by_price_range)
Test Preparation Started (Tests\Feature\Api\ProductApiTest::test_can_filter_featured_products)
Before Test Method Called (Tests\Feature\Api\ProductApiTest::setUp)
Before Test Method Finished:
- Tests\Feature\Api\ProductApiTest::setUp
Test Prepared (Tests\Feature\Api\ProductApiTest::test_can_filter_featured_products)
After Test Method Called (Tests\Feature\Api\ProductApiTest::tearDown)
After Test Method Finished:
- Tests\Feature\Api\ProductApiTest::tearDown
Test Passed (Tests\Feature\Api\ProductApiTest::test_can_filter_featured_products)
Test Finished (Tests\Feature\Api\ProductApiTest::test_can_filter_featured_products)
Test Preparation Started (Tests\Feature\Api\ProductApiTest::test_can_sort_products_by_price_ascending)
Before Test Method Called (Tests\Feature\Api\ProductApiTest::setUp)
Before Test Method Finished:
- Tests\Feature\Api\ProductApiTest::setUp
Test Prepared (Tests\Feature\Api\ProductApiTest::test_can_sort_products_by_price_ascending)
After Test Method Called (Tests\Feature\Api\ProductApiTest::tearDown)
After Test Method Finished:
- Tests\Feature\Api\ProductApiTest::tearDown
Test Passed (Tests\Feature\Api\ProductApiTest::test_can_sort_products_by_price_ascending)
Test Finished (Tests\Feature\Api\ProductApiTest::test_can_sort_products_by_price_ascending)
Test Preparation Started (Tests\Feature\Api\ProductApiTest::test_can_sort_products_by_price_descending)
Before Test Method Called (Tests\Feature\Api\ProductApiTest::setUp)
Before Test Method Finished:
- Tests\Feature\Api\ProductApiTest::setUp
Test Prepared (Tests\Feature\Api\ProductApiTest::test_can_sort_products_by_price_descending)
After Test Method Called (Tests\Feature\Api\ProductApiTest::tearDown)
After Test Method Finished:
- Tests\Feature\Api\ProductApiTest::tearDown
Test Passed (Tests\Feature\Api\ProductApiTest::test_can_sort_products_by_price_descending)
Test Finished (Tests\Feature\Api\ProductApiTest::test_can_sort_products_by_price_descending)
Test Preparation Started (Tests\Feature\Api\ProductApiTest::test_inactive_products_are_not_listed)
Before Test Method Called (Tests\Feature\Api\ProductApiTest::setUp)
Before Test Method Finished:
- Tests\Feature\Api\ProductApiTest::setUp
Test Prepared (Tests\Feature\Api\ProductApiTest::test_inactive_products_are_not_listed)
After Test Method Called (Tests\Feature\Api\ProductApiTest::tearDown)
After Test Method Finished:
- Tests\Feature\Api\ProductApiTest::tearDown
Test Passed (Tests\Feature\Api\ProductApiTest::test_inactive_products_are_not_listed)
Test Finished (Tests\Feature\Api\ProductApiTest::test_inactive_products_are_not_listed)
Test Preparation Started (Tests\Feature\Api\ProductApiTest::test_product_list_is_paginated)
Before Test Method Called (Tests\Feature\Api\ProductApiTest::setUp)
Before Test Method Finished:
- Tests\Feature\Api\ProductApiTest::setUp
Test Prepared (Tests\Feature\Api\ProductApiTest::test_product_list_is_paginated)
After Test Method Called (Tests\Feature\Api\ProductApiTest::tearDown)
After Test Method Finished:
- Tests\Feature\Api\ProductApiTest::tearDown
Test Passed (Tests\Feature\Api\ProductApiTest::test_product_list_is_paginated)
Test Finished (Tests\Feature\Api\ProductApiTest::test_product_list_is_paginated)
Test Preparation Started (Tests\Feature\Api\ProductApiTest::test_can_view_single_product)
Before Test Method Called (Tests\Feature\Api\ProductApiTest::setUp)
Before Test Method Finished:
- Tests\Feature\Api\ProductApiTest::setUp
Test Prepared (Tests\Feature\Api\ProductApiTest::test_can_view_single_product)
After Test Method Called (Tests\Feature\Api\ProductApiTest::tearDown)
After Test Method Finished:
- Tests\Feature\Api\ProductApiTest::tearDown
Test Passed (Tests\Feature\Api\ProductApiTest::test_can_view_single_product)
Test Finished (Tests\Feature\Api\ProductApiTest::test_can_view_single_product)
Test Preparation Started (Tests\Feature\Api\ProductApiTest::test_product_response_includes_relationships)
Before Test Method Called (Tests\Feature\Api\ProductApiTest::setUp)
Before Test Method Finished:
- Tests\Feature\Api\ProductApiTest::setUp
Test Prepared (Tests\Feature\Api\ProductApiTest::test_product_response_includes_relationships)
After Test Method Called (Tests\Feature\Api\ProductApiTest::tearDown)
After Test Method Finished:
- Tests\Feature\Api\ProductApiTest::tearDown
Test Passed (Tests\Feature\Api\ProductApiTest::test_product_response_includes_relationships)
Test Finished (Tests\Feature\Api\ProductApiTest::test_product_response_includes_relationships)
Test Preparation Started (Tests\Feature\Api\ProductApiTest::test_per_page_is_limited_to_100)
Before Test Method Called (Tests\Feature\Api\ProductApiTest::setUp)
Before Test Method Finished:
- Tests\Feature\Api\ProductApiTest::setUp
Test Prepared (Tests\Feature\Api\ProductApiTest::test_per_page_is_limited_to_100)
After Test Method Called (Tests\Feature\Api\ProductApiTest::tearDown)
After Test Method Finished:
- Tests\Feature\Api\ProductApiTest::tearDown
Test Passed (Tests\Feature\Api\ProductApiTest::test_per_page_is_limited_to_100)
Test Finished (Tests\Feature\Api\ProductApiTest::test_per_page_is_limited_to_100)
After Last Test Method Called (Tests\Feature\Api\ProductApiTest::tearDownAfterClass)
After Last Test Method Finished:
- Tests\Feature\Api\ProductApiTest::tearDownAfterClass
Test Suite Finished (Tests\Feature\Api\ProductApiTest, 13 tests)
Test Suite Started (Tests\Feature\Auth\AuthControllerTest, 11 tests)
Test Preparation Started (Tests\Feature\Auth\AuthControllerTest::test_user_can_login_with_valid_credentials)
Before Test Method Called (Tests\Feature\Auth\AuthControllerTest::setUp)
Before Test Method Finished:
- Tests\Feature\Auth\AuthControllerTest::setUp
Test Prepared (Tests\Feature\Auth\AuthControllerTest::test_user_can_login_with_valid_credentials)
After Test Method Called (Tests\Feature\Auth\AuthControllerTest::tearDown)
After Test Method Finished:
- Tests\Feature\Auth\AuthControllerTest::tearDown
Test Passed (Tests\Feature\Auth\AuthControllerTest::test_user_can_login_with_valid_credentials)
Test Finished (Tests\Feature\Auth\AuthControllerTest::test_user_can_login_with_valid_credentials)
Test Preparation Started (Tests\Feature\Auth\AuthControllerTest::test_user_cannot_login_with_invalid_credentials)
Before Test Method Called (Tests\Feature\Auth\AuthControllerTest::setUp)
Before Test Method Finished:
- Tests\Feature\Auth\AuthControllerTest::setUp
Test Prepared (Tests\Feature\Auth\AuthControllerTest::test_user_cannot_login_with_invalid_credentials)
After Test Method Called (Tests\Feature\Auth\AuthControllerTest::tearDown)
After Test Method Finished:
- Tests\Feature\Auth\AuthControllerTest::tearDown
Test Passed (Tests\Feature\Auth\AuthControllerTest::test_user_cannot_login_with_invalid_credentials)
Test Finished (Tests\Feature\Auth\AuthControllerTest::test_user_cannot_login_with_invalid_credentials)
Test Preparation Started (Tests\Feature\Auth\AuthControllerTest::test_user_can_register_with_valid_data)
Before Test Method Called (Tests\Feature\Auth\AuthControllerTest::setUp)
Before Test Method Finished:
- Tests\Feature\Auth\AuthControllerTest::setUp
Test Prepared (Tests\Feature\Auth\AuthControllerTest::test_user_can_register_with_valid_data)
After Test Method Called (Tests\Feature\Auth\AuthControllerTest::tearDown)
After Test Method Finished:
- Tests\Feature\Auth\AuthControllerTest::tearDown
Test Passed (Tests\Feature\Auth\AuthControllerTest::test_user_can_register_with_valid_data)
Test Finished (Tests\Feature\Auth\AuthControllerTest::test_user_can_register_with_valid_data)
Test Preparation Started (Tests\Feature\Auth\AuthControllerTest::test_user_cannot_register_with_weak_password)
Before Test Method Called (Tests\Feature\Auth\AuthControllerTest::setUp)
Before Test Method Finished:
- Tests\Feature\Auth\AuthControllerTest::setUp
Test Prepared (Tests\Feature\Auth\AuthControllerTest::test_user_cannot_register_with_weak_password)
After Test Method Called (Tests\Feature\Auth\AuthControllerTest::tearDown)
After Test Method Finished:
- Tests\Feature\Auth\AuthControllerTest::tearDown
Test Passed (Tests\Feature\Auth\AuthControllerTest::test_user_cannot_register_with_weak_password)
Test Finished (Tests\Feature\Auth\AuthControllerTest::test_user_cannot_register_with_weak_password)
Test Preparation Started (Tests\Feature\Auth\AuthControllerTest::test_user_cannot_register_with_existing_email)
Before Test Method Called (Tests\Feature\Auth\AuthControllerTest::setUp)
Before Test Method Finished:
- Tests\Feature\Auth\AuthControllerTest::setUp
Test Prepared (Tests\Feature\Auth\AuthControllerTest::test_user_cannot_register_with_existing_email)
After Test Method Called (Tests\Feature\Auth\AuthControllerTest::tearDown)
After Test Method Finished:
- Tests\Feature\Auth\AuthControllerTest::tearDown
Test Passed (Tests\Feature\Auth\AuthControllerTest::test_user_cannot_register_with_existing_email)
Test Finished (Tests\Feature\Auth\AuthControllerTest::test_user_cannot_register_with_existing_email)
Test Preparation Started (Tests\Feature\Auth\AuthControllerTest::test_user_can_logout)
Before Test Method Called (Tests\Feature\Auth\AuthControllerTest::setUp)
Before Test Method Finished:
- Tests\Feature\Auth\AuthControllerTest::setUp
Test Prepared (Tests\Feature\Auth\AuthControllerTest::test_user_can_logout)
After Test Method Called (Tests\Feature\Auth\AuthControllerTest::tearDown)
After Test Method Finished:
- Tests\Feature\Auth\AuthControllerTest::tearDown
Test Passed (Tests\Feature\Auth\AuthControllerTest::test_user_can_logout)
Test Finished (Tests\Feature\Auth\AuthControllerTest::test_user_can_logout)
Test Preparation Started (Tests\Feature\Auth\AuthControllerTest::test_user_can_request_password_reset)
Before Test Method Called (Tests\Feature\Auth\AuthControllerTest::setUp)
Before Test Method Finished:
- Tests\Feature\Auth\AuthControllerTest::setUp
Test Prepared (Tests\Feature\Auth\AuthControllerTest::test_user_can_request_password_reset)
After Test Method Called (Tests\Feature\Auth\AuthControllerTest::tearDown)
After Test Method Finished:
- Tests\Feature\Auth\AuthControllerTest::tearDown
Test Passed (Tests\Feature\Auth\AuthControllerTest::test_user_can_request_password_reset)
Test Finished (Tests\Feature\Auth\AuthControllerTest::test_user_can_request_password_reset)
Test Preparation Started (Tests\Feature\Auth\AuthControllerTest::test_user_can_reset_password_with_valid_token)
Before Test Method Called (Tests\Feature\Auth\AuthControllerTest::setUp)
Before Test Method Finished:
- Tests\Feature\Auth\AuthControllerTest::setUp
Test Prepared (Tests\Feature\Auth\AuthControllerTest::test_user_can_reset_password_with_valid_token)
After Test Method Called (Tests\Feature\Auth\AuthControllerTest::tearDown)
After Test Method Finished:
- Tests\Feature\Auth\AuthControllerTest::tearDown
Test Passed (Tests\Feature\Auth\AuthControllerTest::test_user_can_reset_password_with_valid_token)
Test Finished (Tests\Feature\Auth\AuthControllerTest::test_user_can_reset_password_with_valid_token)
Test Preparation Started (Tests\Feature\Auth\AuthControllerTest::test_login_is_rate_limited)
Before Test Method Called (Tests\Feature\Auth\AuthControllerTest::setUp)
Before Test Method Finished:
- Tests\Feature\Auth\AuthControllerTest::setUp
Test Prepared (Tests\Feature\Auth\AuthControllerTest::test_login_is_rate_limited)
After Test Method Called (Tests\Feature\Auth\AuthControllerTest::tearDown)
After Test Method Finished:
- Tests\Feature\Auth\AuthControllerTest::tearDown
Test Passed (Tests\Feature\Auth\AuthControllerTest::test_login_is_rate_limited)
Test Finished (Tests\Feature\Auth\AuthControllerTest::test_login_is_rate_limited)
Test Preparation Started (Tests\Feature\Auth\AuthControllerTest::test_register_is_rate_limited)
Before Test Method Called (Tests\Feature\Auth\AuthControllerTest::setUp)
Before Test Method Finished:
- Tests\Feature\Auth\AuthControllerTest::setUp
Test Prepared (Tests\Feature\Auth\AuthControllerTest::test_register_is_rate_limited)
After Test Method Called (Tests\Feature\Auth\AuthControllerTest::tearDown)
After Test Method Finished:
- Tests\Feature\Auth\AuthControllerTest::tearDown
Test Passed (Tests\Feature\Auth\AuthControllerTest::test_register_is_rate_limited)
Test Finished (Tests\Feature\Auth\AuthControllerTest::test_register_is_rate_limited)
Test Preparation Started (Tests\Feature\Auth\AuthControllerTest::test_password_uses_hash_make_not_bcrypt)
Before Test Method Called (Tests\Feature\Auth\AuthControllerTest::setUp)
Before Test Method Finished:
- Tests\Feature\Auth\AuthControllerTest::setUp
Test Prepared (Tests\Feature\Auth\AuthControllerTest::test_password_uses_hash_make_not_bcrypt)
After Test Method Called (Tests\Feature\Auth\AuthControllerTest::tearDown)
After Test Method Finished:
- Tests\Feature\Auth\AuthControllerTest::tearDown
Test Passed (Tests\Feature\Auth\AuthControllerTest::test_password_uses_hash_make_not_bcrypt)
Test Finished (Tests\Feature\Auth\AuthControllerTest::test_password_uses_hash_make_not_bcrypt)
After Last Test Method Called (Tests\Feature\Auth\AuthControllerTest::tearDownAfterClass)
After Last Test Method Finished:
- Tests\Feature\Auth\AuthControllerTest::tearDownAfterClass
Test Suite Finished (Tests\Feature\Auth\AuthControllerTest, 11 tests)
Test Suite Started (Tests\Feature\AuthenticationTest, 3 tests)
Test Preparation Started (Tests\Feature\AuthenticationTest::test_basic_functionality)
Before Test Method Called (Tests\Feature\AuthenticationTest::setUp)
Before Test Method Finished:
- Tests\Feature\AuthenticationTest::setUp
Test Prepared (Tests\Feature\AuthenticationTest::test_basic_functionality)
After Test Method Called (Tests\Feature\AuthenticationTest::tearDown)
After Test Method Finished:
- Tests\Feature\AuthenticationTest::tearDown
Test Passed (Tests\Feature\AuthenticationTest::test_basic_functionality)
Test Finished (Tests\Feature\AuthenticationTest::test_basic_functionality)
Test Preparation Started (Tests\Feature\AuthenticationTest::test_expected_behavior)
Before Test Method Called (Tests\Feature\AuthenticationTest::setUp)
Before Test Method Finished:
- Tests\Feature\AuthenticationTest::setUp
Test Prepared (Tests\Feature\AuthenticationTest::test_expected_behavior)
After Test Method Called (Tests\Feature\AuthenticationTest::tearDown)
After Test Method Finished:
- Tests\Feature\AuthenticationTest::tearDown
Test Passed (Tests\Feature\AuthenticationTest::test_expected_behavior)
Test Finished (Tests\Feature\AuthenticationTest::test_expected_behavior)
Test Preparation Started (Tests\Feature\AuthenticationTest::test_validation)
Before Test Method Called (Tests\Feature\AuthenticationTest::setUp)
Before Test Method Finished:
- Tests\Feature\AuthenticationTest::setUp
Test Prepared (Tests\Feature\AuthenticationTest::test_validation)
After Test Method Called (Tests\Feature\AuthenticationTest::tearDown)
After Test Method Finished:
- Tests\Feature\AuthenticationTest::tearDown
Test Passed (Tests\Feature\AuthenticationTest::test_validation)
Test Finished (Tests\Feature\AuthenticationTest::test_validation)
After Last Test Method Called (Tests\Feature\AuthenticationTest::tearDownAfterClass)
After Last Test Method Finished:
- Tests\Feature\AuthenticationTest::tearDownAfterClass
Test Suite Finished (Tests\Feature\AuthenticationTest, 3 tests)
Test Suite Started (Tests\Feature\COPRRA\PriceComparisonTest, 12 tests)
Test Preparation Started (Tests\Feature\COPRRA\PriceComparisonTest::test_compares_prices_across_multiple_stores)
Before Test Method Called (Tests\Feature\COPRRA\PriceComparisonTest::setUp)
Before Test Method Finished:
- Tests\Feature\COPRRA\PriceComparisonTest::setUp
Test Prepared (Tests\Feature\COPRRA\PriceComparisonTest::test_compares_prices_across_multiple_stores)
After Test Method Called (Tests\Feature\COPRRA\PriceComparisonTest::tearDown)
After Test Method Finished:
- Tests\Feature\COPRRA\PriceComparisonTest::tearDown
Test Passed (Tests\Feature\COPRRA\PriceComparisonTest::test_compares_prices_across_multiple_stores)
Test Finished (Tests\Feature\COPRRA\PriceComparisonTest::test_compares_prices_across_multiple_stores)
Test Preparation Started (Tests\Feature\COPRRA\PriceComparisonTest::test_identifies_best_deal_among_stores)
Before Test Method Called (Tests\Feature\COPRRA\PriceComparisonTest::setUp)
Before Test Method Finished:
- Tests\Feature\COPRRA\PriceComparisonTest::setUp
Test Prepared (Tests\Feature\COPRRA\PriceComparisonTest::test_identifies_best_deal_among_stores)
After Test Method Called (Tests\Feature\COPRRA\PriceComparisonTest::tearDown)
After Test Method Finished:
- Tests\Feature\COPRRA\PriceComparisonTest::tearDown
Test Passed (Tests\Feature\COPRRA\PriceComparisonTest::test_identifies_best_deal_among_stores)
Test Finished (Tests\Feature\COPRRA\PriceComparisonTest::test_identifies_best_deal_among_stores)
Test Preparation Started (Tests\Feature\COPRRA\PriceComparisonTest::test_calculates_savings_percentage)
Before Test Method Called (Tests\Feature\COPRRA\PriceComparisonTest::setUp)
Before Test Method Finished:
- Tests\Feature\COPRRA\PriceComparisonTest::setUp
Test Prepared (Tests\Feature\COPRRA\PriceComparisonTest::test_calculates_savings_percentage)
After Test Method Called (Tests\Feature\COPRRA\PriceComparisonTest::tearDown)
After Test Method Finished:
- Tests\Feature\COPRRA\PriceComparisonTest::tearDown
Test Passed (Tests\Feature\COPRRA\PriceComparisonTest::test_calculates_savings_percentage)
Test Finished (Tests\Feature\COPRRA\PriceComparisonTest::test_calculates_savings_percentage)
Test Preparation Started (Tests\Feature\COPRRA\PriceComparisonTest::test_formats_price_with_correct_currency_symbol)
Before Test Method Called (Tests\Feature\COPRRA\PriceComparisonTest::setUp)
Before Test Method Finished:
- Tests\Feature\COPRRA\PriceComparisonTest::setUp
Test Prepared (Tests\Feature\COPRRA\PriceComparisonTest::test_formats_price_with_correct_currency_symbol)
After Test Method Called (Tests\Feature\COPRRA\PriceComparisonTest::tearDown)
After Test Method Finished:
- Tests\Feature\COPRRA\PriceComparisonTest::tearDown
Test Passed (Tests\Feature\COPRRA\PriceComparisonTest::test_formats_price_with_correct_currency_symbol)
Test Finished (Tests\Feature\COPRRA\PriceComparisonTest::test_formats_price_with_correct_currency_symbol)
Test Preparation Started (Tests\Feature\COPRRA\PriceComparisonTest::test_converts_prices_between_currencies)
Before Test Method Called (Tests\Feature\COPRRA\PriceComparisonTest::setUp)
Before Test Method Finished:
- Tests\Feature\COPRRA\PriceComparisonTest::setUp
Test Prepared (Tests\Feature\COPRRA\PriceComparisonTest::test_converts_prices_between_currencies)
After Test Method Called (Tests\Feature\COPRRA\PriceComparisonTest::tearDown)
After Test Method Finished:
- Tests\Feature\COPRRA\PriceComparisonTest::tearDown
Test Passed (Tests\Feature\COPRRA\PriceComparisonTest::test_converts_prices_between_currencies)
Test Finished (Tests\Feature\COPRRA\PriceComparisonTest::test_converts_prices_between_currencies)
Test Preparation Started (Tests\Feature\COPRRA\PriceComparisonTest::test_displays_price_range_for_product)
Before Test Method Called (Tests\Feature\COPRRA\PriceComparisonTest::setUp)
Before Test Method Finished:
- Tests\Feature\COPRRA\PriceComparisonTest::setUp
Test Prepared (Tests\Feature\COPRRA\PriceComparisonTest::test_displays_price_range_for_product)
After Test Method Called (Tests\Feature\COPRRA\PriceComparisonTest::tearDown)
After Test Method Finished:
- Tests\Feature\COPRRA\PriceComparisonTest::tearDown
Test Passed (Tests\Feature\COPRRA\PriceComparisonTest::test_displays_price_range_for_product)
Test Finished (Tests\Feature\COPRRA\PriceComparisonTest::test_displays_price_range_for_product)
Test Preparation Started (Tests\Feature\COPRRA\PriceComparisonTest::test_handles_unavailable_products_in_stores)
Before Test Method Called (Tests\Feature\COPRRA\PriceComparisonTest::setUp)
Before Test Method Finished:
- Tests\Feature\COPRRA\PriceComparisonTest::setUp
Test Prepared (Tests\Feature\COPRRA\PriceComparisonTest::test_handles_unavailable_products_in_stores)
After Test Method Called (Tests\Feature\COPRRA\PriceComparisonTest::tearDown)
After Test Method Finished:
- Tests\Feature\COPRRA\PriceComparisonTest::tearDown
Test Passed (Tests\Feature\COPRRA\PriceComparisonTest::test_handles_unavailable_products_in_stores)
Test Finished (Tests\Feature\COPRRA\PriceComparisonTest::test_handles_unavailable_products_in_stores)
Test Preparation Started (Tests\Feature\COPRRA\PriceComparisonTest::test_respects_max_stores_per_product_configuration)
Before Test Method Called (Tests\Feature\COPRRA\PriceComparisonTest::setUp)
Before Test Method Finished:
- Tests\Feature\COPRRA\PriceComparisonTest::setUp
Test Prepared (Tests\Feature\COPRRA\PriceComparisonTest::test_respects_max_stores_per_product_configuration)
After Test Method Called (Tests\Feature\COPRRA\PriceComparisonTest::tearDown)
After Test Method Finished:
- Tests\Feature\COPRRA\PriceComparisonTest::tearDown
Test Passed (Tests\Feature\COPRRA\PriceComparisonTest::test_respects_max_stores_per_product_configuration)
Test Finished (Tests\Feature\COPRRA\PriceComparisonTest::test_respects_max_stores_per_product_configuration)
Test Preparation Started (Tests\Feature\COPRRA\PriceComparisonTest::test_caches_price_comparison_results)
Before Test Method Called (Tests\Feature\COPRRA\PriceComparisonTest::setUp)
Before Test Method Finished:
- Tests\Feature\COPRRA\PriceComparisonTest::setUp
Test Prepared (Tests\Feature\COPRRA\PriceComparisonTest::test_caches_price_comparison_results)
After Test Method Called (Tests\Feature\COPRRA\PriceComparisonTest::tearDown)
After Test Method Finished:
- Tests\Feature\COPRRA\PriceComparisonTest::tearDown
Test Passed (Tests\Feature\COPRRA\PriceComparisonTest::test_caches_price_comparison_results)
Test Finished (Tests\Feature\COPRRA\PriceComparisonTest::test_caches_price_comparison_results)
Test Preparation Started (Tests\Feature\COPRRA\PriceComparisonTest::test_tracks_price_comparison_analytics)
Before Test Method Called (Tests\Feature\COPRRA\PriceComparisonTest::setUp)
Before Test Method Finished:
- Tests\Feature\COPRRA\PriceComparisonTest::setUp
Test Prepared (Tests\Feature\COPRRA\PriceComparisonTest::test_tracks_price_comparison_analytics)
After Test Method Called (Tests\Feature\COPRRA\PriceComparisonTest::tearDown)
After Test Method Finished:
- Tests\Feature\COPRRA\PriceComparisonTest::tearDown
Test Passed (Tests\Feature\COPRRA\PriceComparisonTest::test_tracks_price_comparison_analytics)
Test Finished (Tests\Feature\COPRRA\PriceComparisonTest::test_tracks_price_comparison_analytics)
Test Preparation Started (Tests\Feature\COPRRA\PriceComparisonTest::test_handles_multiple_currencies_in_comparison)
Before Test Method Called (Tests\Feature\COPRRA\PriceComparisonTest::setUp)
Before Test Method Finished:
- Tests\Feature\COPRRA\PriceComparisonTest::setUp
Test Prepared (Tests\Feature\COPRRA\PriceComparisonTest::test_handles_multiple_currencies_in_comparison)
After Test Method Called (Tests\Feature\COPRRA\PriceComparisonTest::tearDown)
After Test Method Finished:
- Tests\Feature\COPRRA\PriceComparisonTest::tearDown
Test Passed (Tests\Feature\COPRRA\PriceComparisonTest::test_handles_multiple_currencies_in_comparison)
Test Finished (Tests\Feature\COPRRA\PriceComparisonTest::test_handles_multiple_currencies_in_comparison)
Test Preparation Started (Tests\Feature\COPRRA\PriceComparisonTest::test_validates_price_update_interval)
Before Test Method Called (Tests\Feature\COPRRA\PriceComparisonTest::setUp)
Before Test Method Finished:
- Tests\Feature\COPRRA\PriceComparisonTest::setUp
Test Prepared (Tests\Feature\COPRRA\PriceComparisonTest::test_validates_price_update_interval)
After Test Method Called (Tests\Feature\COPRRA\PriceComparisonTest::tearDown)
After Test Method Finished:
- Tests\Feature\COPRRA\PriceComparisonTest::tearDown
Test Passed (Tests\Feature\COPRRA\PriceComparisonTest::test_validates_price_update_interval)
Test Finished (Tests\Feature\COPRRA\PriceComparisonTest::test_validates_price_update_interval)
After Last Test Method Called (Tests\Feature\COPRRA\PriceComparisonTest::tearDownAfterClass)
After Last Test Method Finished:
- Tests\Feature\COPRRA\PriceComparisonTest::tearDownAfterClass
Test Suite Finished (Tests\Feature\COPRRA\PriceComparisonTest, 12 tests)
Test Suite Started (Tests\Feature\CacheFunctionalityTest, 3 tests)
Test Preparation Started (Tests\Feature\CacheFunctionalityTest::test_basic_functionality)
Before Test Method Called (Tests\Feature\CacheFunctionalityTest::setUp)
Before Test Method Finished:
- Tests\Feature\CacheFunctionalityTest::setUp
Test Prepared (Tests\Feature\CacheFunctionalityTest::test_basic_functionality)
After Test Method Called (Tests\Feature\CacheFunctionalityTest::tearDown)
After Test Method Finished:
- Tests\Feature\CacheFunctionalityTest::tearDown
Test Passed (Tests\Feature\CacheFunctionalityTest::test_basic_functionality)
Test Finished (Tests\Feature\CacheFunctionalityTest::test_basic_functionality)
Test Preparation Started (Tests\Feature\CacheFunctionalityTest::test_expected_behavior)
Before Test Method Called (Tests\Feature\CacheFunctionalityTest::setUp)
Before Test Method Finished:
- Tests\Feature\CacheFunctionalityTest::setUp
Test Prepared (Tests\Feature\CacheFunctionalityTest::test_expected_behavior)
After Test Method Called (Tests\Feature\CacheFunctionalityTest::tearDown)
After Test Method Finished:
- Tests\Feature\CacheFunctionalityTest::tearDown
Test Passed (Tests\Feature\CacheFunctionalityTest::test_expected_behavior)
Test Finished (Tests\Feature\CacheFunctionalityTest::test_expected_behavior)
Test Preparation Started (Tests\Feature\CacheFunctionalityTest::test_validation)
Before Test Method Called (Tests\Feature\CacheFunctionalityTest::setUp)
Before Test Method Finished:
- Tests\Feature\CacheFunctionalityTest::setUp
Test Prepared (Tests\Feature\CacheFunctionalityTest::test_validation)
After Test Method Called (Tests\Feature\CacheFunctionalityTest::tearDown)
After Test Method Finished:
- Tests\Feature\CacheFunctionalityTest::tearDown
Test Passed (Tests\Feature\CacheFunctionalityTest::test_validation)
Test Finished (Tests\Feature\CacheFunctionalityTest::test_validation)
After Last Test Method Called (Tests\Feature\CacheFunctionalityTest::tearDownAfterClass)
After Last Test Method Finished:
- Tests\Feature\CacheFunctionalityTest::tearDownAfterClass
Test Suite Finished (Tests\Feature\CacheFunctionalityTest, 3 tests)
Test Suite Started (Tests\Feature\Cart\CartControllerTest, 10 tests)
Test Preparation Started (Tests\Feature\Cart\CartControllerTest::test_user_can_view_cart)
Before Test Method Called (Tests\Feature\Cart\CartControllerTest::setUp)
Before Test Method Finished:
- Tests\Feature\Cart\CartControllerTest::setUp
Test Prepared (Tests\Feature\Cart\CartControllerTest::test_user_can_view_cart)
After Test Method Called (Tests\Feature\Cart\CartControllerTest::tearDown)
After Test Method Finished:
- Tests\Feature\Cart\CartControllerTest::tearDown
Test Passed (Tests\Feature\Cart\CartControllerTest::test_user_can_view_cart)
Test Finished (Tests\Feature\Cart\CartControllerTest::test_user_can_view_cart)
Test Preparation Started (Tests\Feature\Cart\CartControllerTest::test_user_can_add_product_to_cart)
Before Test Method Called (Tests\Feature\Cart\CartControllerTest::setUp)
Before Test Method Finished:
- Tests\Feature\Cart\CartControllerTest::setUp
Test Prepared (Tests\Feature\Cart\CartControllerTest::test_user_can_add_product_to_cart)
After Test Method Called (Tests\Feature\Cart\CartControllerTest::tearDown)
After Test Method Finished:
- Tests\Feature\Cart\CartControllerTest::tearDown
Test Passed (Tests\Feature\Cart\CartControllerTest::test_user_can_add_product_to_cart)
Test Finished (Tests\Feature\Cart\CartControllerTest::test_user_can_add_product_to_cart)
Test Preparation Started (Tests\Feature\Cart\CartControllerTest::test_user_can_update_cart_quantity)
Before Test Method Called (Tests\Feature\Cart\CartControllerTest::setUp)
Before Test Method Finished:
- Tests\Feature\Cart\CartControllerTest::setUp
Test Prepared (Tests\Feature\Cart\CartControllerTest::test_user_can_update_cart_quantity)
After Test Method Called (Tests\Feature\Cart\CartControllerTest::tearDown)
After Test Method Finished:
- Tests\Feature\Cart\CartControllerTest::tearDown
Test Passed (Tests\Feature\Cart\CartControllerTest::test_user_can_update_cart_quantity)
Test Finished (Tests\Feature\Cart\CartControllerTest::test_user_can_update_cart_quantity)
Test Preparation Started (Tests\Feature\Cart\CartControllerTest::test_user_cannot_update_cart_with_invalid_quantity)
Before Test Method Called (Tests\Feature\Cart\CartControllerTest::setUp)
Before Test Method Finished:
- Tests\Feature\Cart\CartControllerTest::setUp
Test Prepared (Tests\Feature\Cart\CartControllerTest::test_user_cannot_update_cart_with_invalid_quantity)
After Test Method Called (Tests\Feature\Cart\CartControllerTest::tearDown)
After Test Method Finished:
- Tests\Feature\Cart\CartControllerTest::tearDown
Test Passed (Tests\Feature\Cart\CartControllerTest::test_user_cannot_update_cart_with_invalid_quantity)
Test Finished (Tests\Feature\Cart\CartControllerTest::test_user_cannot_update_cart_with_invalid_quantity)
Test Preparation Started (Tests\Feature\Cart\CartControllerTest::test_user_can_remove_item_from_cart)
Before Test Method Called (Tests\Feature\Cart\CartControllerTest::setUp)
Before Test Method Finished:
- Tests\Feature\Cart\CartControllerTest::setUp
Test Prepared (Tests\Feature\Cart\CartControllerTest::test_user_can_remove_item_from_cart)
After Test Method Called (Tests\Feature\Cart\CartControllerTest::tearDown)
After Test Method Finished:
- Tests\Feature\Cart\CartControllerTest::tearDown
Test Passed (Tests\Feature\Cart\CartControllerTest::test_user_can_remove_item_from_cart)
Test Finished (Tests\Feature\Cart\CartControllerTest::test_user_can_remove_item_from_cart)
Test Preparation Started (Tests\Feature\Cart\CartControllerTest::test_user_can_clear_entire_cart)
Before Test Method Called (Tests\Feature\Cart\CartControllerTest::setUp)
Before Test Method Finished:
- Tests\Feature\Cart\CartControllerTest::setUp
Test Prepared (Tests\Feature\Cart\CartControllerTest::test_user_can_clear_entire_cart)
After Test Method Called (Tests\Feature\Cart\CartControllerTest::tearDown)
After Test Method Finished:
- Tests\Feature\Cart\CartControllerTest::tearDown
Test Passed (Tests\Feature\Cart\CartControllerTest::test_user_can_clear_entire_cart)
Test Finished (Tests\Feature\Cart\CartControllerTest::test_user_can_clear_entire_cart)
Test Preparation Started (Tests\Feature\Cart\CartControllerTest::test_cart_calculates_total_correctly)
Before Test Method Called (Tests\Feature\Cart\CartControllerTest::setUp)
Before Test Method Finished:
- Tests\Feature\Cart\CartControllerTest::setUp
Test Prepared (Tests\Feature\Cart\CartControllerTest::test_cart_calculates_total_correctly)
After Test Method Called (Tests\Feature\Cart\CartControllerTest::tearDown)
After Test Method Finished:
- Tests\Feature\Cart\CartControllerTest::tearDown
Test Passed (Tests\Feature\Cart\CartControllerTest::test_cart_calculates_total_correctly)
Test Finished (Tests\Feature\Cart\CartControllerTest::test_cart_calculates_total_correctly)
Test Preparation Started (Tests\Feature\Cart\CartControllerTest::test_cart_persists_product_attributes)
Before Test Method Called (Tests\Feature\Cart\CartControllerTest::setUp)
Before Test Method Finished:
- Tests\Feature\Cart\CartControllerTest::setUp
Test Prepared (Tests\Feature\Cart\CartControllerTest::test_cart_persists_product_attributes)
After Test Method Called (Tests\Feature\Cart\CartControllerTest::tearDown)
After Test Method Finished:
- Tests\Feature\Cart\CartControllerTest::tearDown
Test Passed (Tests\Feature\Cart\CartControllerTest::test_cart_persists_product_attributes)
Test Finished (Tests\Feature\Cart\CartControllerTest::test_cart_persists_product_attributes)
Test Preparation Started (Tests\Feature\Cart\CartControllerTest::test_update_cart_request_validates_input)
Before Test Method Called (Tests\Feature\Cart\CartControllerTest::setUp)
Before Test Method Finished:
- Tests\Feature\Cart\CartControllerTest::setUp
Test Prepared (Tests\Feature\Cart\CartControllerTest::test_update_cart_request_validates_input)
After Test Method Called (Tests\Feature\Cart\CartControllerTest::tearDown)
After Test Method Finished:
- Tests\Feature\Cart\CartControllerTest::tearDown
Test Passed (Tests\Feature\Cart\CartControllerTest::test_update_cart_request_validates_input)
Test Finished (Tests\Feature\Cart\CartControllerTest::test_update_cart_request_validates_input)
Test Preparation Started (Tests\Feature\Cart\CartControllerTest::test_quantity_cannot_exceed_maximum)
Before Test Method Called (Tests\Feature\Cart\CartControllerTest::setUp)
Before Test Method Finished:
- Tests\Feature\Cart\CartControllerTest::setUp
Test Prepared (Tests\Feature\Cart\CartControllerTest::test_quantity_cannot_exceed_maximum)
After Test Method Called (Tests\Feature\Cart\CartControllerTest::tearDown)
After Test Method Finished:
- Tests\Feature\Cart\CartControllerTest::tearDown
Test Passed (Tests\Feature\Cart\CartControllerTest::test_quantity_cannot_exceed_maximum)
Test Finished (Tests\Feature\Cart\CartControllerTest::test_quantity_cannot_exceed_maximum)
After Last Test Method Called (Tests\Feature\Cart\CartControllerTest::tearDownAfterClass)
After Last Test Method Finished:
- Tests\Feature\Cart\CartControllerTest::tearDownAfterClass
Test Suite Finished (Tests\Feature\Cart\CartControllerTest, 10 tests)
Test Suite Started (Tests\Feature\Console\Commands\AgentProposeFixCommandTest, 3 tests)
Test Preparation Started (Tests\Feature\Console\Commands\AgentProposeFixCommandTest::agent_propose_fix_command_runs_successfully_with_style_option)
Before Test Method Called (Tests\Feature\Console\Commands\AgentProposeFixCommandTest::setUp)
Before Test Method Finished:
- Tests\Feature\Console\Commands\AgentProposeFixCommandTest::setUp
Test Prepared (Tests\Feature\Console\Commands\AgentProposeFixCommandTest::agent_propose_fix_command_runs_successfully_with_style_option)
After Test Method Called (Tests\Feature\Console\Commands\AgentProposeFixCommandTest::tearDown)
After Test Method Finished:
- Tests\Feature\Console\Commands\AgentProposeFixCommandTest::tearDown
Test Passed (Tests\Feature\Console\Commands\AgentProposeFixCommandTest::agent_propose_fix_command_runs_successfully_with_style_option)
Test Finished (Tests\Feature\Console\Commands\AgentProposeFixCommandTest::agent_propose_fix_command_runs_successfully_with_style_option)
Test Preparation Started (Tests\Feature\Console\Commands\AgentProposeFixCommandTest::agent_propose_fix_command_runs_successfully_with_analysis_option)
Before Test Method Called (Tests\Feature\Console\Commands\AgentProposeFixCommandTest::setUp)
Before Test Method Finished:
- Tests\Feature\Console\Commands\AgentProposeFixCommandTest::setUp
Test Prepared (Tests\Feature\Console\Commands\AgentProposeFixCommandTest::agent_propose_fix_command_runs_successfully_with_analysis_option)
After Test Method Called (Tests\Feature\Console\Commands\AgentProposeFixCommandTest::tearDown)
After Test Method Finished:
- Tests\Feature\Console\Commands\AgentProposeFixCommandTest::tearDown
Test Passed (Tests\Feature\Console\Commands\AgentProposeFixCommandTest::agent_propose_fix_command_runs_successfully_with_analysis_option)
Test Finished (Tests\Feature\Console\Commands\AgentProposeFixCommandTest::agent_propose_fix_command_runs_successfully_with_analysis_option)
Test Preparation Started (Tests\Feature\Console\Commands\AgentProposeFixCommandTest::agent_propose_fix_command_handles_unsupported_type)
Before Test Method Called (Tests\Feature\Console\Commands\AgentProposeFixCommandTest::setUp)
Before Test Method Finished:
- Tests\Feature\Console\Commands\AgentProposeFixCommandTest::setUp
Test Prepared (Tests\Feature\Console\Commands\AgentProposeFixCommandTest::agent_propose_fix_command_handles_unsupported_type)
After Test Method Called (Tests\Feature\Console\Commands\AgentProposeFixCommandTest::tearDown)
After Test Method Finished:
- Tests\Feature\Console\Commands\AgentProposeFixCommandTest::tearDown
Test Passed (Tests\Feature\Console\Commands\AgentProposeFixCommandTest::agent_propose_fix_command_handles_unsupported_type)
Test Finished (Tests\Feature\Console\Commands\AgentProposeFixCommandTest::agent_propose_fix_command_handles_unsupported_type)
After Last Test Method Called (Tests\Feature\Console\Commands\AgentProposeFixCommandTest::tearDownAfterClass)
After Last Test Method Finished:
- Tests\Feature\Console\Commands\AgentProposeFixCommandTest::tearDownAfterClass
Test Suite Finished (Tests\Feature\Console\Commands\AgentProposeFixCommandTest, 3 tests)
Test Suite Started (Tests\Feature\Console\Commands\StatsCommandTest, 8 tests)
Test Preparation Started (Tests\Feature\Console\Commands\StatsCommandTest::stats_command_runs_successfully_without_detailed_option)
Before Test Method Called (Tests\Feature\Console\Commands\StatsCommandTest::setUp)
Before Test Method Finished:
- Tests\Feature\Console\Commands\StatsCommandTest::setUp
Test Prepared (Tests\Feature\Console\Commands\StatsCommandTest::stats_command_runs_successfully_without_detailed_option)
After Test Method Called (Tests\Feature\Console\Commands\StatsCommandTest::tearDown)
After Test Method Finished:
- Tests\Feature\Console\Commands\StatsCommandTest::tearDown
Test Passed (Tests\Feature\Console\Commands\StatsCommandTest::stats_command_runs_successfully_without_detailed_option)
Test Finished (Tests\Feature\Console\Commands\StatsCommandTest::stats_command_runs_successfully_without_detailed_option)
Test Preparation Started (Tests\Feature\Console\Commands\StatsCommandTest::stats_command_runs_successfully_with_detailed_option)
Before Test Method Called (Tests\Feature\Console\Commands\StatsCommandTest::setUp)
Before Test Method Finished:
- Tests\Feature\Console\Commands\StatsCommandTest::setUp
Test Prepared (Tests\Feature\Console\Commands\StatsCommandTest::stats_command_runs_successfully_with_detailed_option)
After Test Method Called (Tests\Feature\Console\Commands\StatsCommandTest::tearDown)
After Test Method Finished:
- Tests\Feature\Console\Commands\StatsCommandTest::tearDown
Test Passed (Tests\Feature\Console\Commands\StatsCommandTest::stats_command_runs_successfully_with_detailed_option)
Test Finished (Tests\Feature\Console\Commands\StatsCommandTest::stats_command_runs_successfully_with_detailed_option)
Test Preparation Started (Tests\Feature\Console\Commands\StatsCommandTest::stats_command_displays_correct_basic_stats)
Before Test Method Called (Tests\Feature\Console\Commands\StatsCommandTest::setUp)
Before Test Method Finished:
- Tests\Feature\Console\Commands\StatsCommandTest::setUp
Test Prepared (Tests\Feature\Console\Commands\StatsCommandTest::stats_command_displays_correct_basic_stats)
After Test Method Called (Tests\Feature\Console\Commands\StatsCommandTest::tearDown)
After Test Method Finished:
- Tests\Feature\Console\Commands\StatsCommandTest::tearDown
Test Passed (Tests\Feature\Console\Commands\StatsCommandTest::stats_command_displays_correct_basic_stats)
Test Finished (Tests\Feature\Console\Commands\StatsCommandTest::stats_command_displays_correct_basic_stats)
Test Preparation Started (Tests\Feature\Console\Commands\StatsCommandTest::stats_command_displays_detailed_stats_when_requested)
Before Test Method Called (Tests\Feature\Console\Commands\StatsCommandTest::setUp)
Before Test Method Finished:
- Tests\Feature\Console\Commands\StatsCommandTest::setUp
Test Prepared (Tests\Feature\Console\Commands\StatsCommandTest::stats_command_displays_detailed_stats_when_requested)
After Test Method Called (Tests\Feature\Console\Commands\StatsCommandTest::tearDown)
After Test Method Finished:
- Tests\Feature\Console\Commands\StatsCommandTest::tearDown
Test Passed (Tests\Feature\Console\Commands\StatsCommandTest::stats_command_displays_detailed_stats_when_requested)
Test Finished (Tests\Feature\Console\Commands\StatsCommandTest::stats_command_displays_detailed_stats_when_requested)
Test Preparation Started (Tests\Feature\Console\Commands\StatsCommandTest::stats_command_handles_empty_database)
Before Test Method Called (Tests\Feature\Console\Commands\StatsCommandTest::setUp)
Before Test Method Finished:
- Tests\Feature\Console\Commands\StatsCommandTest::setUp
Test Prepared (Tests\Feature\Console\Commands\StatsCommandTest::stats_command_handles_empty_database)
After Test Method Called (Tests\Feature\Console\Commands\StatsCommandTest::tearDown)
After Test Method Finished:
- Tests\Feature\Console\Commands\StatsCommandTest::tearDown
Test Passed (Tests\Feature\Console\Commands\StatsCommandTest::stats_command_handles_empty_database)
Test Finished (Tests\Feature\Console\Commands\StatsCommandTest::stats_command_handles_empty_database)
Test Preparation Started (Tests\Feature\Console\Commands\StatsCommandTest::stats_command_handles_detailed_stats_with_empty_database)
Before Test Method Called (Tests\Feature\Console\Commands\StatsCommandTest::setUp)
Before Test Method Finished:
- Tests\Feature\Console\Commands\StatsCommandTest::setUp
Test Prepared (Tests\Feature\Console\Commands\StatsCommandTest::stats_command_handles_detailed_stats_with_empty_database)
After Test Method Called (Tests\Feature\Console\Commands\StatsCommandTest::tearDown)
After Test Method Finished:
- Tests\Feature\Console\Commands\StatsCommandTest::tearDown
Test Passed (Tests\Feature\Console\Commands\StatsCommandTest::stats_command_handles_detailed_stats_with_empty_database)
Test Finished (Tests\Feature\Console\Commands\StatsCommandTest::stats_command_handles_detailed_stats_with_empty_database)
Test Preparation Started (Tests\Feature\Console\Commands\StatsCommandTest::stats_command_displays_recent_activity)
Before Test Method Called (Tests\Feature\Console\Commands\StatsCommandTest::setUp)
Before Test Method Finished:
- Tests\Feature\Console\Commands\StatsCommandTest::setUp
Test Prepared (Tests\Feature\Console\Commands\StatsCommandTest::stats_command_displays_recent_activity)
After Test Method Called (Tests\Feature\Console\Commands\StatsCommandTest::tearDown)
After Test Method Finished:
- Tests\Feature\Console\Commands\StatsCommandTest::tearDown
Test Passed (Tests\Feature\Console\Commands\StatsCommandTest::stats_command_displays_recent_activity)
Test Finished (Tests\Feature\Console\Commands\StatsCommandTest::stats_command_displays_recent_activity)
Test Preparation Started (Tests\Feature\Console\Commands\StatsCommandTest::stats_command_displays_top_categories)
Before Test Method Called (Tests\Feature\Console\Commands\StatsCommandTest::setUp)
Before Test Method Finished:
- Tests\Feature\Console\Commands\StatsCommandTest::setUp
Test Prepared (Tests\Feature\Console\Commands\StatsCommandTest::stats_command_displays_top_categories)
After Test Method Called (Tests\Feature\Console\Commands\StatsCommandTest::tearDown)
After Test Method Finished:
- Tests\Feature\Console\Commands\StatsCommandTest::tearDown
Test Passed (Tests\Feature\Console\Commands\StatsCommandTest::stats_command_displays_top_categories)
Test Finished (Tests\Feature\Console\Commands\StatsCommandTest::stats_command_displays_top_categories)
After Last Test Method Called (Tests\Feature\Console\Commands\StatsCommandTest::tearDownAfterClass)
After Last Test Method Finished:
- Tests\Feature\Console\Commands\StatsCommandTest::tearDownAfterClass
Test Suite Finished (Tests\Feature\Console\Commands\StatsCommandTest, 8 tests)
Test Suite Started (Tests\Feature\Console\Commands\UpdatePricesCommandTest, 4 tests)
Test Preparation Started (Tests\Feature\Console\Commands\UpdatePricesCommandTest::update_prices_command_runs_successfully)
Before Test Method Called (Tests\Feature\Console\Commands\UpdatePricesCommandTest::setUp)
Before Test Method Finished:
- Tests\Feature\Console\Commands\UpdatePricesCommandTest::setUp
Test Prepared (Tests\Feature\Console\Commands\UpdatePricesCommandTest::update_prices_command_runs_successfully)
After Test Method Called (Tests\Feature\Console\Commands\UpdatePricesCommandTest::tearDown)
After Test Method Finished:
- Tests\Feature\Console\Commands\UpdatePricesCommandTest::tearDown
Test Passed (Tests\Feature\Console\Commands\UpdatePricesCommandTest::update_prices_command_runs_successfully)
Test Finished (Tests\Feature\Console\Commands\UpdatePricesCommandTest::update_prices_command_runs_successfully)
Test Preparation Started (Tests\Feature\Console\Commands\UpdatePricesCommandTest::update_prices_command_runs_in_dry_run_mode)
Before Test Method Called (Tests\Feature\Console\Commands\UpdatePricesCommandTest::setUp)
Before Test Method Finished:
- Tests\Feature\Console\Commands\UpdatePricesCommandTest::setUp
Test Prepared (Tests\Feature\Console\Commands\UpdatePricesCommandTest::update_prices_command_runs_in_dry_run_mode)
After Test Method Called (Tests\Feature\Console\Commands\UpdatePricesCommandTest::tearDown)
After Test Method Finished:
- Tests\Feature\Console\Commands\UpdatePricesCommandTest::tearDown
Test Passed (Tests\Feature\Console\Commands\UpdatePricesCommandTest::update_prices_command_runs_in_dry_run_mode)
Test Finished (Tests\Feature\Console\Commands\UpdatePricesCommandTest::update_prices_command_runs_in_dry_run_mode)
Test Preparation Started (Tests\Feature\Console\Commands\UpdatePricesCommandTest::update_prices_command_filters_by_store)
Before Test Method Called (Tests\Feature\Console\Commands\UpdatePricesCommandTest::setUp)
Before Test Method Finished:
- Tests\Feature\Console\Commands\UpdatePricesCommandTest::setUp
Test Prepared (Tests\Feature\Console\Commands\UpdatePricesCommandTest::update_prices_command_filters_by_store)
After Test Method Called (Tests\Feature\Console\Commands\UpdatePricesCommandTest::tearDown)
After Test Method Finished:
- Tests\Feature\Console\Commands\UpdatePricesCommandTest::tearDown
Test Passed (Tests\Feature\Console\Commands\UpdatePricesCommandTest::update_prices_command_filters_by_store)
Test Finished (Tests\Feature\Console\Commands\UpdatePricesCommandTest::update_prices_command_filters_by_store)
Test Preparation Started (Tests\Feature\Console\Commands\UpdatePricesCommandTest::update_prices_command_filters_by_product)
Before Test Method Called (Tests\Feature\Console\Commands\UpdatePricesCommandTest::setUp)
Before Test Method Finished:
- Tests\Feature\Console\Commands\UpdatePricesCommandTest::setUp
Test Prepared (Tests\Feature\Console\Commands\UpdatePricesCommandTest::update_prices_command_filters_by_product)
After Test Method Called (Tests\Feature\Console\Commands\UpdatePricesCommandTest::tearDown)
After Test Method Finished:
- Tests\Feature\Console\Commands\UpdatePricesCommandTest::tearDown
Test Passed (Tests\Feature\Console\Commands\UpdatePricesCommandTest::update_prices_command_filters_by_product)
Test Finished (Tests\Feature\Console\Commands\UpdatePricesCommandTest::update_prices_command_filters_by_product)
After Last Test Method Called (Tests\Feature\Console\Commands\UpdatePricesCommandTest::tearDownAfterClass)
After Last Test Method Finished:
- Tests\Feature\Console\Commands\UpdatePricesCommandTest::tearDownAfterClass
Test Suite Finished (Tests\Feature\Console\Commands\UpdatePricesCommandTest, 4 tests)
Test Suite Started (Tests\Feature\DatabaseConnectionTest, 3 tests)
Test Preparation Started (Tests\Feature\DatabaseConnectionTest::test_basic_functionality)
Before Test Method Called (Tests\Feature\DatabaseConnectionTest::setUp)
Before Test Method Finished:
- Tests\Feature\DatabaseConnectionTest::setUp
Test Prepared (Tests\Feature\DatabaseConnectionTest::test_basic_functionality)
After Test Method Called (Tests\Feature\DatabaseConnectionTest::tearDown)
After Test Method Finished:
- Tests\Feature\DatabaseConnectionTest::tearDown
Test Passed (Tests\Feature\DatabaseConnectionTest::test_basic_functionality)
Test Finished (Tests\Feature\DatabaseConnectionTest::test_basic_functionality)
Test Preparation Started (Tests\Feature\DatabaseConnectionTest::test_expected_behavior)
Before Test Method Called (Tests\Feature\DatabaseConnectionTest::setUp)
Before Test Method Finished:
- Tests\Feature\DatabaseConnectionTest::setUp
Test Prepared (Tests\Feature\DatabaseConnectionTest::test_expected_behavior)
After Test Method Called (Tests\Feature\DatabaseConnectionTest::tearDown)
After Test Method Finished:
- Tests\Feature\DatabaseConnectionTest::tearDown
Test Passed (Tests\Feature\DatabaseConnectionTest::test_expected_behavior)
Test Finished (Tests\Feature\DatabaseConnectionTest::test_expected_behavior)
Test Preparation Started (Tests\Feature\DatabaseConnectionTest::test_validation)
Before Test Method Called (Tests\Feature\DatabaseConnectionTest::setUp)
Before Test Method Finished:
- Tests\Feature\DatabaseConnectionTest::setUp
Test Prepared (Tests\Feature\DatabaseConnectionTest::test_validation)
After Test Method Called (Tests\Feature\DatabaseConnectionTest::tearDown)
After Test Method Finished:
- Tests\Feature\DatabaseConnectionTest::tearDown
Test Passed (Tests\Feature\DatabaseConnectionTest::test_validation)
Test Finished (Tests\Feature\DatabaseConnectionTest::test_validation)
After Last Test Method Called (Tests\Feature\DatabaseConnectionTest::tearDownAfterClass)
After Last Test Method Finished:
- Tests\Feature\DatabaseConnectionTest::tearDownAfterClass
Test Suite Finished (Tests\Feature\DatabaseConnectionTest, 3 tests)
Test Suite Started (Tests\Feature\DatabaseMigrationTest, 3 tests)
Test Preparation Started (Tests\Feature\DatabaseMigrationTest::test_basic_functionality)
Before Test Method Called (Tests\Feature\DatabaseMigrationTest::setUp)
Before Test Method Finished:
- Tests\Feature\DatabaseMigrationTest::setUp
Test Prepared (Tests\Feature\DatabaseMigrationTest::test_basic_functionality)
After Test Method Called (Tests\Feature\DatabaseMigrationTest::tearDown)
After Test Method Finished:
- Tests\Feature\DatabaseMigrationTest::tearDown
Test Passed (Tests\Feature\DatabaseMigrationTest::test_basic_functionality)
Test Finished (Tests\Feature\DatabaseMigrationTest::test_basic_functionality)
Test Preparation Started (Tests\Feature\DatabaseMigrationTest::test_expected_behavior)
Before Test Method Called (Tests\Feature\DatabaseMigrationTest::setUp)
Before Test Method Finished:
- Tests\Feature\DatabaseMigrationTest::setUp
Test Prepared (Tests\Feature\DatabaseMigrationTest::test_expected_behavior)
After Test Method Called (Tests\Feature\DatabaseMigrationTest::tearDown)
After Test Method Finished:
- Tests\Feature\DatabaseMigrationTest::tearDown
Test Passed (Tests\Feature\DatabaseMigrationTest::test_expected_behavior)
Test Finished (Tests\Feature\DatabaseMigrationTest::test_expected_behavior)
Test Preparation Started (Tests\Feature\DatabaseMigrationTest::test_validation)
Before Test Method Called (Tests\Feature\DatabaseMigrationTest::setUp)
Before Test Method Finished:
- Tests\Feature\DatabaseMigrationTest::setUp
Test Prepared (Tests\Feature\DatabaseMigrationTest::test_validation)
After Test Method Called (Tests\Feature\DatabaseMigrationTest::tearDown)
After Test Method Finished:
- Tests\Feature\DatabaseMigrationTest::tearDown
Test Passed (Tests\Feature\DatabaseMigrationTest::test_validation)
Test Finished (Tests\Feature\DatabaseMigrationTest::test_validation)
After Last Test Method Called (Tests\Feature\DatabaseMigrationTest::tearDownAfterClass)
After Last Test Method Finished:
- Tests\Feature\DatabaseMigrationTest::tearDownAfterClass
Test Suite Finished (Tests\Feature\DatabaseMigrationTest, 3 tests)
Test Suite Started (Tests\Feature\E2E\AuthenticationFlowTest, 7 tests)
Test Preparation Started (Tests\Feature\E2E\AuthenticationFlowTest::test_complete_registration_flow)
Before Test Method Called (Tests\Feature\E2E\AuthenticationFlowTest::setUp)
Before Test Method Finished:
- Tests\Feature\E2E\AuthenticationFlowTest::setUp
Test Prepared (Tests\Feature\E2E\AuthenticationFlowTest::test_complete_registration_flow)
After Test Method Called (Tests\Feature\E2E\AuthenticationFlowTest::tearDown)
After Test Method Finished:
- Tests\Feature\E2E\AuthenticationFlowTest::tearDown
Test Passed (Tests\Feature\E2E\AuthenticationFlowTest::test_complete_registration_flow)
Test Finished (Tests\Feature\E2E\AuthenticationFlowTest::test_complete_registration_flow)
Test Preparation Started (Tests\Feature\E2E\AuthenticationFlowTest::test_complete_login_flow)
Before Test Method Called (Tests\Feature\E2E\AuthenticationFlowTest::setUp)
Before Test Method Finished:
- Tests\Feature\E2E\AuthenticationFlowTest::setUp
Test Prepared (Tests\Feature\E2E\AuthenticationFlowTest::test_complete_login_flow)
After Test Method Called (Tests\Feature\E2E\AuthenticationFlowTest::tearDown)
After Test Method Finished:
- Tests\Feature\E2E\AuthenticationFlowTest::tearDown
Test Passed (Tests\Feature\E2E\AuthenticationFlowTest::test_complete_login_flow)
Test Finished (Tests\Feature\E2E\AuthenticationFlowTest::test_complete_login_flow)
Test Preparation Started (Tests\Feature\E2E\AuthenticationFlowTest::test_complete_logout_flow)
Before Test Method Called (Tests\Feature\E2E\AuthenticationFlowTest::setUp)
Before Test Method Finished:
- Tests\Feature\E2E\AuthenticationFlowTest::setUp
Test Prepared (Tests\Feature\E2E\AuthenticationFlowTest::test_complete_logout_flow)
After Test Method Called (Tests\Feature\E2E\AuthenticationFlowTest::tearDown)
After Test Method Finished:
- Tests\Feature\E2E\AuthenticationFlowTest::tearDown
Test Passed (Tests\Feature\E2E\AuthenticationFlowTest::test_complete_logout_flow)
Test Finished (Tests\Feature\E2E\AuthenticationFlowTest::test_complete_logout_flow)
Test Preparation Started (Tests\Feature\E2E\AuthenticationFlowTest::test_complete_password_reset_flow)
Before Test Method Called (Tests\Feature\E2E\AuthenticationFlowTest::setUp)
Before Test Method Finished:
- Tests\Feature\E2E\AuthenticationFlowTest::setUp
Test Prepared (Tests\Feature\E2E\AuthenticationFlowTest::test_complete_password_reset_flow)
After Test Method Called (Tests\Feature\E2E\AuthenticationFlowTest::tearDown)
After Test Method Finished:
- Tests\Feature\E2E\AuthenticationFlowTest::tearDown
Test Passed (Tests\Feature\E2E\AuthenticationFlowTest::test_complete_password_reset_flow)
Test Finished (Tests\Feature\E2E\AuthenticationFlowTest::test_complete_password_reset_flow)
Test Preparation Started (Tests\Feature\E2E\AuthenticationFlowTest::test_rate_limiting_on_login)
Before Test Method Called (Tests\Feature\E2E\AuthenticationFlowTest::setUp)
Before Test Method Finished:
- Tests\Feature\E2E\AuthenticationFlowTest::setUp
Test Prepared (Tests\Feature\E2E\AuthenticationFlowTest::test_rate_limiting_on_login)
After Test Method Called (Tests\Feature\E2E\AuthenticationFlowTest::tearDown)
After Test Method Finished:
- Tests\Feature\E2E\AuthenticationFlowTest::tearDown
Test Passed (Tests\Feature\E2E\AuthenticationFlowTest::test_rate_limiting_on_login)
Test Finished (Tests\Feature\E2E\AuthenticationFlowTest::test_rate_limiting_on_login)
Test Preparation Started (Tests\Feature\E2E\AuthenticationFlowTest::test_authenticated_user_cannot_access_login_page)
Before Test Method Called (Tests\Feature\E2E\AuthenticationFlowTest::setUp)
Before Test Method Finished:
- Tests\Feature\E2E\AuthenticationFlowTest::setUp
Test Prepared (Tests\Feature\E2E\AuthenticationFlowTest::test_authenticated_user_cannot_access_login_page)
After Test Method Called (Tests\Feature\E2E\AuthenticationFlowTest::tearDown)
After Test Method Finished:
- Tests\Feature\E2E\AuthenticationFlowTest::tearDown
Test Passed (Tests\Feature\E2E\AuthenticationFlowTest::test_authenticated_user_cannot_access_login_page)
Test Finished (Tests\Feature\E2E\AuthenticationFlowTest::test_authenticated_user_cannot_access_login_page)
Test Preparation Started (Tests\Feature\E2E\AuthenticationFlowTest::test_guest_cannot_access_dashboard)
Before Test Method Called (Tests\Feature\E2E\AuthenticationFlowTest::setUp)
Before Test Method Finished:
- Tests\Feature\E2E\AuthenticationFlowTest::setUp
Test Prepared (Tests\Feature\E2E\AuthenticationFlowTest::test_guest_cannot_access_dashboard)
After Test Method Called (Tests\Feature\E2E\AuthenticationFlowTest::tearDown)
After Test Method Finished:
- Tests\Feature\E2E\AuthenticationFlowTest::tearDown
Test Passed (Tests\Feature\E2E\AuthenticationFlowTest::test_guest_cannot_access_dashboard)
Test Finished (Tests\Feature\E2E\AuthenticationFlowTest::test_guest_cannot_access_dashboard)
After Last Test Method Called (Tests\Feature\E2E\AuthenticationFlowTest::tearDownAfterClass)
After Last Test Method Finished:
- Tests\Feature\E2E\AuthenticationFlowTest::tearDownAfterClass
Test Suite Finished (Tests\Feature\E2E\AuthenticationFlowTest, 7 tests)
Test Suite Started (Tests\Feature\E2E\OrderFlowTest, 6 tests)
Test Preparation Started (Tests\Feature\E2E\OrderFlowTest::test_complete_order_creation_flow)
Before Test Method Called (Tests\Feature\E2E\OrderFlowTest::setUp)
Before Test Method Finished:
- Tests\Feature\E2E\OrderFlowTest::setUp
Test Prepared (Tests\Feature\E2E\OrderFlowTest::test_complete_order_creation_flow)
After Test Method Called (Tests\Feature\E2E\OrderFlowTest::tearDown)
After Test Method Finished:
- Tests\Feature\E2E\OrderFlowTest::tearDown
Test Passed (Tests\Feature\E2E\OrderFlowTest::test_complete_order_creation_flow)
Test Finished (Tests\Feature\E2E\OrderFlowTest::test_complete_order_creation_flow)
Test Preparation Started (Tests\Feature\E2E\OrderFlowTest::test_complete_order_status_update_flow)
Before Test Method Called (Tests\Feature\E2E\OrderFlowTest::setUp)
Before Test Method Finished:
- Tests\Feature\E2E\OrderFlowTest::setUp
Test Prepared (Tests\Feature\E2E\OrderFlowTest::test_complete_order_status_update_flow)
After Test Method Called (Tests\Feature\E2E\OrderFlowTest::tearDown)
After Test Method Finished:
- Tests\Feature\E2E\OrderFlowTest::tearDown
Test Passed (Tests\Feature\E2E\OrderFlowTest::test_complete_order_status_update_flow)
Test Finished (Tests\Feature\E2E\OrderFlowTest::test_complete_order_status_update_flow)
Test Preparation Started (Tests\Feature\E2E\OrderFlowTest::test_order_cancellation_flow)
Before Test Method Called (Tests\Feature\E2E\OrderFlowTest::setUp)
Before Test Method Finished:
- Tests\Feature\E2E\OrderFlowTest::setUp
Test Prepared (Tests\Feature\E2E\OrderFlowTest::test_order_cancellation_flow)
After Test Method Called (Tests\Feature\E2E\OrderFlowTest::tearDown)
After Test Method Finished:
- Tests\Feature\E2E\OrderFlowTest::tearDown
Test Passed (Tests\Feature\E2E\OrderFlowTest::test_order_cancellation_flow)
Test Finished (Tests\Feature\E2E\OrderFlowTest::test_order_cancellation_flow)
Test Preparation Started (Tests\Feature\E2E\OrderFlowTest::test_cannot_cancel_shipped_order)
Before Test Method Called (Tests\Feature\E2E\OrderFlowTest::setUp)
Before Test Method Finished:
- Tests\Feature\E2E\OrderFlowTest::setUp
Test Prepared (Tests\Feature\E2E\OrderFlowTest::test_cannot_cancel_shipped_order)
After Test Method Called (Tests\Feature\E2E\OrderFlowTest::tearDown)
After Test Method Finished:
- Tests\Feature\E2E\OrderFlowTest::tearDown
Test Passed (Tests\Feature\E2E\OrderFlowTest::test_cannot_cancel_shipped_order)
Test Finished (Tests\Feature\E2E\OrderFlowTest::test_cannot_cancel_shipped_order)
Test Preparation Started (Tests\Feature\E2E\OrderFlowTest::test_user_can_view_order_history)
Before Test Method Called (Tests\Feature\E2E\OrderFlowTest::setUp)
Before Test Method Finished:
- Tests\Feature\E2E\OrderFlowTest::setUp
Test Prepared (Tests\Feature\E2E\OrderFlowTest::test_user_can_view_order_history)
After Test Method Called (Tests\Feature\E2E\OrderFlowTest::tearDown)
After Test Method Finished:
- Tests\Feature\E2E\OrderFlowTest::tearDown
Test Passed (Tests\Feature\E2E\OrderFlowTest::test_user_can_view_order_history)
Test Finished (Tests\Feature\E2E\OrderFlowTest::test_user_can_view_order_history)
Test Preparation Started (Tests\Feature\E2E\OrderFlowTest::test_user_cannot_view_other_users_orders)
Before Test Method Called (Tests\Feature\E2E\OrderFlowTest::setUp)
Before Test Method Finished:
- Tests\Feature\E2E\OrderFlowTest::setUp
Test Prepared (Tests\Feature\E2E\OrderFlowTest::test_user_cannot_view_other_users_orders)
After Test Method Called (Tests\Feature\E2E\OrderFlowTest::tearDown)
After Test Method Finished:
- Tests\Feature\E2E\OrderFlowTest::tearDown
Test Passed (Tests\Feature\E2E\OrderFlowTest::test_user_cannot_view_other_users_orders)
Test Finished (Tests\Feature\E2E\OrderFlowTest::test_user_cannot_view_other_users_orders)
After Last Test Method Called (Tests\Feature\E2E\OrderFlowTest::tearDownAfterClass)
After Last Test Method Finished:
- Tests\Feature\E2E\OrderFlowTest::tearDownAfterClass
Test Suite Finished (Tests\Feature\E2E\OrderFlowTest, 6 tests)
Test Suite Started (Tests\Feature\EmailSendingTest, 3 tests)
Test Preparation Started (Tests\Feature\EmailSendingTest::test_basic_functionality)
Before Test Method Called (Tests\Feature\EmailSendingTest::setUp)
Before Test Method Finished:
- Tests\Feature\EmailSendingTest::setUp
Test Prepared (Tests\Feature\EmailSendingTest::test_basic_functionality)
After Test Method Called (Tests\Feature\EmailSendingTest::tearDown)
After Test Method Finished:
- Tests\Feature\EmailSendingTest::tearDown
Test Passed (Tests\Feature\EmailSendingTest::test_basic_functionality)
Test Finished (Tests\Feature\EmailSendingTest::test_basic_functionality)
Test Preparation Started (Tests\Feature\EmailSendingTest::test_expected_behavior)
Before Test Method Called (Tests\Feature\EmailSendingTest::setUp)
Before Test Method Finished:
- Tests\Feature\EmailSendingTest::setUp
Test Prepared (Tests\Feature\EmailSendingTest::test_expected_behavior)
After Test Method Called (Tests\Feature\EmailSendingTest::tearDown)
After Test Method Finished:
- Tests\Feature\EmailSendingTest::tearDown
Test Passed (Tests\Feature\EmailSendingTest::test_expected_behavior)
Test Finished (Tests\Feature\EmailSendingTest::test_expected_behavior)
Test Preparation Started (Tests\Feature\EmailSendingTest::test_validation)
Before Test Method Called (Tests\Feature\EmailSendingTest::setUp)
Before Test Method Finished:
- Tests\Feature\EmailSendingTest::setUp
Test Prepared (Tests\Feature\EmailSendingTest::test_validation)
After Test Method Called (Tests\Feature\EmailSendingTest::tearDown)
After Test Method Finished:
- Tests\Feature\EmailSendingTest::tearDown
Test Passed (Tests\Feature\EmailSendingTest::test_validation)
Test Finished (Tests\Feature\EmailSendingTest::test_validation)
After Last Test Method Called (Tests\Feature\EmailSendingTest::tearDownAfterClass)
After Last Test Method Finished:
- Tests\Feature\EmailSendingTest::tearDownAfterClass
Test Suite Finished (Tests\Feature\EmailSendingTest, 3 tests)
Test Suite Started (Tests\Feature\FeatureTest, 2 tests)
Test Preparation Started (Tests\Feature\FeatureTest::test_feature_basic_functionality)
Before Test Method Called (Tests\Feature\FeatureTest::setUp)
Before Test Method Finished:
- Tests\Feature\FeatureTest::setUp
Test Prepared (Tests\Feature\FeatureTest::test_feature_basic_functionality)
After Test Method Called (Tests\Feature\FeatureTest::tearDown)
After Test Method Finished:
- Tests\Feature\FeatureTest::tearDown
Test Passed (Tests\Feature\FeatureTest::test_feature_basic_functionality)
Test Finished (Tests\Feature\FeatureTest::test_feature_basic_functionality)
Test Preparation Started (Tests\Feature\FeatureTest::test_feature_expected_behavior)
Before Test Method Called (Tests\Feature\FeatureTest::setUp)
Before Test Method Finished:
- Tests\Feature\FeatureTest::setUp
Test Prepared (Tests\Feature\FeatureTest::test_feature_expected_behavior)
After Test Method Called (Tests\Feature\FeatureTest::tearDown)
After Test Method Finished:
- Tests\Feature\FeatureTest::tearDown
Test Passed (Tests\Feature\FeatureTest::test_feature_expected_behavior)
Test Finished (Tests\Feature\FeatureTest::test_feature_expected_behavior)
After Last Test Method Called (Tests\Feature\FeatureTest::tearDownAfterClass)
After Last Test Method Finished:
- Tests\Feature\FeatureTest::tearDownAfterClass
Test Suite Finished (Tests\Feature\FeatureTest, 2 tests)
Test Suite Started (Tests\Feature\FileUploadTest, 3 tests)
Test Preparation Started (Tests\Feature\FileUploadTest::test_basic_functionality)
Before Test Method Called (Tests\Feature\FileUploadTest::setUp)
Before Test Method Finished:
- Tests\Feature\FileUploadTest::setUp
Test Prepared (Tests\Feature\FileUploadTest::test_basic_functionality)
After Test Method Called (Tests\Feature\FileUploadTest::tearDown)
After Test Method Finished:
- Tests\Feature\FileUploadTest::tearDown
Test Passed (Tests\Feature\FileUploadTest::test_basic_functionality)
Test Finished (Tests\Feature\FileUploadTest::test_basic_functionality)
Test Preparation Started (Tests\Feature\FileUploadTest::test_expected_behavior)
Before Test Method Called (Tests\Feature\FileUploadTest::setUp)
Before Test Method Finished:
- Tests\Feature\FileUploadTest::setUp
Test Prepared (Tests\Feature\FileUploadTest::test_expected_behavior)
After Test Method Called (Tests\Feature\FileUploadTest::tearDown)
After Test Method Finished:
- Tests\Feature\FileUploadTest::tearDown
Test Passed (Tests\Feature\FileUploadTest::test_expected_behavior)
Test Finished (Tests\Feature\FileUploadTest::test_expected_behavior)
Test Preparation Started (Tests\Feature\FileUploadTest::test_validation)
Before Test Method Called (Tests\Feature\FileUploadTest::setUp)
Before Test Method Finished:
- Tests\Feature\FileUploadTest::setUp
Test Prepared (Tests\Feature\FileUploadTest::test_validation)
After Test Method Called (Tests\Feature\FileUploadTest::tearDown)
After Test Method Finished:
- Tests\Feature\FileUploadTest::tearDown
Test Passed (Tests\Feature\FileUploadTest::test_validation)
Test Finished (Tests\Feature\FileUploadTest::test_validation)
After Last Test Method Called (Tests\Feature\FileUploadTest::tearDownAfterClass)
After Last Test Method Finished:
- Tests\Feature\FileUploadTest::tearDownAfterClass
Test Suite Finished (Tests\Feature\FileUploadTest, 3 tests)
Test Suite Started (Tests\Feature\FormValidationTest, 3 tests)
Test Preparation Started (Tests\Feature\FormValidationTest::test_basic_functionality)
Before Test Method Called (Tests\Feature\FormValidationTest::setUp)
Before Test Method Finished:
- Tests\Feature\FormValidationTest::setUp
Test Prepared (Tests\Feature\FormValidationTest::test_basic_functionality)
After Test Method Called (Tests\Feature\FormValidationTest::tearDown)
After Test Method Finished:
- Tests\Feature\FormValidationTest::tearDown
Test Passed (Tests\Feature\FormValidationTest::test_basic_functionality)
Test Finished (Tests\Feature\FormValidationTest::test_basic_functionality)
Test Preparation Started (Tests\Feature\FormValidationTest::test_expected_behavior)
Before Test Method Called (Tests\Feature\FormValidationTest::setUp)
Before Test Method Finished:
- Tests\Feature\FormValidationTest::setUp
Test Prepared (Tests\Feature\FormValidationTest::test_expected_behavior)
After Test Method Called (Tests\Feature\FormValidationTest::tearDown)
After Test Method Finished:
- Tests\Feature\FormValidationTest::tearDown
Test Passed (Tests\Feature\FormValidationTest::test_expected_behavior)
Test Finished (Tests\Feature\FormValidationTest::test_expected_behavior)
Test Preparation Started (Tests\Feature\FormValidationTest::test_validation)
Before Test Method Called (Tests\Feature\FormValidationTest::setUp)
Before Test Method Finished:
- Tests\Feature\FormValidationTest::setUp
Test Prepared (Tests\Feature\FormValidationTest::test_validation)
After Test Method Called (Tests\Feature\FormValidationTest::tearDown)
After Test Method Finished:
- Tests\Feature\FormValidationTest::tearDown
Test Passed (Tests\Feature\FormValidationTest::test_validation)
Test Finished (Tests\Feature\FormValidationTest::test_validation)
After Last Test Method Called (Tests\Feature\FormValidationTest::tearDownAfterClass)
After Last Test Method Finished:
- Tests\Feature\FormValidationTest::tearDownAfterClass
Test Suite Finished (Tests\Feature\FormValidationTest, 3 tests)
Test Suite Started (Tests\Feature\HostingerTest, 3 tests)
Test Preparation Started (Tests\Feature\HostingerTest::test_basic_functionality)
Before Test Method Called (Tests\Feature\HostingerTest::setUp)
Before Test Method Finished:
- Tests\Feature\HostingerTest::setUp
Test Prepared (Tests\Feature\HostingerTest::test_basic_functionality)
After Test Method Called (Tests\Feature\HostingerTest::tearDown)
After Test Method Finished:
- Tests\Feature\HostingerTest::tearDown
Test Passed (Tests\Feature\HostingerTest::test_basic_functionality)
Test Finished (Tests\Feature\HostingerTest::test_basic_functionality)
Test Preparation Started (Tests\Feature\HostingerTest::test_expected_behavior)
Before Test Method Called (Tests\Feature\HostingerTest::setUp)
Before Test Method Finished:
- Tests\Feature\HostingerTest::setUp
Test Prepared (Tests\Feature\HostingerTest::test_expected_behavior)
After Test Method Called (Tests\Feature\HostingerTest::tearDown)
After Test Method Finished:
- Tests\Feature\HostingerTest::tearDown
Test Passed (Tests\Feature\HostingerTest::test_expected_behavior)
Test Finished (Tests\Feature\HostingerTest::test_expected_behavior)
Test Preparation Started (Tests\Feature\HostingerTest::test_validation)
Before Test Method Called (Tests\Feature\HostingerTest::setUp)
Before Test Method Finished:
- Tests\Feature\HostingerTest::setUp
Test Prepared (Tests\Feature\HostingerTest::test_validation)
After Test Method Called (Tests\Feature\HostingerTest::tearDown)
After Test Method Finished:
- Tests\Feature\HostingerTest::tearDown
Test Passed (Tests\Feature\HostingerTest::test_validation)
Test Finished (Tests\Feature\HostingerTest::test_validation)
After Last Test Method Called (Tests\Feature\HostingerTest::tearDownAfterClass)
After Last Test Method Finished:
- Tests\Feature\HostingerTest::tearDownAfterClass
Test Suite Finished (Tests\Feature\HostingerTest, 3 tests)
Test Suite Started (Tests\Feature\Http\Controllers\AdminControllerTest, 3 tests)
Test Preparation Started (Tests\Feature\Http\Controllers\AdminControllerTest::it_can_display_admin_dashboard)
Before Test Method Called (Tests\Feature\Http\Controllers\AdminControllerTest::setUp)
Before Test Method Finished:
- Tests\Feature\Http\Controllers\AdminControllerTest::setUp
Test Prepared (Tests\Feature\Http\Controllers\AdminControllerTest::it_can_display_admin_dashboard)
After Test Method Called (Tests\Feature\Http\Controllers\AdminControllerTest::tearDown)
After Test Method Finished:
- Tests\Feature\Http\Controllers\AdminControllerTest::tearDown
Test Passed (Tests\Feature\Http\Controllers\AdminControllerTest::it_can_display_admin_dashboard)
Test Finished (Tests\Feature\Http\Controllers\AdminControllerTest::it_can_display_admin_dashboard)
Test Preparation Started (Tests\Feature\Http\Controllers\AdminControllerTest::it_redirects_non_admin_users_from_dashboard)
Before Test Method Called (Tests\Feature\Http\Controllers\AdminControllerTest::setUp)
Before Test Method Finished:
- Tests\Feature\Http\Controllers\AdminControllerTest::setUp
Test Prepared (Tests\Feature\Http\Controllers\AdminControllerTest::it_redirects_non_admin_users_from_dashboard)
After Test Method Called (Tests\Feature\Http\Controllers\AdminControllerTest::tearDown)
After Test Method Finished:
- Tests\Feature\Http\Controllers\AdminControllerTest::tearDown
Test Passed (Tests\Feature\Http\Controllers\AdminControllerTest::it_redirects_non_admin_users_from_dashboard)
Test Finished (Tests\Feature\Http\Controllers\AdminControllerTest::it_redirects_non_admin_users_from_dashboard)
Test Preparation Started (Tests\Feature\Http\Controllers\AdminControllerTest::it_can_display_users_management_page)
Before Test Method Called (Tests\Feature\Http\Controllers\AdminControllerTest::setUp)
Before Test Method Finished:
- Tests\Feature\Http\Controllers\AdminControllerTest::setUp
Test Prepared (Tests\Feature\Http\Controllers\AdminControllerTest::it_can_display_users_management_page)
After Test Method Called (Tests\Feature\Http\Controllers\AdminControllerTest::tearDown)
After Test Method Finished:
- Tests\Feature\Http\Controllers\AdminControllerTest::tearDown
Test Passed (Tests\Feature\Http\Controllers\AdminControllerTest::it_can_display_users_management_page)
Test Finished (Tests\Feature\Http\Controllers\AdminControllerTest::it_can_display_users_management_page)
After Last Test Method Called (Tests\Feature\Http\Controllers\AdminControllerTest::tearDownAfterClass)
After Last Test Method Finished:
- Tests\Feature\Http\Controllers\AdminControllerTest::tearDownAfterClass
Test Suite Finished (Tests\Feature\Http\Controllers\AdminControllerTest, 3 tests)
Test Suite Started (Tests\Feature\Http\Controllers\Api\Admin\BrandControllerTest, 14 tests)
Test Preparation Started (Tests\Feature\Http\Controllers\Api\Admin\BrandControllerTest::test_can_list_brands)
Before Test Method Called (Tests\Feature\Http\Controllers\Api\Admin\BrandControllerTest::setUp)
Before Test Method Finished:
- Tests\Feature\Http\Controllers\Api\Admin\BrandControllerTest::setUp
Test Prepared (Tests\Feature\Http\Controllers\Api\Admin\BrandControllerTest::test_can_list_brands)
After Test Method Called (Tests\Feature\Http\Controllers\Api\Admin\BrandControllerTest::tearDown)
After Test Method Finished:
- Tests\Feature\Http\Controllers\Api\Admin\BrandControllerTest::tearDown
Test Passed (Tests\Feature\Http\Controllers\Api\Admin\BrandControllerTest::test_can_list_brands)
Test Finished (Tests\Feature\Http\Controllers\Api\Admin\BrandControllerTest::test_can_list_brands)
Test Preparation Started (Tests\Feature\Http\Controllers\Api\Admin\BrandControllerTest::test_requires_admin_authentication_to_list_brands)
Before Test Method Called (Tests\Feature\Http\Controllers\Api\Admin\BrandControllerTest::setUp)
Before Test Method Finished:
- Tests\Feature\Http\Controllers\Api\Admin\BrandControllerTest::setUp
Test Prepared (Tests\Feature\Http\Controllers\Api\Admin\BrandControllerTest::test_requires_admin_authentication_to_list_brands)
After Test Method Called (Tests\Feature\Http\Controllers\Api\Admin\BrandControllerTest::tearDown)
After Test Method Finished:
- Tests\Feature\Http\Controllers\Api\Admin\BrandControllerTest::tearDown
Test Passed (Tests\Feature\Http\Controllers\Api\Admin\BrandControllerTest::test_requires_admin_authentication_to_list_brands)
Test Finished (Tests\Feature\Http\Controllers\Api\Admin\BrandControllerTest::test_requires_admin_authentication_to_list_brands)
Test Preparation Started (Tests\Feature\Http\Controllers\Api\Admin\BrandControllerTest::test_requires_admin_role_to_list_brands)
Before Test Method Called (Tests\Feature\Http\Controllers\Api\Admin\BrandControllerTest::setUp)
Before Test Method Finished:
- Tests\Feature\Http\Controllers\Api\Admin\BrandControllerTest::setUp
Test Prepared (Tests\Feature\Http\Controllers\Api\Admin\BrandControllerTest::test_requires_admin_role_to_list_brands)
After Test Method Called (Tests\Feature\Http\Controllers\Api\Admin\BrandControllerTest::tearDown)
After Test Method Finished:
- Tests\Feature\Http\Controllers\Api\Admin\BrandControllerTest::tearDown
Test Passed (Tests\Feature\Http\Controllers\Api\Admin\BrandControllerTest::test_requires_admin_role_to_list_brands)
Test Finished (Tests\Feature\Http\Controllers\Api\Admin\BrandControllerTest::test_requires_admin_role_to_list_brands)
Test Preparation Started (Tests\Feature\Http\Controllers\Api\Admin\BrandControllerTest::test_can_show_specific_brand)
Before Test Method Called (Tests\Feature\Http\Controllers\Api\Admin\BrandControllerTest::setUp)
Before Test Method Finished:
- Tests\Feature\Http\Controllers\Api\Admin\BrandControllerTest::setUp
Test Prepared (Tests\Feature\Http\Controllers\Api\Admin\BrandControllerTest::test_can_show_specific_brand)
After Test Method Called (Tests\Feature\Http\Controllers\Api\Admin\BrandControllerTest::tearDown)
After Test Method Finished:
- Tests\Feature\Http\Controllers\Api\Admin\BrandControllerTest::tearDown
Test Passed (Tests\Feature\Http\Controllers\Api\Admin\BrandControllerTest::test_can_show_specific_brand)
Test Finished (Tests\Feature\Http\Controllers\Api\Admin\BrandControllerTest::test_can_show_specific_brand)
Test Preparation Started (Tests\Feature\Http\Controllers\Api\Admin\BrandControllerTest::test_returns_404_for_nonexistent_brand)
Before Test Method Called (Tests\Feature\Http\Controllers\Api\Admin\BrandControllerTest::setUp)
Before Test Method Finished:
- Tests\Feature\Http\Controllers\Api\Admin\BrandControllerTest::setUp
Test Prepared (Tests\Feature\Http\Controllers\Api\Admin\BrandControllerTest::test_returns_404_for_nonexistent_brand)
After Test Method Called (Tests\Feature\Http\Controllers\Api\Admin\BrandControllerTest::tearDown)
After Test Method Finished:
- Tests\Feature\Http\Controllers\Api\Admin\BrandControllerTest::tearDown
Test Passed (Tests\Feature\Http\Controllers\Api\Admin\BrandControllerTest::test_returns_404_for_nonexistent_brand)
Test Finished (Tests\Feature\Http\Controllers\Api\Admin\BrandControllerTest::test_returns_404_for_nonexistent_brand)
Test Preparation Started (Tests\Feature\Http\Controllers\Api\Admin\BrandControllerTest::test_can_create_brand)
Before Test Method Called (Tests\Feature\Http\Controllers\Api\Admin\BrandControllerTest::setUp)
Before Test Method Finished:
- Tests\Feature\Http\Controllers\Api\Admin\BrandControllerTest::setUp
Test Prepared (Tests\Feature\Http\Controllers\Api\Admin\BrandControllerTest::test_can_create_brand)
After Test Method Called (Tests\Feature\Http\Controllers\Api\Admin\BrandControllerTest::tearDown)
After Test Method Finished:
- Tests\Feature\Http\Controllers\Api\Admin\BrandControllerTest::tearDown
Test Passed (Tests\Feature\Http\Controllers\Api\Admin\BrandControllerTest::test_can_create_brand)
Test Finished (Tests\Feature\Http\Controllers\Api\Admin\BrandControllerTest::test_can_create_brand)
Test Preparation Started (Tests\Feature\Http\Controllers\Api\Admin\BrandControllerTest::test_validates_brand_creation_request)
Before Test Method Called (Tests\Feature\Http\Controllers\Api\Admin\BrandControllerTest::setUp)
Before Test Method Finished:
- Tests\Feature\Http\Controllers\Api\Admin\BrandControllerTest::setUp
Test Prepared (Tests\Feature\Http\Controllers\Api\Admin\BrandControllerTest::test_validates_brand_creation_request)
After Test Method Called (Tests\Feature\Http\Controllers\Api\Admin\BrandControllerTest::tearDown)
After Test Method Finished:
- Tests\Feature\Http\Controllers\Api\Admin\BrandControllerTest::tearDown
Test Passed (Tests\Feature\Http\Controllers\Api\Admin\BrandControllerTest::test_validates_brand_creation_request)
Test Finished (Tests\Feature\Http\Controllers\Api\Admin\BrandControllerTest::test_validates_brand_creation_request)
Test Preparation Started (Tests\Feature\Http\Controllers\Api\Admin\BrandControllerTest::test_requires_admin_authentication_to_create_brand)
Before Test Method Called (Tests\Feature\Http\Controllers\Api\Admin\BrandControllerTest::setUp)
Before Test Method Finished:
- Tests\Feature\Http\Controllers\Api\Admin\BrandControllerTest::setUp
Test Prepared (Tests\Feature\Http\Controllers\Api\Admin\BrandControllerTest::test_requires_admin_authentication_to_create_brand)
After Test Method Called (Tests\Feature\Http\Controllers\Api\Admin\BrandControllerTest::tearDown)
After Test Method Finished:
- Tests\Feature\Http\Controllers\Api\Admin\BrandControllerTest::tearDown
Test Passed (Tests\Feature\Http\Controllers\Api\Admin\BrandControllerTest::test_requires_admin_authentication_to_create_brand)
Test Finished (Tests\Feature\Http\Controllers\Api\Admin\BrandControllerTest::test_requires_admin_authentication_to_create_brand)
Test Preparation Started (Tests\Feature\Http\Controllers\Api\Admin\BrandControllerTest::test_can_update_brand)
Before Test Method Called (Tests\Feature\Http\Controllers\Api\Admin\BrandControllerTest::setUp)
Before Test Method Finished:
- Tests\Feature\Http\Controllers\Api\Admin\BrandControllerTest::setUp
Test Prepared (Tests\Feature\Http\Controllers\Api\Admin\BrandControllerTest::test_can_update_brand)
After Test Method Called (Tests\Feature\Http\Controllers\Api\Admin\BrandControllerTest::tearDown)
After Test Method Finished:
- Tests\Feature\Http\Controllers\Api\Admin\BrandControllerTest::tearDown
Test Passed (Tests\Feature\Http\Controllers\Api\Admin\BrandControllerTest::test_can_update_brand)
Test Finished (Tests\Feature\Http\Controllers\Api\Admin\BrandControllerTest::test_can_update_brand)
Test Preparation Started (Tests\Feature\Http\Controllers\Api\Admin\BrandControllerTest::test_validates_brand_update_request)
Before Test Method Called (Tests\Feature\Http\Controllers\Api\Admin\BrandControllerTest::setUp)
Before Test Method Finished:
- Tests\Feature\Http\Controllers\Api\Admin\BrandControllerTest::setUp
Test Prepared (Tests\Feature\Http\Controllers\Api\Admin\BrandControllerTest::test_validates_brand_update_request)
After Test Method Called (Tests\Feature\Http\Controllers\Api\Admin\BrandControllerTest::tearDown)
After Test Method Finished:
- Tests\Feature\Http\Controllers\Api\Admin\BrandControllerTest::tearDown
Test Passed (Tests\Feature\Http\Controllers\Api\Admin\BrandControllerTest::test_validates_brand_update_request)
Test Finished (Tests\Feature\Http\Controllers\Api\Admin\BrandControllerTest::test_validates_brand_update_request)
Test Preparation Started (Tests\Feature\Http\Controllers\Api\Admin\BrandControllerTest::test_requires_admin_authentication_to_update_brand)
Before Test Method Called (Tests\Feature\Http\Controllers\Api\Admin\BrandControllerTest::setUp)
Before Test Method Finished:
- Tests\Feature\Http\Controllers\Api\Admin\BrandControllerTest::setUp
Test Prepared (Tests\Feature\Http\Controllers\Api\Admin\BrandControllerTest::test_requires_admin_authentication_to_update_brand)
After Test Method Called (Tests\Feature\Http\Controllers\Api\Admin\BrandControllerTest::tearDown)
After Test Method Finished:
- Tests\Feature\Http\Controllers\Api\Admin\BrandControllerTest::tearDown
Test Passed (Tests\Feature\Http\Controllers\Api\Admin\BrandControllerTest::test_requires_admin_authentication_to_update_brand)
Test Finished (Tests\Feature\Http\Controllers\Api\Admin\BrandControllerTest::test_requires_admin_authentication_to_update_brand)
Test Preparation Started (Tests\Feature\Http\Controllers\Api\Admin\BrandControllerTest::test_can_delete_brand)
Before Test Method Called (Tests\Feature\Http\Controllers\Api\Admin\BrandControllerTest::setUp)
Before Test Method Finished:
- Tests\Feature\Http\Controllers\Api\Admin\BrandControllerTest::setUp
Test Prepared (Tests\Feature\Http\Controllers\Api\Admin\BrandControllerTest::test_can_delete_brand)
After Test Method Called (Tests\Feature\Http\Controllers\Api\Admin\BrandControllerTest::tearDown)
After Test Method Finished:
- Tests\Feature\Http\Controllers\Api\Admin\BrandControllerTest::tearDown
Test Passed (Tests\Feature\Http\Controllers\Api\Admin\BrandControllerTest::test_can_delete_brand)
Test Finished (Tests\Feature\Http\Controllers\Api\Admin\BrandControllerTest::test_can_delete_brand)
Test Preparation Started (Tests\Feature\Http\Controllers\Api\Admin\BrandControllerTest::test_returns_404_when_deleting_nonexistent_brand)
Before Test Method Called (Tests\Feature\Http\Controllers\Api\Admin\BrandControllerTest::setUp)
Before Test Method Finished:
- Tests\Feature\Http\Controllers\Api\Admin\BrandControllerTest::setUp
Test Prepared (Tests\Feature\Http\Controllers\Api\Admin\BrandControllerTest::test_returns_404_when_deleting_nonexistent_brand)
After Test Method Called (Tests\Feature\Http\Controllers\Api\Admin\BrandControllerTest::tearDown)
After Test Method Finished:
- Tests\Feature\Http\Controllers\Api\Admin\BrandControllerTest::tearDown
Test Passed (Tests\Feature\Http\Controllers\Api\Admin\BrandControllerTest::test_returns_404_when_deleting_nonexistent_brand)
Test Finished (Tests\Feature\Http\Controllers\Api\Admin\BrandControllerTest::test_returns_404_when_deleting_nonexistent_brand)
Test Preparation Started (Tests\Feature\Http\Controllers\Api\Admin\BrandControllerTest::test_requires_admin_authentication_to_delete_brand)
Before Test Method Called (Tests\Feature\Http\Controllers\Api\Admin\BrandControllerTest::setUp)
Before Test Method Finished:
- Tests\Feature\Http\Controllers\Api\Admin\BrandControllerTest::setUp
Test Prepared (Tests\Feature\Http\Controllers\Api\Admin\BrandControllerTest::test_requires_admin_authentication_to_delete_brand)
After Test Method Called (Tests\Feature\Http\Controllers\Api\Admin\BrandControllerTest::tearDown)
After Test Method Finished:
- Tests\Feature\Http\Controllers\Api\Admin\BrandControllerTest::tearDown
Test Passed (Tests\Feature\Http\Controllers\Api\Admin\BrandControllerTest::test_requires_admin_authentication_to_delete_brand)
Test Finished (Tests\Feature\Http\Controllers\Api\Admin\BrandControllerTest::test_requires_admin_authentication_to_delete_brand)
After Last Test Method Called (Tests\Feature\Http\Controllers\Api\Admin\BrandControllerTest::tearDownAfterClass)
After Last Test Method Finished:
- Tests\Feature\Http\Controllers\Api\Admin\BrandControllerTest::tearDownAfterClass
Test Suite Finished (Tests\Feature\Http\Controllers\Api\Admin\BrandControllerTest, 14 tests)
Test Suite Started (Tests\Feature\Http\Controllers\Api\Admin\CategoryControllerTest, 14 tests)
Test Preparation Started (Tests\Feature\Http\Controllers\Api\Admin\CategoryControllerTest::test_can_list_categories)
Before Test Method Called (Tests\Feature\Http\Controllers\Api\Admin\CategoryControllerTest::setUp)
Before Test Method Finished:
- Tests\Feature\Http\Controllers\Api\Admin\CategoryControllerTest::setUp
Test Prepared (Tests\Feature\Http\Controllers\Api\Admin\CategoryControllerTest::test_can_list_categories)
After Test Method Called (Tests\Feature\Http\Controllers\Api\Admin\CategoryControllerTest::tearDown)
After Test Method Finished:
- Tests\Feature\Http\Controllers\Api\Admin\CategoryControllerTest::tearDown
Test Passed (Tests\Feature\Http\Controllers\Api\Admin\CategoryControllerTest::test_can_list_categories)
Test Finished (Tests\Feature\Http\Controllers\Api\Admin\CategoryControllerTest::test_can_list_categories)
Test Preparation Started (Tests\Feature\Http\Controllers\Api\Admin\CategoryControllerTest::test_requires_admin_authentication_to_list_categories)
Before Test Method Called (Tests\Feature\Http\Controllers\Api\Admin\CategoryControllerTest::setUp)
Before Test Method Finished:
- Tests\Feature\Http\Controllers\Api\Admin\CategoryControllerTest::setUp
Test Prepared (Tests\Feature\Http\Controllers\Api\Admin\CategoryControllerTest::test_requires_admin_authentication_to_list_categories)
After Test Method Called (Tests\Feature\Http\Controllers\Api\Admin\CategoryControllerTest::tearDown)
After Test Method Finished:
- Tests\Feature\Http\Controllers\Api\Admin\CategoryControllerTest::tearDown
Test Passed (Tests\Feature\Http\Controllers\Api\Admin\CategoryControllerTest::test_requires_admin_authentication_to_list_categories)
Test Finished (Tests\Feature\Http\Controllers\Api\Admin\CategoryControllerTest::test_requires_admin_authentication_to_list_categories)
Test Preparation Started (Tests\Feature\Http\Controllers\Api\Admin\CategoryControllerTest::test_requires_admin_role_to_list_categories)
Before Test Method Called (Tests\Feature\Http\Controllers\Api\Admin\CategoryControllerTest::setUp)
Before Test Method Finished:
- Tests\Feature\Http\Controllers\Api\Admin\CategoryControllerTest::setUp
Test Prepared (Tests\Feature\Http\Controllers\Api\Admin\CategoryControllerTest::test_requires_admin_role_to_list_categories)
After Test Method Called (Tests\Feature\Http\Controllers\Api\Admin\CategoryControllerTest::tearDown)
After Test Method Finished:
- Tests\Feature\Http\Controllers\Api\Admin\CategoryControllerTest::tearDown
Test Passed (Tests\Feature\Http\Controllers\Api\Admin\CategoryControllerTest::test_requires_admin_role_to_list_categories)
Test Finished (Tests\Feature\Http\Controllers\Api\Admin\CategoryControllerTest::test_requires_admin_role_to_list_categories)
Test Preparation Started (Tests\Feature\Http\Controllers\Api\Admin\CategoryControllerTest::test_can_show_specific_category)
Before Test Method Called (Tests\Feature\Http\Controllers\Api\Admin\CategoryControllerTest::setUp)
Before Test Method Finished:
- Tests\Feature\Http\Controllers\Api\Admin\CategoryControllerTest::setUp
Test Prepared (Tests\Feature\Http\Controllers\Api\Admin\CategoryControllerTest::test_can_show_specific_category)
After Test Method Called (Tests\Feature\Http\Controllers\Api\Admin\CategoryControllerTest::tearDown)
After Test Method Finished:
- Tests\Feature\Http\Controllers\Api\Admin\CategoryControllerTest::tearDown
Test Passed (Tests\Feature\Http\Controllers\Api\Admin\CategoryControllerTest::test_can_show_specific_category)
Test Finished (Tests\Feature\Http\Controllers\Api\Admin\CategoryControllerTest::test_can_show_specific_category)
Test Preparation Started (Tests\Feature\Http\Controllers\Api\Admin\CategoryControllerTest::test_returns_404_for_nonexistent_category)
Before Test Method Called (Tests\Feature\Http\Controllers\Api\Admin\CategoryControllerTest::setUp)
Before Test Method Finished:
- Tests\Feature\Http\Controllers\Api\Admin\CategoryControllerTest::setUp
Test Prepared (Tests\Feature\Http\Controllers\Api\Admin\CategoryControllerTest::test_returns_404_for_nonexistent_category)
After Test Method Called (Tests\Feature\Http\Controllers\Api\Admin\CategoryControllerTest::tearDown)
After Test Method Finished:
- Tests\Feature\Http\Controllers\Api\Admin\CategoryControllerTest::tearDown
Test Passed (Tests\Feature\Http\Controllers\Api\Admin\CategoryControllerTest::test_returns_404_for_nonexistent_category)
Test Finished (Tests\Feature\Http\Controllers\Api\Admin\CategoryControllerTest::test_returns_404_for_nonexistent_category)
Test Preparation Started (Tests\Feature\Http\Controllers\Api\Admin\CategoryControllerTest::test_can_create_category)
Before Test Method Called (Tests\Feature\Http\Controllers\Api\Admin\CategoryControllerTest::setUp)
Before Test Method Finished:
- Tests\Feature\Http\Controllers\Api\Admin\CategoryControllerTest::setUp
Test Prepared (Tests\Feature\Http\Controllers\Api\Admin\CategoryControllerTest::test_can_create_category)
After Test Method Called (Tests\Feature\Http\Controllers\Api\Admin\CategoryControllerTest::tearDown)
After Test Method Finished:
- Tests\Feature\Http\Controllers\Api\Admin\CategoryControllerTest::tearDown
Test Passed (Tests\Feature\Http\Controllers\Api\Admin\CategoryControllerTest::test_can_create_category)
Test Finished (Tests\Feature\Http\Controllers\Api\Admin\CategoryControllerTest::test_can_create_category)
Test Preparation Started (Tests\Feature\Http\Controllers\Api\Admin\CategoryControllerTest::test_validates_category_creation_request)
Before Test Method Called (Tests\Feature\Http\Controllers\Api\Admin\CategoryControllerTest::setUp)
Before Test Method Finished:
- Tests\Feature\Http\Controllers\Api\Admin\CategoryControllerTest::setUp
Test Prepared (Tests\Feature\Http\Controllers\Api\Admin\CategoryControllerTest::test_validates_category_creation_request)
After Test Method Called (Tests\Feature\Http\Controllers\Api\Admin\CategoryControllerTest::tearDown)
After Test Method Finished:
- Tests\Feature\Http\Controllers\Api\Admin\CategoryControllerTest::tearDown
Test Passed (Tests\Feature\Http\Controllers\Api\Admin\CategoryControllerTest::test_validates_category_creation_request)
Test Finished (Tests\Feature\Http\Controllers\Api\Admin\CategoryControllerTest::test_validates_category_creation_request)
Test Preparation Started (Tests\Feature\Http\Controllers\Api\Admin\CategoryControllerTest::test_requires_admin_authentication_to_create_category)
Before Test Method Called (Tests\Feature\Http\Controllers\Api\Admin\CategoryControllerTest::setUp)
Before Test Method Finished:
- Tests\Feature\Http\Controllers\Api\Admin\CategoryControllerTest::setUp
Test Prepared (Tests\Feature\Http\Controllers\Api\Admin\CategoryControllerTest::test_requires_admin_authentication_to_create_category)
After Test Method Called (Tests\Feature\Http\Controllers\Api\Admin\CategoryControllerTest::tearDown)
After Test Method Finished:
- Tests\Feature\Http\Controllers\Api\Admin\CategoryControllerTest::tearDown
Test Passed (Tests\Feature\Http\Controllers\Api\Admin\CategoryControllerTest::test_requires_admin_authentication_to_create_category)
Test Finished (Tests\Feature\Http\Controllers\Api\Admin\CategoryControllerTest::test_requires_admin_authentication_to_create_category)
Test Preparation Started (Tests\Feature\Http\Controllers\Api\Admin\CategoryControllerTest::test_can_update_category)
Before Test Method Called (Tests\Feature\Http\Controllers\Api\Admin\CategoryControllerTest::setUp)
Before Test Method Finished:
- Tests\Feature\Http\Controllers\Api\Admin\CategoryControllerTest::setUp
Test Prepared (Tests\Feature\Http\Controllers\Api\Admin\CategoryControllerTest::test_can_update_category)
After Test Method Called (Tests\Feature\Http\Controllers\Api\Admin\CategoryControllerTest::tearDown)
After Test Method Finished:
- Tests\Feature\Http\Controllers\Api\Admin\CategoryControllerTest::tearDown
Test Passed (Tests\Feature\Http\Controllers\Api\Admin\CategoryControllerTest::test_can_update_category)
Test Finished (Tests\Feature\Http\Controllers\Api\Admin\CategoryControllerTest::test_can_update_category)
Test Preparation Started (Tests\Feature\Http\Controllers\Api\Admin\CategoryControllerTest::test_validates_category_update_request)
Before Test Method Called (Tests\Feature\Http\Controllers\Api\Admin\CategoryControllerTest::setUp)
Before Test Method Finished:
- Tests\Feature\Http\Controllers\Api\Admin\CategoryControllerTest::setUp
Test Prepared (Tests\Feature\Http\Controllers\Api\Admin\CategoryControllerTest::test_validates_category_update_request)
After Test Method Called (Tests\Feature\Http\Controllers\Api\Admin\CategoryControllerTest::tearDown)
After Test Method Finished:
- Tests\Feature\Http\Controllers\Api\Admin\CategoryControllerTest::tearDown
Test Passed (Tests\Feature\Http\Controllers\Api\Admin\CategoryControllerTest::test_validates_category_update_request)
Test Finished (Tests\Feature\Http\Controllers\Api\Admin\CategoryControllerTest::test_validates_category_update_request)
Test Preparation Started (Tests\Feature\Http\Controllers\Api\Admin\CategoryControllerTest::test_requires_admin_authentication_to_update_category)
Before Test Method Called (Tests\Feature\Http\Controllers\Api\Admin\CategoryControllerTest::setUp)
Before Test Method Finished:
- Tests\Feature\Http\Controllers\Api\Admin\CategoryControllerTest::setUp
Test Prepared (Tests\Feature\Http\Controllers\Api\Admin\CategoryControllerTest::test_requires_admin_authentication_to_update_category)
After Test Method Called (Tests\Feature\Http\Controllers\Api\Admin\CategoryControllerTest::tearDown)
After Test Method Finished:
- Tests\Feature\Http\Controllers\Api\Admin\CategoryControllerTest::tearDown
Test Passed (Tests\Feature\Http\Controllers\Api\Admin\CategoryControllerTest::test_requires_admin_authentication_to_update_category)
Test Finished (Tests\Feature\Http\Controllers\Api\Admin\CategoryControllerTest::test_requires_admin_authentication_to_update_category)
Test Preparation Started (Tests\Feature\Http\Controllers\Api\Admin\CategoryControllerTest::test_can_delete_category)
Before Test Method Called (Tests\Feature\Http\Controllers\Api\Admin\CategoryControllerTest::setUp)
Before Test Method Finished:
- Tests\Feature\Http\Controllers\Api\Admin\CategoryControllerTest::setUp
Test Prepared (Tests\Feature\Http\Controllers\Api\Admin\CategoryControllerTest::test_can_delete_category)
After Test Method Called (Tests\Feature\Http\Controllers\Api\Admin\CategoryControllerTest::tearDown)
After Test Method Finished:
- Tests\Feature\Http\Controllers\Api\Admin\CategoryControllerTest::tearDown
Test Passed (Tests\Feature\Http\Controllers\Api\Admin\CategoryControllerTest::test_can_delete_category)
Test Finished (Tests\Feature\Http\Controllers\Api\Admin\CategoryControllerTest::test_can_delete_category)
Test Preparation Started (Tests\Feature\Http\Controllers\Api\Admin\CategoryControllerTest::test_returns_404_when_deleting_nonexistent_category)
Before Test Method Called (Tests\Feature\Http\Controllers\Api\Admin\CategoryControllerTest::setUp)
Before Test Method Finished:
- Tests\Feature\Http\Controllers\Api\Admin\CategoryControllerTest::setUp
Test Prepared (Tests\Feature\Http\Controllers\Api\Admin\CategoryControllerTest::test_returns_404_when_deleting_nonexistent_category)
After Test Method Called (Tests\Feature\Http\Controllers\Api\Admin\CategoryControllerTest::tearDown)
After Test Method Finished:
- Tests\Feature\Http\Controllers\Api\Admin\CategoryControllerTest::tearDown
Test Passed (Tests\Feature\Http\Controllers\Api\Admin\CategoryControllerTest::test_returns_404_when_deleting_nonexistent_category)
Test Finished (Tests\Feature\Http\Controllers\Api\Admin\CategoryControllerTest::test_returns_404_when_deleting_nonexistent_category)
Test Preparation Started (Tests\Feature\Http\Controllers\Api\Admin\CategoryControllerTest::test_requires_admin_authentication_to_delete_category)
Before Test Method Called (Tests\Feature\Http\Controllers\Api\Admin\CategoryControllerTest::setUp)
Before Test Method Finished:
- Tests\Feature\Http\Controllers\Api\Admin\CategoryControllerTest::setUp
Test Prepared (Tests\Feature\Http\Controllers\Api\Admin\CategoryControllerTest::test_requires_admin_authentication_to_delete_category)
After Test Method Called (Tests\Feature\Http\Controllers\Api\Admin\CategoryControllerTest::tearDown)
After Test Method Finished:
- Tests\Feature\Http\Controllers\Api\Admin\CategoryControllerTest::tearDown
Test Passed (Tests\Feature\Http\Controllers\Api\Admin\CategoryControllerTest::test_requires_admin_authentication_to_delete_category)
Test Finished (Tests\Feature\Http\Controllers\Api\Admin\CategoryControllerTest::test_requires_admin_authentication_to_delete_category)
After Last Test Method Called (Tests\Feature\Http\Controllers\Api\Admin\CategoryControllerTest::tearDownAfterClass)
After Last Test Method Finished:
- Tests\Feature\Http\Controllers\Api\Admin\CategoryControllerTest::tearDownAfterClass
Test Suite Finished (Tests\Feature\Http\Controllers\Api\Admin\CategoryControllerTest, 14 tests)
Test Suite Started (Tests\Feature\Http\Controllers\Api\AuthControllerTest, 20 tests)
Test Preparation Started (Tests\Feature\Http\Controllers\Api\AuthControllerTest::test_can_login_with_valid_credentials)
Before Test Method Called (Tests\Feature\Http\Controllers\Api\AuthControllerTest::setUp)
Before Test Method Finished:
- Tests\Feature\Http\Controllers\Api\AuthControllerTest::setUp
Test Prepared (Tests\Feature\Http\Controllers\Api\AuthControllerTest::test_can_login_with_valid_credentials)
After Test Method Called (Tests\Feature\Http\Controllers\Api\AuthControllerTest::tearDown)
After Test Method Finished:
- Tests\Feature\Http\Controllers\Api\AuthControllerTest::tearDown
Test Passed (Tests\Feature\Http\Controllers\Api\AuthControllerTest::test_can_login_with_valid_credentials)
Test Finished (Tests\Feature\Http\Controllers\Api\AuthControllerTest::test_can_login_with_valid_credentials)
Test Preparation Started (Tests\Feature\Http\Controllers\Api\AuthControllerTest::test_validates_login_request)
Before Test Method Called (Tests\Feature\Http\Controllers\Api\AuthControllerTest::setUp)
Before Test Method Finished:
- Tests\Feature\Http\Controllers\Api\AuthControllerTest::setUp
Test Prepared (Tests\Feature\Http\Controllers\Api\AuthControllerTest::test_validates_login_request)
After Test Method Called (Tests\Feature\Http\Controllers\Api\AuthControllerTest::tearDown)
After Test Method Finished:
- Tests\Feature\Http\Controllers\Api\AuthControllerTest::tearDown
Test Passed (Tests\Feature\Http\Controllers\Api\AuthControllerTest::test_validates_login_request)
Test Finished (Tests\Feature\Http\Controllers\Api\AuthControllerTest::test_validates_login_request)
Test Preparation Started (Tests\Feature\Http\Controllers\Api\AuthControllerTest::test_returns_validation_error_for_invalid_credentials)
Before Test Method Called (Tests\Feature\Http\Controllers\Api\AuthControllerTest::setUp)
Before Test Method Finished:
- Tests\Feature\Http\Controllers\Api\AuthControllerTest::setUp
Test Prepared (Tests\Feature\Http\Controllers\Api\AuthControllerTest::test_returns_validation_error_for_invalid_credentials)
After Test Method Called (Tests\Feature\Http\Controllers\Api\AuthControllerTest::tearDown)
After Test Method Finished:
- Tests\Feature\Http\Controllers\Api\AuthControllerTest::tearDown
Test Passed (Tests\Feature\Http\Controllers\Api\AuthControllerTest::test_returns_validation_error_for_invalid_credentials)
Test Finished (Tests\Feature\Http\Controllers\Api\AuthControllerTest::test_returns_validation_error_for_invalid_credentials)
Test Preparation Started (Tests\Feature\Http\Controllers\Api\AuthControllerTest::test_returns_validation_error_for_nonexistent_user)
Before Test Method Called (Tests\Feature\Http\Controllers\Api\AuthControllerTest::setUp)
Before Test Method Finished:
- Tests\Feature\Http\Controllers\Api\AuthControllerTest::setUp
Test Prepared (Tests\Feature\Http\Controllers\Api\AuthControllerTest::test_returns_validation_error_for_nonexistent_user)
After Test Method Called (Tests\Feature\Http\Controllers\Api\AuthControllerTest::tearDown)
After Test Method Finished:
- Tests\Feature\Http\Controllers\Api\AuthControllerTest::tearDown
Test Passed (Tests\Feature\Http\Controllers\Api\AuthControllerTest::test_returns_validation_error_for_nonexistent_user)
Test Finished (Tests\Feature\Http\Controllers\Api\AuthControllerTest::test_returns_validation_error_for_nonexistent_user)
Test Preparation Started (Tests\Feature\Http\Controllers\Api\AuthControllerTest::test_can_logout_authenticated_user)
Before Test Method Called (Tests\Feature\Http\Controllers\Api\AuthControllerTest::setUp)
Before Test Method Finished:
- Tests\Feature\Http\Controllers\Api\AuthControllerTest::setUp
Test Prepared (Tests\Feature\Http\Controllers\Api\AuthControllerTest::test_can_logout_authenticated_user)
After Test Method Called (Tests\Feature\Http\Controllers\Api\AuthControllerTest::tearDown)
After Test Method Finished:
- Tests\Feature\Http\Controllers\Api\AuthControllerTest::tearDown
Test Passed (Tests\Feature\Http\Controllers\Api\AuthControllerTest::test_can_logout_authenticated_user)
Test Finished (Tests\Feature\Http\Controllers\Api\AuthControllerTest::test_can_logout_authenticated_user)
Test Preparation Started (Tests\Feature\Http\Controllers\Api\AuthControllerTest::test_can_logout_unauthenticated_user)
Before Test Method Called (Tests\Feature\Http\Controllers\Api\AuthControllerTest::setUp)
Before Test Method Finished:
- Tests\Feature\Http\Controllers\Api\AuthControllerTest::setUp
Test Prepared (Tests\Feature\Http\Controllers\Api\AuthControllerTest::test_can_logout_unauthenticated_user)
After Test Method Called (Tests\Feature\Http\Controllers\Api\AuthControllerTest::tearDown)
After Test Method Finished:
- Tests\Feature\Http\Controllers\Api\AuthControllerTest::tearDown
Test Passed (Tests\Feature\Http\Controllers\Api\AuthControllerTest::test_can_logout_unauthenticated_user)
Test Finished (Tests\Feature\Http\Controllers\Api\AuthControllerTest::test_can_logout_unauthenticated_user)
Test Preparation Started (Tests\Feature\Http\Controllers\Api\AuthControllerTest::test_can_get_authenticated_user_info)
Before Test Method Called (Tests\Feature\Http\Controllers\Api\AuthControllerTest::setUp)
Before Test Method Finished:
- Tests\Feature\Http\Controllers\Api\AuthControllerTest::setUp
Test Prepared (Tests\Feature\Http\Controllers\Api\AuthControllerTest::test_can_get_authenticated_user_info)
After Test Method Called (Tests\Feature\Http\Controllers\Api\AuthControllerTest::tearDown)
After Test Method Finished:
- Tests\Feature\Http\Controllers\Api\AuthControllerTest::tearDown
Test Passed (Tests\Feature\Http\Controllers\Api\AuthControllerTest::test_can_get_authenticated_user_info)
Test Finished (Tests\Feature\Http\Controllers\Api\AuthControllerTest::test_can_get_authenticated_user_info)
Test Preparation Started (Tests\Feature\Http\Controllers\Api\AuthControllerTest::test_returns_401_for_unauthenticated_me_request)
Before Test Method Called (Tests\Feature\Http\Controllers\Api\AuthControllerTest::setUp)
Before Test Method Finished:
- Tests\Feature\Http\Controllers\Api\AuthControllerTest::setUp
Test Prepared (Tests\Feature\Http\Controllers\Api\AuthControllerTest::test_returns_401_for_unauthenticated_me_request)
After Test Method Called (Tests\Feature\Http\Controllers\Api\AuthControllerTest::tearDown)
After Test Method Finished:
- Tests\Feature\Http\Controllers\Api\AuthControllerTest::tearDown
Test Passed (Tests\Feature\Http\Controllers\Api\AuthControllerTest::test_returns_401_for_unauthenticated_me_request)
Test Finished (Tests\Feature\Http\Controllers\Api\AuthControllerTest::test_returns_401_for_unauthenticated_me_request)
Test Preparation Started (Tests\Feature\Http\Controllers\Api\AuthControllerTest::test_returns_401_for_invalid_token)
Before Test Method Called (Tests\Feature\Http\Controllers\Api\AuthControllerTest::setUp)
Before Test Method Finished:
- Tests\Feature\Http\Controllers\Api\AuthControllerTest::setUp
Test Prepared (Tests\Feature\Http\Controllers\Api\AuthControllerTest::test_returns_401_for_invalid_token)
After Test Method Called (Tests\Feature\Http\Controllers\Api\AuthControllerTest::tearDown)
After Test Method Finished:
- Tests\Feature\Http\Controllers\Api\AuthControllerTest::tearDown
Test Passed (Tests\Feature\Http\Controllers\Api\AuthControllerTest::test_returns_401_for_invalid_token)
Test Finished (Tests\Feature\Http\Controllers\Api\AuthControllerTest::test_returns_401_for_invalid_token)
Test Preparation Started (Tests\Feature\Http\Controllers\Api\AuthControllerTest::test_creates_token_on_successful_login)
Before Test Method Called (Tests\Feature\Http\Controllers\Api\AuthControllerTest::setUp)
Before Test Method Finished:
- Tests\Feature\Http\Controllers\Api\AuthControllerTest::setUp
Test Prepared (Tests\Feature\Http\Controllers\Api\AuthControllerTest::test_creates_token_on_successful_login)
After Test Method Called (Tests\Feature\Http\Controllers\Api\AuthControllerTest::tearDown)
After Test Method Finished:
- Tests\Feature\Http\Controllers\Api\AuthControllerTest::tearDown
Test Passed (Tests\Feature\Http\Controllers\Api\AuthControllerTest::test_creates_token_on_successful_login)
Test Finished (Tests\Feature\Http\Controllers\Api\AuthControllerTest::test_creates_token_on_successful_login)
Test Preparation Started (Tests\Feature\Http\Controllers\Api\AuthControllerTest::test_deletes_token_on_logout)
Before Test Method Called (Tests\Feature\Http\Controllers\Api\AuthControllerTest::setUp)
Before Test Method Finished:
- Tests\Feature\Http\Controllers\Api\AuthControllerTest::setUp
Test Prepared (Tests\Feature\Http\Controllers\Api\AuthControllerTest::test_deletes_token_on_logout)
After Test Method Called (Tests\Feature\Http\Controllers\Api\AuthControllerTest::tearDown)
After Test Method Finished:
- Tests\Feature\Http\Controllers\Api\AuthControllerTest::tearDown
Test Passed (Tests\Feature\Http\Controllers\Api\AuthControllerTest::test_deletes_token_on_logout)
Test Finished (Tests\Feature\Http\Controllers\Api\AuthControllerTest::test_deletes_token_on_logout)
Test Preparation Started (Tests\Feature\Http\Controllers\Api\AuthControllerTest::test_handles_login_with_missing_credentials)
Before Test Method Called (Tests\Feature\Http\Controllers\Api\AuthControllerTest::setUp)
Before Test Method Finished:
- Tests\Feature\Http\Controllers\Api\AuthControllerTest::setUp
Test Prepared (Tests\Feature\Http\Controllers\Api\AuthControllerTest::test_handles_login_with_missing_credentials)
After Test Method Called (Tests\Feature\Http\Controllers\Api\AuthControllerTest::tearDown)
After Test Method Finished:
- Tests\Feature\Http\Controllers\Api\AuthControllerTest::tearDown
Test Passed (Tests\Feature\Http\Controllers\Api\AuthControllerTest::test_handles_login_with_missing_credentials)
Test Finished (Tests\Feature\Http\Controllers\Api\AuthControllerTest::test_handles_login_with_missing_credentials)
Test Preparation Started (Tests\Feature\Http\Controllers\Api\AuthControllerTest::test_handles_login_with_empty_credentials)
Before Test Method Called (Tests\Feature\Http\Controllers\Api\AuthControllerTest::setUp)
Before Test Method Finished:
- Tests\Feature\Http\Controllers\Api\AuthControllerTest::setUp
Test Prepared (Tests\Feature\Http\Controllers\Api\AuthControllerTest::test_handles_login_with_empty_credentials)
After Test Method Called (Tests\Feature\Http\Controllers\Api\AuthControllerTest::tearDown)
After Test Method Finished:
- Tests\Feature\Http\Controllers\Api\AuthControllerTest::tearDown
Test Passed (Tests\Feature\Http\Controllers\Api\AuthControllerTest::test_handles_login_with_empty_credentials)
Test Finished (Tests\Feature\Http\Controllers\Api\AuthControllerTest::test_handles_login_with_empty_credentials)
Test Preparation Started (Tests\Feature\Http\Controllers\Api\AuthControllerTest::test_handles_login_with_invalid_email_format)
Before Test Method Called (Tests\Feature\Http\Controllers\Api\AuthControllerTest::setUp)
Before Test Method Finished:
- Tests\Feature\Http\Controllers\Api\AuthControllerTest::setUp
Test Prepared (Tests\Feature\Http\Controllers\Api\AuthControllerTest::test_handles_login_with_invalid_email_format)
After Test Method Called (Tests\Feature\Http\Controllers\Api\AuthControllerTest::tearDown)
After Test Method Finished:
- Tests\Feature\Http\Controllers\Api\AuthControllerTest::tearDown
Test Passed (Tests\Feature\Http\Controllers\Api\AuthControllerTest::test_handles_login_with_invalid_email_format)
Test Finished (Tests\Feature\Http\Controllers\Api\AuthControllerTest::test_handles_login_with_invalid_email_format)
Test Preparation Started (Tests\Feature\Http\Controllers\Api\AuthControllerTest::test_handles_login_with_very_long_password)
Before Test Method Called (Tests\Feature\Http\Controllers\Api\AuthControllerTest::setUp)
Before Test Method Finished:
- Tests\Feature\Http\Controllers\Api\AuthControllerTest::setUp
Test Prepared (Tests\Feature\Http\Controllers\Api\AuthControllerTest::test_handles_login_with_very_long_password)
After Test Method Called (Tests\Feature\Http\Controllers\Api\AuthControllerTest::tearDown)
After Test Method Finished:
- Tests\Feature\Http\Controllers\Api\AuthControllerTest::tearDown
Test Passed (Tests\Feature\Http\Controllers\Api\AuthControllerTest::test_handles_login_with_very_long_password)
Test Finished (Tests\Feature\Http\Controllers\Api\AuthControllerTest::test_handles_login_with_very_long_password)
Test Preparation Started (Tests\Feature\Http\Controllers\Api\AuthControllerTest::test_handles_login_with_sql_injection_attempt)
Before Test Method Called (Tests\Feature\Http\Controllers\Api\AuthControllerTest::setUp)
Before Test Method Finished:
- Tests\Feature\Http\Controllers\Api\AuthControllerTest::setUp
Test Prepared (Tests\Feature\Http\Controllers\Api\AuthControllerTest::test_handles_login_with_sql_injection_attempt)
After Test Method Called (Tests\Feature\Http\Controllers\Api\AuthControllerTest::tearDown)
After Test Method Finished:
- Tests\Feature\Http\Controllers\Api\AuthControllerTest::tearDown
Test Passed (Tests\Feature\Http\Controllers\Api\AuthControllerTest::test_handles_login_with_sql_injection_attempt)
Test Finished (Tests\Feature\Http\Controllers\Api\AuthControllerTest::test_handles_login_with_sql_injection_attempt)
Test Preparation Started (Tests\Feature\Http\Controllers\Api\AuthControllerTest::test_handles_login_with_xss_attempt)
Before Test Method Called (Tests\Feature\Http\Controllers\Api\AuthControllerTest::setUp)
Before Test Method Finished:
- Tests\Feature\Http\Controllers\Api\AuthControllerTest::setUp
Test Prepared (Tests\Feature\Http\Controllers\Api\AuthControllerTest::test_handles_login_with_xss_attempt)
After Test Method Called (Tests\Feature\Http\Controllers\Api\AuthControllerTest::tearDown)
After Test Method Finished:
- Tests\Feature\Http\Controllers\Api\AuthControllerTest::tearDown
Test Passed (Tests\Feature\Http\Controllers\Api\AuthControllerTest::test_handles_login_with_xss_attempt)
Test Finished (Tests\Feature\Http\Controllers\Api\AuthControllerTest::test_handles_login_with_xss_attempt)
Test Preparation Started (Tests\Feature\Http\Controllers\Api\AuthControllerTest::test_handles_multiple_concurrent_logins)
Before Test Method Called (Tests\Feature\Http\Controllers\Api\AuthControllerTest::setUp)
Before Test Method Finished:
- Tests\Feature\Http\Controllers\Api\AuthControllerTest::setUp
Test Prepared (Tests\Feature\Http\Controllers\Api\AuthControllerTest::test_handles_multiple_concurrent_logins)
After Test Method Called (Tests\Feature\Http\Controllers\Api\AuthControllerTest::tearDown)
After Test Method Finished:
- Tests\Feature\Http\Controllers\Api\AuthControllerTest::tearDown
Test Passed (Tests\Feature\Http\Controllers\Api\AuthControllerTest::test_handles_multiple_concurrent_logins)
Test Finished (Tests\Feature\Http\Controllers\Api\AuthControllerTest::test_handles_multiple_concurrent_logins)
Test Preparation Started (Tests\Feature\Http\Controllers\Api\AuthControllerTest::test_handles_logout_without_authorization_header)
Before Test Method Called (Tests\Feature\Http\Controllers\Api\AuthControllerTest::setUp)
Before Test Method Finished:
- Tests\Feature\Http\Controllers\Api\AuthControllerTest::setUp
Test Prepared (Tests\Feature\Http\Controllers\Api\AuthControllerTest::test_handles_logout_without_authorization_header)
After Test Method Called (Tests\Feature\Http\Controllers\Api\AuthControllerTest::tearDown)
After Test Method Finished:
- Tests\Feature\Http\Controllers\Api\AuthControllerTest::tearDown
Test Passed (Tests\Feature\Http\Controllers\Api\AuthControllerTest::test_handles_logout_without_authorization_header)
Test Finished (Tests\Feature\Http\Controllers\Api\AuthControllerTest::test_handles_logout_without_authorization_header)
Test Preparation Started (Tests\Feature\Http\Controllers\Api\AuthControllerTest::test_handles_me_request_without_authorization_header)
Before Test Method Called (Tests\Feature\Http\Controllers\Api\AuthControllerTest::setUp)
Before Test Method Finished:
- Tests\Feature\Http\Controllers\Api\AuthControllerTest::setUp
Test Prepared (Tests\Feature\Http\Controllers\Api\AuthControllerTest::test_handles_me_request_without_authorization_header)
After Test Method Called (Tests\Feature\Http\Controllers\Api\AuthControllerTest::tearDown)
After Test Method Finished:
- Tests\Feature\Http\Controllers\Api\AuthControllerTest::tearDown
Test Passed (Tests\Feature\Http\Controllers\Api\AuthControllerTest::test_handles_me_request_without_authorization_header)
Test Finished (Tests\Feature\Http\Controllers\Api\AuthControllerTest::test_handles_me_request_without_authorization_header)
After Last Test Method Called (Tests\Feature\Http\Controllers\Api\AuthControllerTest::tearDownAfterClass)
After Last Test Method Finished:
- Tests\Feature\Http\Controllers\Api\AuthControllerTest::tearDownAfterClass
Test Suite Finished (Tests\Feature\Http\Controllers\Api\AuthControllerTest, 20 tests)
Test Suite Started (Tests\Feature\Http\Controllers\Api\DocumentationControllerTest, 24 tests)
Test Preparation Started (Tests\Feature\Http\Controllers\Api\DocumentationControllerTest::test_can_get_api_status)
Before Test Method Called (Tests\Feature\Http\Controllers\Api\DocumentationControllerTest::setUp)
Before Test Method Finished:
- Tests\Feature\Http\Controllers\Api\DocumentationControllerTest::setUp
Test Prepared (Tests\Feature\Http\Controllers\Api\DocumentationControllerTest::test_can_get_api_status)
After Test Method Called (Tests\Feature\Http\Controllers\Api\DocumentationControllerTest::tearDown)
After Test Method Finished:
- Tests\Feature\Http\Controllers\Api\DocumentationControllerTest::tearDown
Test Passed (Tests\Feature\Http\Controllers\Api\DocumentationControllerTest::test_can_get_api_status)
Test Finished (Tests\Feature\Http\Controllers\Api\DocumentationControllerTest::test_can_get_api_status)
Test Preparation Started (Tests\Feature\Http\Controllers\Api\DocumentationControllerTest::test_can_get_health_status)
Before Test Method Called (Tests\Feature\Http\Controllers\Api\DocumentationControllerTest::setUp)
Before Test Method Finished:
- Tests\Feature\Http\Controllers\Api\DocumentationControllerTest::setUp
Test Prepared (Tests\Feature\Http\Controllers\Api\DocumentationControllerTest::test_can_get_health_status)
After Test Method Called (Tests\Feature\Http\Controllers\Api\DocumentationControllerTest::tearDown)
After Test Method Finished:
- Tests\Feature\Http\Controllers\Api\DocumentationControllerTest::tearDown
Test Passed (Tests\Feature\Http\Controllers\Api\DocumentationControllerTest::test_can_get_health_status)
Test Finished (Tests\Feature\Http\Controllers\Api\DocumentationControllerTest::test_can_get_health_status)
Test Preparation Started (Tests\Feature\Http\Controllers\Api\DocumentationControllerTest::test_returns_unhealthy_status_when_database_fails)
Before Test Method Called (Tests\Feature\Http\Controllers\Api\DocumentationControllerTest::setUp)
Before Test Method Finished:
- Tests\Feature\Http\Controllers\Api\DocumentationControllerTest::setUp
Test Prepared (Tests\Feature\Http\Controllers\Api\DocumentationControllerTest::test_returns_unhealthy_status_when_database_fails)
After Test Method Called (Tests\Feature\Http\Controllers\Api\DocumentationControllerTest::tearDown)
After Test Method Finished:
- Tests\Feature\Http\Controllers\Api\DocumentationControllerTest::tearDown
Test Passed (Tests\Feature\Http\Controllers\Api\DocumentationControllerTest::test_returns_unhealthy_status_when_database_fails)
Test Finished (Tests\Feature\Http\Controllers\Api\DocumentationControllerTest::test_returns_unhealthy_status_when_database_fails)
Test Preparation Started (Tests\Feature\Http\Controllers\Api\DocumentationControllerTest::test_returns_unhealthy_status_when_cache_fails)
Before Test Method Called (Tests\Feature\Http\Controllers\Api\DocumentationControllerTest::setUp)
Before Test Method Finished:
- Tests\Feature\Http\Controllers\Api\DocumentationControllerTest::setUp
Test Prepared (Tests\Feature\Http\Controllers\Api\DocumentationControllerTest::test_returns_unhealthy_status_when_cache_fails)
After Test Method Called (Tests\Feature\Http\Controllers\Api\DocumentationControllerTest::tearDown)
After Test Method Finished:
- Tests\Feature\Http\Controllers\Api\DocumentationControllerTest::tearDown
Test Passed (Tests\Feature\Http\Controllers\Api\DocumentationControllerTest::test_returns_unhealthy_status_when_cache_fails)
Test Finished (Tests\Feature\Http\Controllers\Api\DocumentationControllerTest::test_returns_unhealthy_status_when_cache_fails)
Test Preparation Started (Tests\Feature\Http\Controllers\Api\DocumentationControllerTest::test_returns_unhealthy_status_when_storage_is_not_writable)
Before Test Method Called (Tests\Feature\Http\Controllers\Api\DocumentationControllerTest::setUp)
Before Test Method Finished:
- Tests\Feature\Http\Controllers\Api\DocumentationControllerTest::setUp
Test Prepared (Tests\Feature\Http\Controllers\Api\DocumentationControllerTest::test_returns_unhealthy_status_when_storage_is_not_writable)
After Test Method Called (Tests\Feature\Http\Controllers\Api\DocumentationControllerTest::tearDown)
After Test Method Finished:
- Tests\Feature\Http\Controllers\Api\DocumentationControllerTest::tearDown
Test Passed (Tests\Feature\Http\Controllers\Api\DocumentationControllerTest::test_returns_unhealthy_status_when_storage_is_not_writable)
Test Finished (Tests\Feature\Http\Controllers\Api\DocumentationControllerTest::test_returns_unhealthy_status_when_storage_is_not_writable)
Test Preparation Started (Tests\Feature\Http\Controllers\Api\DocumentationControllerTest::test_includes_timestamp_in_status_response)
Before Test Method Called (Tests\Feature\Http\Controllers\Api\DocumentationControllerTest::setUp)
Before Test Method Finished:
- Tests\Feature\Http\Controllers\Api\DocumentationControllerTest::setUp
Test Prepared (Tests\Feature\Http\Controllers\Api\DocumentationControllerTest::test_includes_timestamp_in_status_response)
After Test Method Called (Tests\Feature\Http\Controllers\Api\DocumentationControllerTest::tearDown)
After Test Method Finished:
- Tests\Feature\Http\Controllers\Api\DocumentationControllerTest::tearDown
Test Passed (Tests\Feature\Http\Controllers\Api\DocumentationControllerTest::test_includes_timestamp_in_status_response)
Test Finished (Tests\Feature\Http\Controllers\Api\DocumentationControllerTest::test_includes_timestamp_in_status_response)
Test Preparation Started (Tests\Feature\Http\Controllers\Api\DocumentationControllerTest::test_includes_timestamp_in_health_response)
Before Test Method Called (Tests\Feature\Http\Controllers\Api\DocumentationControllerTest::setUp)
Before Test Method Finished:
- Tests\Feature\Http\Controllers\Api\DocumentationControllerTest::setUp
Test Prepared (Tests\Feature\Http\Controllers\Api\DocumentationControllerTest::test_includes_timestamp_in_health_response)
After Test Method Called (Tests\Feature\Http\Controllers\Api\DocumentationControllerTest::tearDown)
After Test Method Finished:
- Tests\Feature\Http\Controllers\Api\DocumentationControllerTest::tearDown
Test Passed (Tests\Feature\Http\Controllers\Api\DocumentationControllerTest::test_includes_timestamp_in_health_response)
Test Finished (Tests\Feature\Http\Controllers\Api\DocumentationControllerTest::test_includes_timestamp_in_health_response)
Test Preparation Started (Tests\Feature\Http\Controllers\Api\DocumentationControllerTest::test_includes_version_in_status_response)
Before Test Method Called (Tests\Feature\Http\Controllers\Api\DocumentationControllerTest::setUp)
Before Test Method Finished:
- Tests\Feature\Http\Controllers\Api\DocumentationControllerTest::setUp
Test Prepared (Tests\Feature\Http\Controllers\Api\DocumentationControllerTest::test_includes_version_in_status_response)
After Test Method Called (Tests\Feature\Http\Controllers\Api\DocumentationControllerTest::tearDown)
After Test Method Finished:
- Tests\Feature\Http\Controllers\Api\DocumentationControllerTest::tearDown
Test Passed (Tests\Feature\Http\Controllers\Api\DocumentationControllerTest::test_includes_version_in_status_response)
Test Finished (Tests\Feature\Http\Controllers\Api\DocumentationControllerTest::test_includes_version_in_status_response)
Test Preparation Started (Tests\Feature\Http\Controllers\Api\DocumentationControllerTest::test_includes_version_in_health_response)
Before Test Method Called (Tests\Feature\Http\Controllers\Api\DocumentationControllerTest::setUp)
Before Test Method Finished:
- Tests\Feature\Http\Controllers\Api\DocumentationControllerTest::setUp
Test Prepared (Tests\Feature\Http\Controllers\Api\DocumentationControllerTest::test_includes_version_in_health_response)
After Test Method Called (Tests\Feature\Http\Controllers\Api\DocumentationControllerTest::tearDown)
After Test Method Finished:
- Tests\Feature\Http\Controllers\Api\DocumentationControllerTest::tearDown
Test Passed (Tests\Feature\Http\Controllers\Api\DocumentationControllerTest::test_includes_version_in_health_response)
Test Finished (Tests\Feature\Http\Controllers\Api\DocumentationControllerTest::test_includes_version_in_health_response)
Test Preparation Started (Tests\Feature\Http\Controllers\Api\DocumentationControllerTest::test_includes_environment_in_health_response)
Before Test Method Called (Tests\Feature\Http\Controllers\Api\DocumentationControllerTest::setUp)
Before Test Method Finished:
- Tests\Feature\Http\Controllers\Api\DocumentationControllerTest::setUp
Test Prepared (Tests\Feature\Http\Controllers\Api\DocumentationControllerTest::test_includes_environment_in_health_response)
After Test Method Called (Tests\Feature\Http\Controllers\Api\DocumentationControllerTest::tearDown)
After Test Method Finished:
- Tests\Feature\Http\Controllers\Api\DocumentationControllerTest::tearDown
Test Passed (Tests\Feature\Http\Controllers\Api\DocumentationControllerTest::test_includes_environment_in_health_response)
Test Finished (Tests\Feature\Http\Controllers\Api\DocumentationControllerTest::test_includes_environment_in_health_response)
Test Preparation Started (Tests\Feature\Http\Controllers\Api\DocumentationControllerTest::test_tests_database_connection_in_health_check)
Before Test Method Called (Tests\Feature\Http\Controllers\Api\DocumentationControllerTest::setUp)
Before Test Method Finished:
- Tests\Feature\Http\Controllers\Api\DocumentationControllerTest::setUp
Test Prepared (Tests\Feature\Http\Controllers\Api\DocumentationControllerTest::test_tests_database_connection_in_health_check)
After Test Method Called (Tests\Feature\Http\Controllers\Api\DocumentationControllerTest::tearDown)
After Test Method Finished:
- Tests\Feature\Http\Controllers\Api\DocumentationControllerTest::tearDown
Test Passed (Tests\Feature\Http\Controllers\Api\DocumentationControllerTest::test_tests_database_connection_in_health_check)
Test Finished (Tests\Feature\Http\Controllers\Api\DocumentationControllerTest::test_tests_database_connection_in_health_check)
Test Preparation Started (Tests\Feature\Http\Controllers\Api\DocumentationControllerTest::test_tests_cache_functionality_in_health_check)
Before Test Method Called (Tests\Feature\Http\Controllers\Api\DocumentationControllerTest::setUp)
Before Test Method Finished:
- Tests\Feature\Http\Controllers\Api\DocumentationControllerTest::setUp
Test Prepared (Tests\Feature\Http\Controllers\Api\DocumentationControllerTest::test_tests_cache_functionality_in_health_check)
After Test Method Called (Tests\Feature\Http\Controllers\Api\DocumentationControllerTest::tearDown)
After Test Method Finished:
- Tests\Feature\Http\Controllers\Api\DocumentationControllerTest::tearDown
Test Passed (Tests\Feature\Http\Controllers\Api\DocumentationControllerTest::test_tests_cache_functionality_in_health_check)
Test Finished (Tests\Feature\Http\Controllers\Api\DocumentationControllerTest::test_tests_cache_functionality_in_health_check)
Test Preparation Started (Tests\Feature\Http\Controllers\Api\DocumentationControllerTest::test_tests_storage_writability_in_health_check)
Before Test Method Called (Tests\Feature\Http\Controllers\Api\DocumentationControllerTest::setUp)
Before Test Method Finished:
- Tests\Feature\Http\Controllers\Api\DocumentationControllerTest::setUp
Test Prepared (Tests\Feature\Http\Controllers\Api\DocumentationControllerTest::test_tests_storage_writability_in_health_check)
After Test Method Called (Tests\Feature\Http\Controllers\Api\DocumentationControllerTest::tearDown)
After Test Method Finished:
- Tests\Feature\Http\Controllers\Api\DocumentationControllerTest::tearDown
Test Passed (Tests\Feature\Http\Controllers\Api\DocumentationControllerTest::test_tests_storage_writability_in_health_check)
Test Finished (Tests\Feature\Http\Controllers\Api\DocumentationControllerTest::test_tests_storage_writability_in_health_check)
Test Preparation Started (Tests\Feature\Http\Controllers\Api\DocumentationControllerTest::test_handles_multiple_system_failures_in_health_check)
Before Test Method Called (Tests\Feature\Http\Controllers\Api\DocumentationControllerTest::setUp)
Before Test Method Finished:
- Tests\Feature\Http\Controllers\Api\DocumentationControllerTest::setUp
Test Prepared (Tests\Feature\Http\Controllers\Api\DocumentationControllerTest::test_handles_multiple_system_failures_in_health_check)
After Test Method Called (Tests\Feature\Http\Controllers\Api\DocumentationControllerTest::tearDown)
After Test Method Finished:
- Tests\Feature\Http\Controllers\Api\DocumentationControllerTest::tearDown
Test Passed (Tests\Feature\Http\Controllers\Api\DocumentationControllerTest::test_handles_multiple_system_failures_in_health_check)
Test Finished (Tests\Feature\Http\Controllers\Api\DocumentationControllerTest::test_handles_multiple_system_failures_in_health_check)
Test Preparation Started (Tests\Feature\Http\Controllers\Api\DocumentationControllerTest::test_returns_200_for_healthy_systems)
Before Test Method Called (Tests\Feature\Http\Controllers\Api\DocumentationControllerTest::setUp)
Before Test Method Finished:
- Tests\Feature\Http\Controllers\Api\DocumentationControllerTest::setUp
Test Prepared (Tests\Feature\Http\Controllers\Api\DocumentationControllerTest::test_returns_200_for_healthy_systems)
After Test Method Called (Tests\Feature\Http\Controllers\Api\DocumentationControllerTest::tearDown)
After Test Method Finished:
- Tests\Feature\Http\Controllers\Api\DocumentationControllerTest::tearDown
Test Passed (Tests\Feature\Http\Controllers\Api\DocumentationControllerTest::test_returns_200_for_healthy_systems)
Test Finished (Tests\Feature\Http\Controllers\Api\DocumentationControllerTest::test_returns_200_for_healthy_systems)
Test Preparation Started (Tests\Feature\Http\Controllers\Api\DocumentationControllerTest::test_returns_503_for_unhealthy_systems)
Before Test Method Called (Tests\Feature\Http\Controllers\Api\DocumentationControllerTest::setUp)
Before Test Method Finished:
- Tests\Feature\Http\Controllers\Api\DocumentationControllerTest::setUp
Test Prepared (Tests\Feature\Http\Controllers\Api\DocumentationControllerTest::test_returns_503_for_unhealthy_systems)
After Test Method Called (Tests\Feature\Http\Controllers\Api\DocumentationControllerTest::tearDown)
After Test Method Finished:
- Tests\Feature\Http\Controllers\Api\DocumentationControllerTest::tearDown
Test Passed (Tests\Feature\Http\Controllers\Api\DocumentationControllerTest::test_returns_503_for_unhealthy_systems)
Test Finished (Tests\Feature\Http\Controllers\Api\DocumentationControllerTest::test_returns_503_for_unhealthy_systems)
Test Preparation Started (Tests\Feature\Http\Controllers\Api\DocumentationControllerTest::test_handles_cache_test_successfully)
Before Test Method Called (Tests\Feature\Http\Controllers\Api\DocumentationControllerTest::setUp)
Before Test Method Finished:
- Tests\Feature\Http\Controllers\Api\DocumentationControllerTest::setUp
Test Prepared (Tests\Feature\Http\Controllers\Api\DocumentationControllerTest::test_handles_cache_test_successfully)
After Test Method Called (Tests\Feature\Http\Controllers\Api\DocumentationControllerTest::tearDown)
After Test Method Finished:
- Tests\Feature\Http\Controllers\Api\DocumentationControllerTest::tearDown
Test Passed (Tests\Feature\Http\Controllers\Api\DocumentationControllerTest::test_handles_cache_test_successfully)
Test Finished (Tests\Feature\Http\Controllers\Api\DocumentationControllerTest::test_handles_cache_test_successfully)
Test Preparation Started (Tests\Feature\Http\Controllers\Api\DocumentationControllerTest::test_handles_cache_test_failure)
Before Test Method Called (Tests\Feature\Http\Controllers\Api\DocumentationControllerTest::setUp)
Before Test Method Finished:
- Tests\Feature\Http\Controllers\Api\DocumentationControllerTest::setUp
Test Prepared (Tests\Feature\Http\Controllers\Api\DocumentationControllerTest::test_handles_cache_test_failure)
After Test Method Called (Tests\Feature\Http\Controllers\Api\DocumentationControllerTest::tearDown)
After Test Method Finished:
- Tests\Feature\Http\Controllers\Api\DocumentationControllerTest::tearDown
Test Passed (Tests\Feature\Http\Controllers\Api\DocumentationControllerTest::test_handles_cache_test_failure)
Test Finished (Tests\Feature\Http\Controllers\Api\DocumentationControllerTest::test_handles_cache_test_failure)
Test Preparation Started (Tests\Feature\Http\Controllers\Api\DocumentationControllerTest::test_handles_database_connection_exception)
Before Test Method Called (Tests\Feature\Http\Controllers\Api\DocumentationControllerTest::setUp)
Before Test Method Finished:
- Tests\Feature\Http\Controllers\Api\DocumentationControllerTest::setUp
Test Prepared (Tests\Feature\Http\Controllers\Api\DocumentationControllerTest::test_handles_database_connection_exception)
After Test Method Called (Tests\Feature\Http\Controllers\Api\DocumentationControllerTest::tearDown)
After Test Method Finished:
- Tests\Feature\Http\Controllers\Api\DocumentationControllerTest::tearDown
Test Passed (Tests\Feature\Http\Controllers\Api\DocumentationControllerTest::test_handles_database_connection_exception)
Test Finished (Tests\Feature\Http\Controllers\Api\DocumentationControllerTest::test_handles_database_connection_exception)
Test Preparation Started (Tests\Feature\Http\Controllers\Api\DocumentationControllerTest::test_handles_cache_exception)
Before Test Method Called (Tests\Feature\Http\Controllers\Api\DocumentationControllerTest::setUp)
Before Test Method Finished:
- Tests\Feature\Http\Controllers\Api\DocumentationControllerTest::setUp
Test Prepared (Tests\Feature\Http\Controllers\Api\DocumentationControllerTest::test_handles_cache_exception)
After Test Method Called (Tests\Feature\Http\Controllers\Api\DocumentationControllerTest::tearDown)
After Test Method Finished:
- Tests\Feature\Http\Controllers\Api\DocumentationControllerTest::tearDown
Test Passed (Tests\Feature\Http\Controllers\Api\DocumentationControllerTest::test_handles_cache_exception)
Test Finished (Tests\Feature\Http\Controllers\Api\DocumentationControllerTest::test_handles_cache_exception)
Test Preparation Started (Tests\Feature\Http\Controllers\Api\DocumentationControllerTest::test_handles_storage_exception)
Before Test Method Called (Tests\Feature\Http\Controllers\Api\DocumentationControllerTest::setUp)
Before Test Method Finished:
- Tests\Feature\Http\Controllers\Api\DocumentationControllerTest::setUp
Test Prepared (Tests\Feature\Http\Controllers\Api\DocumentationControllerTest::test_handles_storage_exception)
After Test Method Called (Tests\Feature\Http\Controllers\Api\DocumentationControllerTest::tearDown)
After Test Method Finished:
- Tests\Feature\Http\Controllers\Api\DocumentationControllerTest::tearDown
Test Passed (Tests\Feature\Http\Controllers\Api\DocumentationControllerTest::test_handles_storage_exception)
Test Finished (Tests\Feature\Http\Controllers\Api\DocumentationControllerTest::test_handles_storage_exception)
Test Preparation Started (Tests\Feature\Http\Controllers\Api\DocumentationControllerTest::test_returns_consistent_status_message)
Before Test Method Called (Tests\Feature\Http\Controllers\Api\DocumentationControllerTest::setUp)
Before Test Method Finished:
- Tests\Feature\Http\Controllers\Api\DocumentationControllerTest::setUp
Test Prepared (Tests\Feature\Http\Controllers\Api\DocumentationControllerTest::test_returns_consistent_status_message)
After Test Method Called (Tests\Feature\Http\Controllers\Api\DocumentationControllerTest::tearDown)
After Test Method Finished:
- Tests\Feature\Http\Controllers\Api\DocumentationControllerTest::tearDown
Test Passed (Tests\Feature\Http\Controllers\Api\DocumentationControllerTest::test_returns_consistent_status_message)
Test Finished (Tests\Feature\Http\Controllers\Api\DocumentationControllerTest::test_returns_consistent_status_message)
Test Preparation Started (Tests\Feature\Http\Controllers\Api\DocumentationControllerTest::test_returns_consistent_health_message_for_healthy_systems)
Before Test Method Called (Tests\Feature\Http\Controllers\Api\DocumentationControllerTest::setUp)
Before Test Method Finished:
- Tests\Feature\Http\Controllers\Api\DocumentationControllerTest::setUp
Test Prepared (Tests\Feature\Http\Controllers\Api\DocumentationControllerTest::test_returns_consistent_health_message_for_healthy_systems)
After Test Method Called (Tests\Feature\Http\Controllers\Api\DocumentationControllerTest::tearDown)
After Test Method Finished:
- Tests\Feature\Http\Controllers\Api\DocumentationControllerTest::tearDown
Test Passed (Tests\Feature\Http\Controllers\Api\DocumentationControllerTest::test_returns_consistent_health_message_for_healthy_systems)
Test Finished (Tests\Feature\Http\Controllers\Api\DocumentationControllerTest::test_returns_consistent_health_message_for_healthy_systems)
Test Preparation Started (Tests\Feature\Http\Controllers\Api\DocumentationControllerTest::test_returns_consistent_health_message_for_unhealthy_systems)
Before Test Method Called (Tests\Feature\Http\Controllers\Api\DocumentationControllerTest::setUp)
Before Test Method Finished:
- Tests\Feature\Http\Controllers\Api\DocumentationControllerTest::setUp
Test Prepared (Tests\Feature\Http\Controllers\Api\DocumentationControllerTest::test_returns_consistent_health_message_for_unhealthy_systems)
After Test Method Called (Tests\Feature\Http\Controllers\Api\DocumentationControllerTest::tearDown)
After Test Method Finished:
- Tests\Feature\Http\Controllers\Api\DocumentationControllerTest::tearDown
Test Passed (Tests\Feature\Http\Controllers\Api\DocumentationControllerTest::test_returns_consistent_health_message_for_unhealthy_systems)
Test Finished (Tests\Feature\Http\Controllers\Api\DocumentationControllerTest::test_returns_consistent_health_message_for_unhealthy_systems)
After Last Test Method Called (Tests\Feature\Http\Controllers\Api\DocumentationControllerTest::tearDownAfterClass)
After Last Test Method Finished:
- Tests\Feature\Http\Controllers\Api\DocumentationControllerTest::tearDownAfterClass
Test Suite Finished (Tests\Feature\Http\Controllers\Api\DocumentationControllerTest, 24 tests)
Test Suite Started (Tests\Feature\Http\Controllers\Api\PriceSearchControllerTest, 30 tests)
Test Preparation Started (Tests\Feature\Http\Controllers\Api\PriceSearchControllerTest::test_can_get_best_offer_by_product_id)
Before Test Method Called (Tests\Feature\Http\Controllers\Api\PriceSearchControllerTest::setUp)
Before Test Method Finished:
- Tests\Feature\Http\Controllers\Api\PriceSearchControllerTest::setUp
Test Prepared (Tests\Feature\Http\Controllers\Api\PriceSearchControllerTest::test_can_get_best_offer_by_product_id)
After Test Method Called (Tests\Feature\Http\Controllers\Api\PriceSearchControllerTest::tearDown)
After Test Method Finished:
- Tests\Feature\Http\Controllers\Api\PriceSearchControllerTest::tearDown
Test Passed (Tests\Feature\Http\Controllers\Api\PriceSearchControllerTest::test_can_get_best_offer_by_product_id)
Test Finished (Tests\Feature\Http\Controllers\Api\PriceSearchControllerTest::test_can_get_best_offer_by_product_id)
Test Preparation Started (Tests\Feature\Http\Controllers\Api\PriceSearchControllerTest::test_can_get_best_offer_by_product_name)
Before Test Method Called (Tests\Feature\Http\Controllers\Api\PriceSearchControllerTest::setUp)
Before Test Method Finished:
- Tests\Feature\Http\Controllers\Api\PriceSearchControllerTest::setUp
Test Prepared (Tests\Feature\Http\Controllers\Api\PriceSearchControllerTest::test_can_get_best_offer_by_product_name)
After Test Method Called (Tests\Feature\Http\Controllers\Api\PriceSearchControllerTest::tearDown)
After Test Method Finished:
- Tests\Feature\Http\Controllers\Api\PriceSearchControllerTest::tearDown
Test Passed (Tests\Feature\Http\Controllers\Api\PriceSearchControllerTest::test_can_get_best_offer_by_product_name)
Test Finished (Tests\Feature\Http\Controllers\Api\PriceSearchControllerTest::test_can_get_best_offer_by_product_name)
Test Preparation Started (Tests\Feature\Http\Controllers\Api\PriceSearchControllerTest::test_returns_404_for_nonexistent_product_by_id)
Before Test Method Called (Tests\Feature\Http\Controllers\Api\PriceSearchControllerTest::setUp)
Before Test Method Finished:
- Tests\Feature\Http\Controllers\Api\PriceSearchControllerTest::setUp
Test Prepared (Tests\Feature\Http\Controllers\Api\PriceSearchControllerTest::test_returns_404_for_nonexistent_product_by_id)
After Test Method Called (Tests\Feature\Http\Controllers\Api\PriceSearchControllerTest::tearDown)
After Test Method Finished:
- Tests\Feature\Http\Controllers\Api\PriceSearchControllerTest::tearDown
Test Passed (Tests\Feature\Http\Controllers\Api\PriceSearchControllerTest::test_returns_404_for_nonexistent_product_by_id)
Test Finished (Tests\Feature\Http\Controllers\Api\PriceSearchControllerTest::test_returns_404_for_nonexistent_product_by_id)
Test Preparation Started (Tests\Feature\Http\Controllers\Api\PriceSearchControllerTest::test_returns_404_for_nonexistent_product_by_name)
Before Test Method Called (Tests\Feature\Http\Controllers\Api\PriceSearchControllerTest::setUp)
Before Test Method Finished:
- Tests\Feature\Http\Controllers\Api\PriceSearchControllerTest::setUp
Test Prepared (Tests\Feature\Http\Controllers\Api\PriceSearchControllerTest::test_returns_404_for_nonexistent_product_by_name)
After Test Method Called (Tests\Feature\Http\Controllers\Api\PriceSearchControllerTest::tearDown)
After Test Method Finished:
- Tests\Feature\Http\Controllers\Api\PriceSearchControllerTest::tearDown
Test Passed (Tests\Feature\Http\Controllers\Api\PriceSearchControllerTest::test_returns_404_for_nonexistent_product_by_name)
Test Finished (Tests\Feature\Http\Controllers\Api\PriceSearchControllerTest::test_returns_404_for_nonexistent_product_by_name)
Test Preparation Started (Tests\Feature\Http\Controllers\Api\PriceSearchControllerTest::test_returns_404_when_no_offers_available)
Before Test Method Called (Tests\Feature\Http\Controllers\Api\PriceSearchControllerTest::setUp)
Before Test Method Finished:
- Tests\Feature\Http\Controllers\Api\PriceSearchControllerTest::setUp
Test Prepared (Tests\Feature\Http\Controllers\Api\PriceSearchControllerTest::test_returns_404_when_no_offers_available)
After Test Method Called (Tests\Feature\Http\Controllers\Api\PriceSearchControllerTest::tearDown)
After Test Method Finished:
- Tests\Feature\Http\Controllers\Api\PriceSearchControllerTest::tearDown
Test Passed (Tests\Feature\Http\Controllers\Api\PriceSearchControllerTest::test_returns_404_when_no_offers_available)
Test Finished (Tests\Feature\Http\Controllers\Api\PriceSearchControllerTest::test_returns_404_when_no_offers_available)
Test Preparation Started (Tests\Feature\Http\Controllers\Api\PriceSearchControllerTest::test_returns_all_products_when_no_parameters_provided)
Before Test Method Called (Tests\Feature\Http\Controllers\Api\PriceSearchControllerTest::setUp)
Before Test Method Finished:
- Tests\Feature\Http\Controllers\Api\PriceSearchControllerTest::setUp
Test Prepared (Tests\Feature\Http\Controllers\Api\PriceSearchControllerTest::test_returns_all_products_when_no_parameters_provided)
After Test Method Called (Tests\Feature\Http\Controllers\Api\PriceSearchControllerTest::tearDown)
After Test Method Finished:
- Tests\Feature\Http\Controllers\Api\PriceSearchControllerTest::tearDown
Test Passed (Tests\Feature\Http\Controllers\Api\PriceSearchControllerTest::test_returns_all_products_when_no_parameters_provided)
Test Finished (Tests\Feature\Http\Controllers\Api\PriceSearchControllerTest::test_returns_all_products_when_no_parameters_provided)
Test Preparation Started (Tests\Feature\Http\Controllers\Api\PriceSearchControllerTest::test_returns_404_when_no_products_exist)
Before Test Method Called (Tests\Feature\Http\Controllers\Api\PriceSearchControllerTest::setUp)
Before Test Method Finished:
- Tests\Feature\Http\Controllers\Api\PriceSearchControllerTest::setUp
Test Prepared (Tests\Feature\Http\Controllers\Api\PriceSearchControllerTest::test_returns_404_when_no_products_exist)
After Test Method Called (Tests\Feature\Http\Controllers\Api\PriceSearchControllerTest::tearDown)
After Test Method Finished:
- Tests\Feature\Http\Controllers\Api\PriceSearchControllerTest::tearDown
Test Passed (Tests\Feature\Http\Controllers\Api\PriceSearchControllerTest::test_returns_404_when_no_products_exist)
Test Finished (Tests\Feature\Http\Controllers\Api\PriceSearchControllerTest::test_returns_404_when_no_products_exist)
Test Preparation Started (Tests\Feature\Http\Controllers\Api\PriceSearchControllerTest::test_can_get_supported_stores)
Before Test Method Called (Tests\Feature\Http\Controllers\Api\PriceSearchControllerTest::setUp)
Before Test Method Finished:
- Tests\Feature\Http\Controllers\Api\PriceSearchControllerTest::setUp
Test Prepared (Tests\Feature\Http\Controllers\Api\PriceSearchControllerTest::test_can_get_supported_stores)
After Test Method Called (Tests\Feature\Http\Controllers\Api\PriceSearchControllerTest::tearDown)
After Test Method Finished:
- Tests\Feature\Http\Controllers\Api\PriceSearchControllerTest::tearDown
Test Passed (Tests\Feature\Http\Controllers\Api\PriceSearchControllerTest::test_can_get_supported_stores)
Test Finished (Tests\Feature\Http\Controllers\Api\PriceSearchControllerTest::test_can_get_supported_stores)
Test Preparation Started (Tests\Feature\Http\Controllers\Api\PriceSearchControllerTest::test_can_search_products)
Before Test Method Called (Tests\Feature\Http\Controllers\Api\PriceSearchControllerTest::setUp)
Before Test Method Finished:
- Tests\Feature\Http\Controllers\Api\PriceSearchControllerTest::setUp
Test Prepared (Tests\Feature\Http\Controllers\Api\PriceSearchControllerTest::test_can_search_products)
After Test Method Called (Tests\Feature\Http\Controllers\Api\PriceSearchControllerTest::tearDown)
After Test Method Finished:
- Tests\Feature\Http\Controllers\Api\PriceSearchControllerTest::tearDown
Test Passed (Tests\Feature\Http\Controllers\Api\PriceSearchControllerTest::test_can_search_products)
Test Finished (Tests\Feature\Http\Controllers\Api\PriceSearchControllerTest::test_can_search_products)
Test Preparation Started (Tests\Feature\Http\Controllers\Api\PriceSearchControllerTest::test_can_search_products_with_query_parameter)
Before Test Method Called (Tests\Feature\Http\Controllers\Api\PriceSearchControllerTest::setUp)
Before Test Method Finished:
- Tests\Feature\Http\Controllers\Api\PriceSearchControllerTest::setUp
Test Prepared (Tests\Feature\Http\Controllers\Api\PriceSearchControllerTest::test_can_search_products_with_query_parameter)
After Test Method Called (Tests\Feature\Http\Controllers\Api\PriceSearchControllerTest::tearDown)
After Test Method Finished:
- Tests\Feature\Http\Controllers\Api\PriceSearchControllerTest::tearDown
Test Passed (Tests\Feature\Http\Controllers\Api\PriceSearchControllerTest::test_can_search_products_with_query_parameter)
Test Finished (Tests\Feature\Http\Controllers\Api\PriceSearchControllerTest::test_can_search_products_with_query_parameter)
Test Preparation Started (Tests\Feature\Http\Controllers\Api\PriceSearchControllerTest::test_can_search_products_with_name_parameter)
Before Test Method Called (Tests\Feature\Http\Controllers\Api\PriceSearchControllerTest::setUp)
Before Test Method Finished:
- Tests\Feature\Http\Controllers\Api\PriceSearchControllerTest::setUp
Test Prepared (Tests\Feature\Http\Controllers\Api\PriceSearchControllerTest::test_can_search_products_with_name_parameter)
After Test Method Called (Tests\Feature\Http\Controllers\Api\PriceSearchControllerTest::tearDown)
After Test Method Finished:
- Tests\Feature\Http\Controllers\Api\PriceSearchControllerTest::tearDown
Test Passed (Tests\Feature\Http\Controllers\Api\PriceSearchControllerTest::test_can_search_products_with_name_parameter)
Test Finished (Tests\Feature\Http\Controllers\Api\PriceSearchControllerTest::test_can_search_products_with_name_parameter)
Test Preparation Started (Tests\Feature\Http\Controllers\Api\PriceSearchControllerTest::test_returns_400_when_search_query_is_empty)
Before Test Method Called (Tests\Feature\Http\Controllers\Api\PriceSearchControllerTest::setUp)
Before Test Method Finished:
- Tests\Feature\Http\Controllers\Api\PriceSearchControllerTest::setUp
Test Prepared (Tests\Feature\Http\Controllers\Api\PriceSearchControllerTest::test_returns_400_when_search_query_is_empty)
After Test Method Called (Tests\Feature\Http\Controllers\Api\PriceSearchControllerTest::tearDown)
After Test Method Finished:
- Tests\Feature\Http\Controllers\Api\PriceSearchControllerTest::tearDown
Test Passed (Tests\Feature\Http\Controllers\Api\PriceSearchControllerTest::test_returns_400_when_search_query_is_empty)
Test Finished (Tests\Feature\Http\Controllers\Api\PriceSearchControllerTest::test_returns_400_when_search_query_is_empty)
Test Preparation Started (Tests\Feature\Http\Controllers\Api\PriceSearchControllerTest::test_returns_400_when_search_query_is_missing)
Before Test Method Called (Tests\Feature\Http\Controllers\Api\PriceSearchControllerTest::setUp)
Before Test Method Finished:
- Tests\Feature\Http\Controllers\Api\PriceSearchControllerTest::setUp
Test Prepared (Tests\Feature\Http\Controllers\Api\PriceSearchControllerTest::test_returns_400_when_search_query_is_missing)
After Test Method Called (Tests\Feature\Http\Controllers\Api\PriceSearchControllerTest::tearDown)
After Test Method Finished:
- Tests\Feature\Http\Controllers\Api\PriceSearchControllerTest::tearDown
Test Passed (Tests\Feature\Http\Controllers\Api\PriceSearchControllerTest::test_returns_400_when_search_query_is_missing)
Test Finished (Tests\Feature\Http\Controllers\Api\PriceSearchControllerTest::test_returns_400_when_search_query_is_missing)
Test Preparation Started (Tests\Feature\Http\Controllers\Api\PriceSearchControllerTest::test_handles_search_with_special_characters)
Before Test Method Called (Tests\Feature\Http\Controllers\Api\PriceSearchControllerTest::setUp)
Before Test Method Finished:
- Tests\Feature\Http\Controllers\Api\PriceSearchControllerTest::setUp
Test Prepared (Tests\Feature\Http\Controllers\Api\PriceSearchControllerTest::test_handles_search_with_special_characters)
After Test Method Called (Tests\Feature\Http\Controllers\Api\PriceSearchControllerTest::tearDown)
After Test Method Finished:
- Tests\Feature\Http\Controllers\Api\PriceSearchControllerTest::tearDown
Test Passed (Tests\Feature\Http\Controllers\Api\PriceSearchControllerTest::test_handles_search_with_special_characters)
Test Finished (Tests\Feature\Http\Controllers\Api\PriceSearchControllerTest::test_handles_search_with_special_characters)
Test Preparation Started (Tests\Feature\Http\Controllers\Api\PriceSearchControllerTest::test_handles_search_with_sql_injection_attempt)
Before Test Method Called (Tests\Feature\Http\Controllers\Api\PriceSearchControllerTest::setUp)
Before Test Method Finished:
- Tests\Feature\Http\Controllers\Api\PriceSearchControllerTest::setUp
Test Prepared (Tests\Feature\Http\Controllers\Api\PriceSearchControllerTest::test_handles_search_with_sql_injection_attempt)
After Test Method Called (Tests\Feature\Http\Controllers\Api\PriceSearchControllerTest::tearDown)
After Test Method Finished:
- Tests\Feature\Http\Controllers\Api\PriceSearchControllerTest::tearDown
Test Passed (Tests\Feature\Http\Controllers\Api\PriceSearchControllerTest::test_handles_search_with_sql_injection_attempt)
Test Finished (Tests\Feature\Http\Controllers\Api\PriceSearchControllerTest::test_handles_search_with_sql_injection_attempt)
Test Preparation Started (Tests\Feature\Http\Controllers\Api\PriceSearchControllerTest::test_handles_search_with_xss_attempt)
Before Test Method Called (Tests\Feature\Http\Controllers\Api\PriceSearchControllerTest::setUp)
Before Test Method Finished:
- Tests\Feature\Http\Controllers\Api\PriceSearchControllerTest::setUp
Test Prepared (Tests\Feature\Http\Controllers\Api\PriceSearchControllerTest::test_handles_search_with_xss_attempt)
After Test Method Called (Tests\Feature\Http\Controllers\Api\PriceSearchControllerTest::tearDown)
After Test Method Finished:
- Tests\Feature\Http\Controllers\Api\PriceSearchControllerTest::tearDown
Test Passed (Tests\Feature\Http\Controllers\Api\PriceSearchControllerTest::test_handles_search_with_xss_attempt)
Test Finished (Tests\Feature\Http\Controllers\Api\PriceSearchControllerTest::test_handles_search_with_xss_attempt)
Test Preparation Started (Tests\Feature\Http\Controllers\Api\PriceSearchControllerTest::test_handles_search_with_very_long_query)
Before Test Method Called (Tests\Feature\Http\Controllers\Api\PriceSearchControllerTest::setUp)
Before Test Method Finished:
- Tests\Feature\Http\Controllers\Api\PriceSearchControllerTest::setUp
Test Prepared (Tests\Feature\Http\Controllers\Api\PriceSearchControllerTest::test_handles_search_with_very_long_query)
After Test Method Called (Tests\Feature\Http\Controllers\Api\PriceSearchControllerTest::tearDown)
After Test Method Finished:
- Tests\Feature\Http\Controllers\Api\PriceSearchControllerTest::tearDown
Test Passed (Tests\Feature\Http\Controllers\Api\PriceSearchControllerTest::test_handles_search_with_very_long_query)
Test Finished (Tests\Feature\Http\Controllers\Api\PriceSearchControllerTest::test_handles_search_with_very_long_query)
Test Preparation Started (Tests\Feature\Http\Controllers\Api\PriceSearchControllerTest::test_handles_search_with_unicode_characters)
Before Test Method Called (Tests\Feature\Http\Controllers\Api\PriceSearchControllerTest::setUp)
Before Test Method Finished:
- Tests\Feature\Http\Controllers\Api\PriceSearchControllerTest::setUp
Test Prepared (Tests\Feature\Http\Controllers\Api\PriceSearchControllerTest::test_handles_search_with_unicode_characters)
After Test Method Called (Tests\Feature\Http\Controllers\Api\PriceSearchControllerTest::tearDown)
After Test Method Finished:
- Tests\Feature\Http\Controllers\Api\PriceSearchControllerTest::tearDown
Test Passed (Tests\Feature\Http\Controllers\Api\PriceSearchControllerTest::test_handles_search_with_unicode_characters)
Test Finished (Tests\Feature\Http\Controllers\Api\PriceSearchControllerTest::test_handles_search_with_unicode_characters)
Test Preparation Started (Tests\Feature\Http\Controllers\Api\PriceSearchControllerTest::test_handles_search_with_multiple_words)
Before Test Method Called (Tests\Feature\Http\Controllers\Api\PriceSearchControllerTest::setUp)
Before Test Method Finished:
- Tests\Feature\Http\Controllers\Api\PriceSearchControllerTest::setUp
Test Prepared (Tests\Feature\Http\Controllers\Api\PriceSearchControllerTest::test_handles_search_with_multiple_words)
After Test Method Called (Tests\Feature\Http\Controllers\Api\PriceSearchControllerTest::tearDown)
After Test Method Finished:
- Tests\Feature\Http\Controllers\Api\PriceSearchControllerTest::tearDown
Test Passed (Tests\Feature\Http\Controllers\Api\PriceSearchControllerTest::test_handles_search_with_multiple_words)
Test Finished (Tests\Feature\Http\Controllers\Api\PriceSearchControllerTest::test_handles_search_with_multiple_words)
Test Preparation Started (Tests\Feature\Http\Controllers\Api\PriceSearchControllerTest::test_handles_search_with_numbers)
Before Test Method Called (Tests\Feature\Http\Controllers\Api\PriceSearchControllerTest::setUp)
Before Test Method Finished:
- Tests\Feature\Http\Controllers\Api\PriceSearchControllerTest::setUp
Test Prepared (Tests\Feature\Http\Controllers\Api\PriceSearchControllerTest::test_handles_search_with_numbers)
After Test Method Called (Tests\Feature\Http\Controllers\Api\PriceSearchControllerTest::tearDown)
After Test Method Finished:
- Tests\Feature\Http\Controllers\Api\PriceSearchControllerTest::tearDown
Test Passed (Tests\Feature\Http\Controllers\Api\PriceSearchControllerTest::test_handles_search_with_numbers)
Test Finished (Tests\Feature\Http\Controllers\Api\PriceSearchControllerTest::test_handles_search_with_numbers)
Test Preparation Started (Tests\Feature\Http\Controllers\Api\PriceSearchControllerTest::test_handles_search_with_mixed_content)
Before Test Method Called (Tests\Feature\Http\Controllers\Api\PriceSearchControllerTest::setUp)
Before Test Method Finished:
- Tests\Feature\Http\Controllers\Api\PriceSearchControllerTest::setUp
Test Prepared (Tests\Feature\Http\Controllers\Api\PriceSearchControllerTest::test_handles_search_with_mixed_content)
After Test Method Called (Tests\Feature\Http\Controllers\Api\PriceSearchControllerTest::tearDown)
After Test Method Finished:
- Tests\Feature\Http\Controllers\Api\PriceSearchControllerTest::tearDown
Test Passed (Tests\Feature\Http\Controllers\Api\PriceSearchControllerTest::test_handles_search_with_mixed_content)
Test Finished (Tests\Feature\Http\Controllers\Api\PriceSearchControllerTest::test_handles_search_with_mixed_content)
Test Preparation Started (Tests\Feature\Http\Controllers\Api\PriceSearchControllerTest::test_handles_search_with_empty_results)
Before Test Method Called (Tests\Feature\Http\Controllers\Api\PriceSearchControllerTest::setUp)
Before Test Method Finished:
- Tests\Feature\Http\Controllers\Api\PriceSearchControllerTest::setUp
Test Prepared (Tests\Feature\Http\Controllers\Api\PriceSearchControllerTest::test_handles_search_with_empty_results)
After Test Method Called (Tests\Feature\Http\Controllers\Api\PriceSearchControllerTest::tearDown)
After Test Method Finished:
- Tests\Feature\Http\Controllers\Api\PriceSearchControllerTest::tearDown
Test Passed (Tests\Feature\Http\Controllers\Api\PriceSearchControllerTest::test_handles_search_with_empty_results)
Test Finished (Tests\Feature\Http\Controllers\Api\PriceSearchControllerTest::test_handles_search_with_empty_results)
Test Preparation Started (Tests\Feature\Http\Controllers\Api\PriceSearchControllerTest::test_handles_search_with_whitespace_only)
Before Test Method Called (Tests\Feature\Http\Controllers\Api\PriceSearchControllerTest::setUp)
Before Test Method Finished:
- Tests\Feature\Http\Controllers\Api\PriceSearchControllerTest::setUp
Test Prepared (Tests\Feature\Http\Controllers\Api\PriceSearchControllerTest::test_handles_search_with_whitespace_only)
After Test Method Called (Tests\Feature\Http\Controllers\Api\PriceSearchControllerTest::tearDown)
After Test Method Finished:
- Tests\Feature\Http\Controllers\Api\PriceSearchControllerTest::tearDown
Test Passed (Tests\Feature\Http\Controllers\Api\PriceSearchControllerTest::test_handles_search_with_whitespace_only)
Test Finished (Tests\Feature\Http\Controllers\Api\PriceSearchControllerTest::test_handles_search_with_whitespace_only)
Test Preparation Started (Tests\Feature\Http\Controllers\Api\PriceSearchControllerTest::test_handles_search_with_tabs_and_newlines)
Before Test Method Called (Tests\Feature\Http\Controllers\Api\PriceSearchControllerTest::setUp)
Before Test Method Finished:
- Tests\Feature\Http\Controllers\Api\PriceSearchControllerTest::setUp
Test Prepared (Tests\Feature\Http\Controllers\Api\PriceSearchControllerTest::test_handles_search_with_tabs_and_newlines)
After Test Method Called (Tests\Feature\Http\Controllers\Api\PriceSearchControllerTest::tearDown)
After Test Method Finished:
- Tests\Feature\Http\Controllers\Api\PriceSearchControllerTest::tearDown
Test Passed (Tests\Feature\Http\Controllers\Api\PriceSearchControllerTest::test_handles_search_with_tabs_and_newlines)
Test Finished (Tests\Feature\Http\Controllers\Api\PriceSearchControllerTest::test_handles_search_with_tabs_and_newlines)
Test Preparation Started (Tests\Feature\Http\Controllers\Api\PriceSearchControllerTest::test_handles_search_with_null_parameter)
Before Test Method Called (Tests\Feature\Http\Controllers\Api\PriceSearchControllerTest::setUp)
Before Test Method Finished:
- Tests\Feature\Http\Controllers\Api\PriceSearchControllerTest::setUp
Test Prepared (Tests\Feature\Http\Controllers\Api\PriceSearchControllerTest::test_handles_search_with_null_parameter)
After Test Method Called (Tests\Feature\Http\Controllers\Api\PriceSearchControllerTest::tearDown)
After Test Method Finished:
- Tests\Feature\Http\Controllers\Api\PriceSearchControllerTest::tearDown
Test Passed (Tests\Feature\Http\Controllers\Api\PriceSearchControllerTest::test_handles_search_with_null_parameter)
Test Finished (Tests\Feature\Http\Controllers\Api\PriceSearchControllerTest::test_handles_search_with_null_parameter)
Test Preparation Started (Tests\Feature\Http\Controllers\Api\PriceSearchControllerTest::test_handles_search_with_array_parameter)
Before Test Method Called (Tests\Feature\Http\Controllers\Api\PriceSearchControllerTest::setUp)
Before Test Method Finished:
- Tests\Feature\Http\Controllers\Api\PriceSearchControllerTest::setUp
Test Prepared (Tests\Feature\Http\Controllers\Api\PriceSearchControllerTest::test_handles_search_with_array_parameter)
After Test Method Called (Tests\Feature\Http\Controllers\Api\PriceSearchControllerTest::tearDown)
After Test Method Finished:
- Tests\Feature\Http\Controllers\Api\PriceSearchControllerTest::tearDown
Test Passed (Tests\Feature\Http\Controllers\Api\PriceSearchControllerTest::test_handles_search_with_array_parameter)
Test Finished (Tests\Feature\Http\Controllers\Api\PriceSearchControllerTest::test_handles_search_with_array_parameter)
Test Preparation Started (Tests\Feature\Http\Controllers\Api\PriceSearchControllerTest::test_handles_search_with_object_parameter)
Before Test Method Called (Tests\Feature\Http\Controllers\Api\PriceSearchControllerTest::setUp)
Before Test Method Finished:
- Tests\Feature\Http\Controllers\Api\PriceSearchControllerTest::setUp
Test Prepared (Tests\Feature\Http\Controllers\Api\PriceSearchControllerTest::test_handles_search_with_object_parameter)
After Test Method Called (Tests\Feature\Http\Controllers\Api\PriceSearchControllerTest::tearDown)
After Test Method Finished:
- Tests\Feature\Http\Controllers\Api\PriceSearchControllerTest::tearDown
Test Passed (Tests\Feature\Http\Controllers\Api\PriceSearchControllerTest::test_handles_search_with_object_parameter)
Test Finished (Tests\Feature\Http\Controllers\Api\PriceSearchControllerTest::test_handles_search_with_object_parameter)
Test Preparation Started (Tests\Feature\Http\Controllers\Api\PriceSearchControllerTest::test_handles_search_with_boolean_parameter)
Before Test Method Called (Tests\Feature\Http\Controllers\Api\PriceSearchControllerTest::setUp)
Before Test Method Finished:
- Tests\Feature\Http\Controllers\Api\PriceSearchControllerTest::setUp
Test Prepared (Tests\Feature\Http\Controllers\Api\PriceSearchControllerTest::test_handles_search_with_boolean_parameter)
After Test Method Called (Tests\Feature\Http\Controllers\Api\PriceSearchControllerTest::tearDown)
After Test Method Finished:
- Tests\Feature\Http\Controllers\Api\PriceSearchControllerTest::tearDown
Test Passed (Tests\Feature\Http\Controllers\Api\PriceSearchControllerTest::test_handles_search_with_boolean_parameter)
Test Finished (Tests\Feature\Http\Controllers\Api\PriceSearchControllerTest::test_handles_search_with_boolean_parameter)
Test Preparation Started (Tests\Feature\Http\Controllers\Api\PriceSearchControllerTest::test_handles_search_with_numeric_parameter)
Before Test Method Called (Tests\Feature\Http\Controllers\Api\PriceSearchControllerTest::setUp)
Before Test Method Finished:
- Tests\Feature\Http\Controllers\Api\PriceSearchControllerTest::setUp
Test Prepared (Tests\Feature\Http\Controllers\Api\PriceSearchControllerTest::test_handles_search_with_numeric_parameter)
After Test Method Called (Tests\Feature\Http\Controllers\Api\PriceSearchControllerTest::tearDown)
After Test Method Finished:
- Tests\Feature\Http\Controllers\Api\PriceSearchControllerTest::tearDown
Test Passed (Tests\Feature\Http\Controllers\Api\PriceSearchControllerTest::test_handles_search_with_numeric_parameter)
Test Finished (Tests\Feature\Http\Controllers\Api\PriceSearchControllerTest::test_handles_search_with_numeric_parameter)
Test Preparation Started (Tests\Feature\Http\Controllers\Api\PriceSearchControllerTest::test_handles_search_with_float_parameter)
Before Test Method Called (Tests\Feature\Http\Controllers\Api\PriceSearchControllerTest::setUp)
Before Test Method Finished:
- Tests\Feature\Http\Controllers\Api\PriceSearchControllerTest::setUp
Test Prepared (Tests\Feature\Http\Controllers\Api\PriceSearchControllerTest::test_handles_search_with_float_parameter)
After Test Method Called (Tests\Feature\Http\Controllers\Api\PriceSearchControllerTest::tearDown)
After Test Method Finished:
- Tests\Feature\Http\Controllers\Api\PriceSearchControllerTest::tearDown
Test Passed (Tests\Feature\Http\Controllers\Api\PriceSearchControllerTest::test_handles_search_with_float_parameter)
Test Finished (Tests\Feature\Http\Controllers\Api\PriceSearchControllerTest::test_handles_search_with_float_parameter)
After Last Test Method Called (Tests\Feature\Http\Controllers\Api\PriceSearchControllerTest::tearDownAfterClass)
After Last Test Method Finished:
- Tests\Feature\Http\Controllers\Api\PriceSearchControllerTest::tearDownAfterClass
Test Suite Finished (Tests\Feature\Http\Controllers\Api\PriceSearchControllerTest, 30 tests)
Test Suite Started (Tests\Feature\Http\Controllers\Api\ProductControllerTest, 9 tests)
Test Preparation Started (Tests\Feature\Http\Controllers\Api\ProductControllerTest::test_can_list_products)
Before Test Method Called (Tests\Feature\Http\Controllers\Api\ProductControllerTest::setUp)
Before Test Method Finished:
- Tests\Feature\Http\Controllers\Api\ProductControllerTest::setUp
Test Prepared (Tests\Feature\Http\Controllers\Api\ProductControllerTest::test_can_list_products)
After Test Method Called (Tests\Feature\Http\Controllers\Api\ProductControllerTest::tearDown)
After Test Method Finished:
- Tests\Feature\Http\Controllers\Api\ProductControllerTest::tearDown
Test Passed (Tests\Feature\Http\Controllers\Api\ProductControllerTest::test_can_list_products)
Test Finished (Tests\Feature\Http\Controllers\Api\ProductControllerTest::test_can_list_products)
Test Preparation Started (Tests\Feature\Http\Controllers\Api\ProductControllerTest::test_can_show_specific_product)
Before Test Method Called (Tests\Feature\Http\Controllers\Api\ProductControllerTest::setUp)
Before Test Method Finished:
- Tests\Feature\Http\Controllers\Api\ProductControllerTest::setUp
Test Prepared (Tests\Feature\Http\Controllers\Api\ProductControllerTest::test_can_show_specific_product)
After Test Method Called (Tests\Feature\Http\Controllers\Api\ProductControllerTest::tearDown)
After Test Method Finished:
- Tests\Feature\Http\Controllers\Api\ProductControllerTest::tearDown
Test Passed (Tests\Feature\Http\Controllers\Api\ProductControllerTest::test_can_show_specific_product)
Test Finished (Tests\Feature\Http\Controllers\Api\ProductControllerTest::test_can_show_specific_product)
Test Preparation Started (Tests\Feature\Http\Controllers\Api\ProductControllerTest::test_returns_404_for_nonexistent_product)
Before Test Method Called (Tests\Feature\Http\Controllers\Api\ProductControllerTest::setUp)
Before Test Method Finished:
- Tests\Feature\Http\Controllers\Api\ProductControllerTest::setUp
Test Prepared (Tests\Feature\Http\Controllers\Api\ProductControllerTest::test_returns_404_for_nonexistent_product)
After Test Method Called (Tests\Feature\Http\Controllers\Api\ProductControllerTest::tearDown)
After Test Method Finished:
- Tests\Feature\Http\Controllers\Api\ProductControllerTest::tearDown
Test Passed (Tests\Feature\Http\Controllers\Api\ProductControllerTest::test_returns_404_for_nonexistent_product)
Test Finished (Tests\Feature\Http\Controllers\Api\ProductControllerTest::test_returns_404_for_nonexistent_product)
Test Preparation Started (Tests\Feature\Http\Controllers\Api\ProductControllerTest::test_can_search_products)
Before Test Method Called (Tests\Feature\Http\Controllers\Api\ProductControllerTest::setUp)
Before Test Method Finished:
- Tests\Feature\Http\Controllers\Api\ProductControllerTest::setUp
Test Prepared (Tests\Feature\Http\Controllers\Api\ProductControllerTest::test_can_search_products)
After Test Method Called (Tests\Feature\Http\Controllers\Api\ProductControllerTest::tearDown)
After Test Method Finished:
- Tests\Feature\Http\Controllers\Api\ProductControllerTest::tearDown
Test Passed (Tests\Feature\Http\Controllers\Api\ProductControllerTest::test_can_search_products)
Test Finished (Tests\Feature\Http\Controllers\Api\ProductControllerTest::test_can_search_products)
Test Preparation Started (Tests\Feature\Http\Controllers\Api\ProductControllerTest::test_can_filter_products_by_category)
Before Test Method Called (Tests\Feature\Http\Controllers\Api\ProductControllerTest::setUp)
Before Test Method Finished:
- Tests\Feature\Http\Controllers\Api\ProductControllerTest::setUp
Test Prepared (Tests\Feature\Http\Controllers\Api\ProductControllerTest::test_can_filter_products_by_category)
After Test Method Called (Tests\Feature\Http\Controllers\Api\ProductControllerTest::tearDown)
After Test Method Finished:
- Tests\Feature\Http\Controllers\Api\ProductControllerTest::tearDown
Test Passed (Tests\Feature\Http\Controllers\Api\ProductControllerTest::test_can_filter_products_by_category)
Test Finished (Tests\Feature\Http\Controllers\Api\ProductControllerTest::test_can_filter_products_by_category)
Test Preparation Started (Tests\Feature\Http\Controllers\Api\ProductControllerTest::test_can_sort_products)
Before Test Method Called (Tests\Feature\Http\Controllers\Api\ProductControllerTest::setUp)
Before Test Method Finished:
- Tests\Feature\Http\Controllers\Api\ProductControllerTest::setUp
Test Prepared (Tests\Feature\Http\Controllers\Api\ProductControllerTest::test_can_sort_products)
After Test Method Called (Tests\Feature\Http\Controllers\Api\ProductControllerTest::tearDown)
After Test Method Finished:
- Tests\Feature\Http\Controllers\Api\ProductControllerTest::tearDown
Test Passed (Tests\Feature\Http\Controllers\Api\ProductControllerTest::test_can_sort_products)
Test Finished (Tests\Feature\Http\Controllers\Api\ProductControllerTest::test_can_sort_products)
Test Preparation Started (Tests\Feature\Http\Controllers\Api\ProductControllerTest::test_can_paginate_products)
Before Test Method Called (Tests\Feature\Http\Controllers\Api\ProductControllerTest::setUp)
Before Test Method Finished:
- Tests\Feature\Http\Controllers\Api\ProductControllerTest::setUp
Test Prepared (Tests\Feature\Http\Controllers\Api\ProductControllerTest::test_can_paginate_products)
After Test Method Called (Tests\Feature\Http\Controllers\Api\ProductControllerTest::tearDown)
After Test Method Finished:
- Tests\Feature\Http\Controllers\Api\ProductControllerTest::tearDown
Test Passed (Tests\Feature\Http\Controllers\Api\ProductControllerTest::test_can_paginate_products)
Test Finished (Tests\Feature\Http\Controllers\Api\ProductControllerTest::test_can_paginate_products)
Test Preparation Started (Tests\Feature\Http\Controllers\Api\ProductControllerTest::test_handles_invalid_pagination_parameters)
Before Test Method Called (Tests\Feature\Http\Controllers\Api\ProductControllerTest::setUp)
Before Test Method Finished:
- Tests\Feature\Http\Controllers\Api\ProductControllerTest::setUp
Test Prepared (Tests\Feature\Http\Controllers\Api\ProductControllerTest::test_handles_invalid_pagination_parameters)
After Test Method Called (Tests\Feature\Http\Controllers\Api\ProductControllerTest::tearDown)
After Test Method Finished:
- Tests\Feature\Http\Controllers\Api\ProductControllerTest::tearDown
Test Passed (Tests\Feature\Http\Controllers\Api\ProductControllerTest::test_handles_invalid_pagination_parameters)
Test Finished (Tests\Feature\Http\Controllers\Api\ProductControllerTest::test_handles_invalid_pagination_parameters)
Test Preparation Started (Tests\Feature\Http\Controllers\Api\ProductControllerTest::test_handles_invalid_sort_parameters)
Before Test Method Called (Tests\Feature\Http\Controllers\Api\ProductControllerTest::setUp)
Before Test Method Finished:
- Tests\Feature\Http\Controllers\Api\ProductControllerTest::setUp
Test Prepared (Tests\Feature\Http\Controllers\Api\ProductControllerTest::test_handles_invalid_sort_parameters)
After Test Method Called (Tests\Feature\Http\Controllers\Api\ProductControllerTest::tearDown)
After Test Method Finished:
- Tests\Feature\Http\Controllers\Api\ProductControllerTest::tearDown
Test Passed (Tests\Feature\Http\Controllers\Api\ProductControllerTest::test_handles_invalid_sort_parameters)
Test Finished (Tests\Feature\Http\Controllers\Api\ProductControllerTest::test_handles_invalid_sort_parameters)
After Last Test Method Called (Tests\Feature\Http\Controllers\Api\ProductControllerTest::tearDownAfterClass)
After Last Test Method Finished:
- Tests\Feature\Http\Controllers\Api\ProductControllerTest::tearDownAfterClass
Test Suite Finished (Tests\Feature\Http\Controllers\Api\ProductControllerTest, 9 tests)
Test Suite Started (Tests\Feature\Http\Controllers\BackupControllerTest, 2 tests)
Child Process Started
Test Preparation Started (Tests\Feature\Http\Controllers\BackupControllerTest::it_can_get_backups_list)
Before Test Method Called (Tests\Feature\Http\Controllers\BackupControllerTest::setUp)
Before Test Method Finished:
- Tests\Feature\Http\Controllers\BackupControllerTest::setUp
Test Prepared (Tests\Feature\Http\Controllers\BackupControllerTest::it_can_get_backups_list)
After Test Method Called (Tests\Feature\Http\Controllers\BackupControllerTest::tearDown)
After Test Method Finished:
- Tests\Feature\Http\Controllers\BackupControllerTest::tearDown
After Last Test Method Called (Tests\Feature\Http\Controllers\BackupControllerTest::tearDownAfterClass)
After Last Test Method Finished:
- Tests\Feature\Http\Controllers\BackupControllerTest::tearDownAfterClass
Test Passed (Tests\Feature\Http\Controllers\BackupControllerTest::it_can_get_backups_list)
Test Finished (Tests\Feature\Http\Controllers\BackupControllerTest::it_can_get_backups_list)
Child Process Finished
Child Process Started
Test Preparation Started (Tests\Feature\Http\Controllers\BackupControllerTest::it_can_create_full_backup)
Before Test Method Called (Tests\Feature\Http\Controllers\BackupControllerTest::setUp)
Before Test Method Finished:
- Tests\Feature\Http\Controllers\BackupControllerTest::setUp
Test Prepared (Tests\Feature\Http\Controllers\BackupControllerTest::it_can_create_full_backup)
After Test Method Called (Tests\Feature\Http\Controllers\BackupControllerTest::tearDown)
After Test Method Finished:
- Tests\Feature\Http\Controllers\BackupControllerTest::tearDown
After Last Test Method Called (Tests\Feature\Http\Controllers\BackupControllerTest::tearDownAfterClass)
After Last Test Method Finished:
- Tests\Feature\Http\Controllers\BackupControllerTest::tearDownAfterClass
Test Passed (Tests\Feature\Http\Controllers\BackupControllerTest::it_can_create_full_backup)
Test Finished (Tests\Feature\Http\Controllers\BackupControllerTest::it_can_create_full_backup)
Child Process Finished
After Last Test Method Called (Tests\Feature\Http\Controllers\BackupControllerTest::tearDownAfterClass)
After Last Test Method Finished:
- Tests\Feature\Http\Controllers\BackupControllerTest::tearDownAfterClass
Test Suite Finished (Tests\Feature\Http\Controllers\BackupControllerTest, 2 tests)
Test Suite Started (Tests\Feature\Http\Controllers\BrandControllerTest, 18 tests)
Test Preparation Started (Tests\Feature\Http\Controllers\BrandControllerTest::it_can_display_brands_index)
Before Test Method Called (Tests\Feature\Http\Controllers\BrandControllerTest::setUp)
Before Test Method Finished:
- Tests\Feature\Http\Controllers\BrandControllerTest::setUp
Test Prepared (Tests\Feature\Http\Controllers\BrandControllerTest::it_can_display_brands_index)
After Test Method Called (Tests\Feature\Http\Controllers\BrandControllerTest::tearDown)
After Test Method Finished:
- Tests\Feature\Http\Controllers\BrandControllerTest::tearDown
Test Passed (Tests\Feature\Http\Controllers\BrandControllerTest::it_can_display_brands_index)
Test Finished (Tests\Feature\Http\Controllers\BrandControllerTest::it_can_display_brands_index)
Test Preparation Started (Tests\Feature\Http\Controllers\BrandControllerTest::it_can_display_create_brand_form)
Before Test Method Called (Tests\Feature\Http\Controllers\BrandControllerTest::setUp)
Before Test Method Finished:
- Tests\Feature\Http\Controllers\BrandControllerTest::setUp
Test Prepared (Tests\Feature\Http\Controllers\BrandControllerTest::it_can_display_create_brand_form)
After Test Method Called (Tests\Feature\Http\Controllers\BrandControllerTest::tearDown)
After Test Method Finished:
- Tests\Feature\Http\Controllers\BrandControllerTest::tearDown
Test Passed (Tests\Feature\Http\Controllers\BrandControllerTest::it_can_display_create_brand_form)
Test Finished (Tests\Feature\Http\Controllers\BrandControllerTest::it_can_display_create_brand_form)
Test Preparation Started (Tests\Feature\Http\Controllers\BrandControllerTest::it_can_store_new_brand)
Before Test Method Called (Tests\Feature\Http\Controllers\BrandControllerTest::setUp)
Before Test Method Finished:
- Tests\Feature\Http\Controllers\BrandControllerTest::setUp
Test Prepared (Tests\Feature\Http\Controllers\BrandControllerTest::it_can_store_new_brand)
After Test Method Called (Tests\Feature\Http\Controllers\BrandControllerTest::tearDown)
After Test Method Finished:
- Tests\Feature\Http\Controllers\BrandControllerTest::tearDown
Test Passed (Tests\Feature\Http\Controllers\BrandControllerTest::it_can_store_new_brand)
Test Finished (Tests\Feature\Http\Controllers\BrandControllerTest::it_can_store_new_brand)
Test Preparation Started (Tests\Feature\Http\Controllers\BrandControllerTest::it_validates_brand_creation_request)
Before Test Method Called (Tests\Feature\Http\Controllers\BrandControllerTest::setUp)
Before Test Method Finished:
- Tests\Feature\Http\Controllers\BrandControllerTest::setUp
Test Prepared (Tests\Feature\Http\Controllers\BrandControllerTest::it_validates_brand_creation_request)
After Test Method Called (Tests\Feature\Http\Controllers\BrandControllerTest::tearDown)
After Test Method Finished:
- Tests\Feature\Http\Controllers\BrandControllerTest::tearDown
Test Passed (Tests\Feature\Http\Controllers\BrandControllerTest::it_validates_brand_creation_request)
Test Finished (Tests\Feature\Http\Controllers\BrandControllerTest::it_validates_brand_creation_request)
Test Preparation Started (Tests\Feature\Http\Controllers\BrandControllerTest::it_can_display_brand_details)
Before Test Method Called (Tests\Feature\Http\Controllers\BrandControllerTest::setUp)
Before Test Method Finished:
- Tests\Feature\Http\Controllers\BrandControllerTest::setUp
Test Prepared (Tests\Feature\Http\Controllers\BrandControllerTest::it_can_display_brand_details)
After Test Method Called (Tests\Feature\Http\Controllers\BrandControllerTest::tearDown)
After Test Method Finished:
- Tests\Feature\Http\Controllers\BrandControllerTest::tearDown
Test Passed (Tests\Feature\Http\Controllers\BrandControllerTest::it_can_display_brand_details)
Test Finished (Tests\Feature\Http\Controllers\BrandControllerTest::it_can_display_brand_details)
Test Preparation Started (Tests\Feature\Http\Controllers\BrandControllerTest::it_returns_404_for_nonexistent_brand)
Before Test Method Called (Tests\Feature\Http\Controllers\BrandControllerTest::setUp)
Before Test Method Finished:
- Tests\Feature\Http\Controllers\BrandControllerTest::setUp
Test Prepared (Tests\Feature\Http\Controllers\BrandControllerTest::it_returns_404_for_nonexistent_brand)
After Test Method Called (Tests\Feature\Http\Controllers\BrandControllerTest::tearDown)
After Test Method Finished:
- Tests\Feature\Http\Controllers\BrandControllerTest::tearDown
Test Passed (Tests\Feature\Http\Controllers\BrandControllerTest::it_returns_404_for_nonexistent_brand)
Test Finished (Tests\Feature\Http\Controllers\BrandControllerTest::it_returns_404_for_nonexistent_brand)
Test Preparation Started (Tests\Feature\Http\Controllers\BrandControllerTest::it_can_display_edit_brand_form)
Before Test Method Called (Tests\Feature\Http\Controllers\BrandControllerTest::setUp)
Before Test Method Finished:
- Tests\Feature\Http\Controllers\BrandControllerTest::setUp
Test Prepared (Tests\Feature\Http\Controllers\BrandControllerTest::it_can_display_edit_brand_form)
After Test Method Called (Tests\Feature\Http\Controllers\BrandControllerTest::tearDown)
After Test Method Finished:
- Tests\Feature\Http\Controllers\BrandControllerTest::tearDown
Test Passed (Tests\Feature\Http\Controllers\BrandControllerTest::it_can_display_edit_brand_form)
Test Finished (Tests\Feature\Http\Controllers\BrandControllerTest::it_can_display_edit_brand_form)
Test Preparation Started (Tests\Feature\Http\Controllers\BrandControllerTest::it_can_update_brand)
Before Test Method Called (Tests\Feature\Http\Controllers\BrandControllerTest::setUp)
Before Test Method Finished:
- Tests\Feature\Http\Controllers\BrandControllerTest::setUp
Test Prepared (Tests\Feature\Http\Controllers\BrandControllerTest::it_can_update_brand)
After Test Method Called (Tests\Feature\Http\Controllers\BrandControllerTest::tearDown)
After Test Method Finished:
- Tests\Feature\Http\Controllers\BrandControllerTest::tearDown
Test Passed (Tests\Feature\Http\Controllers\BrandControllerTest::it_can_update_brand)
Test Finished (Tests\Feature\Http\Controllers\BrandControllerTest::it_can_update_brand)
Test Preparation Started (Tests\Feature\Http\Controllers\BrandControllerTest::it_validates_brand_update_request)
Before Test Method Called (Tests\Feature\Http\Controllers\BrandControllerTest::setUp)
Before Test Method Finished:
- Tests\Feature\Http\Controllers\BrandControllerTest::setUp
Test Prepared (Tests\Feature\Http\Controllers\BrandControllerTest::it_validates_brand_update_request)
After Test Method Called (Tests\Feature\Http\Controllers\BrandControllerTest::tearDown)
After Test Method Finished:
- Tests\Feature\Http\Controllers\BrandControllerTest::tearDown
Test Passed (Tests\Feature\Http\Controllers\BrandControllerTest::it_validates_brand_update_request)
Test Finished (Tests\Feature\Http\Controllers\BrandControllerTest::it_validates_brand_update_request)
Test Preparation Started (Tests\Feature\Http\Controllers\BrandControllerTest::it_can_delete_brand)
Before Test Method Called (Tests\Feature\Http\Controllers\BrandControllerTest::setUp)
Before Test Method Finished:
- Tests\Feature\Http\Controllers\BrandControllerTest::setUp
Test Prepared (Tests\Feature\Http\Controllers\BrandControllerTest::it_can_delete_brand)
After Test Method Called (Tests\Feature\Http\Controllers\BrandControllerTest::tearDown)
After Test Method Finished:
- Tests\Feature\Http\Controllers\BrandControllerTest::tearDown
Test Passed (Tests\Feature\Http\Controllers\BrandControllerTest::it_can_delete_brand)
Test Finished (Tests\Feature\Http\Controllers\BrandControllerTest::it_can_delete_brand)
Test Preparation Started (Tests\Feature\Http\Controllers\BrandControllerTest::it_returns_404_when_deleting_nonexistent_brand)
Before Test Method Called (Tests\Feature\Http\Controllers\BrandControllerTest::setUp)
Before Test Method Finished:
- Tests\Feature\Http\Controllers\BrandControllerTest::setUp
Test Prepared (Tests\Feature\Http\Controllers\BrandControllerTest::it_returns_404_when_deleting_nonexistent_brand)
After Test Method Called (Tests\Feature\Http\Controllers\BrandControllerTest::tearDown)
After Test Method Finished:
- Tests\Feature\Http\Controllers\BrandControllerTest::tearDown
Test Passed (Tests\Feature\Http\Controllers\BrandControllerTest::it_returns_404_when_deleting_nonexistent_brand)
Test Finished (Tests\Feature\Http\Controllers\BrandControllerTest::it_returns_404_when_deleting_nonexistent_brand)
Test Preparation Started (Tests\Feature\Http\Controllers\BrandControllerTest::it_requires_authentication_for_all_brand_routes)
Before Test Method Called (Tests\Feature\Http\Controllers\BrandControllerTest::setUp)
Before Test Method Finished:
- Tests\Feature\Http\Controllers\BrandControllerTest::setUp
Test Prepared (Tests\Feature\Http\Controllers\BrandControllerTest::it_requires_authentication_for_all_brand_routes)
After Test Method Called (Tests\Feature\Http\Controllers\BrandControllerTest::tearDown)
After Test Method Finished:
- Tests\Feature\Http\Controllers\BrandControllerTest::tearDown
Test Passed (Tests\Feature\Http\Controllers\BrandControllerTest::it_requires_authentication_for_all_brand_routes)
Test Finished (Tests\Feature\Http\Controllers\BrandControllerTest::it_requires_authentication_for_all_brand_routes)
Test Preparation Started (Tests\Feature\Http\Controllers\BrandControllerTest::it_handles_brand_creation_errors_gracefully)
Before Test Method Called (Tests\Feature\Http\Controllers\BrandControllerTest::setUp)
Before Test Method Finished:
- Tests\Feature\Http\Controllers\BrandControllerTest::setUp
Test Prepared (Tests\Feature\Http\Controllers\BrandControllerTest::it_handles_brand_creation_errors_gracefully)
After Test Method Called (Tests\Feature\Http\Controllers\BrandControllerTest::tearDown)
After Test Method Finished:
- Tests\Feature\Http\Controllers\BrandControllerTest::tearDown
Test Passed (Tests\Feature\Http\Controllers\BrandControllerTest::it_handles_brand_creation_errors_gracefully)
Test Finished (Tests\Feature\Http\Controllers\BrandControllerTest::it_handles_brand_creation_errors_gracefully)
Test Preparation Started (Tests\Feature\Http\Controllers\BrandControllerTest::it_handles_brand_update_errors_gracefully)
Before Test Method Called (Tests\Feature\Http\Controllers\BrandControllerTest::setUp)
Before Test Method Finished:
- Tests\Feature\Http\Controllers\BrandControllerTest::setUp
Test Prepared (Tests\Feature\Http\Controllers\BrandControllerTest::it_handles_brand_update_errors_gracefully)
After Test Method Called (Tests\Feature\Http\Controllers\BrandControllerTest::tearDown)
After Test Method Finished:
- Tests\Feature\Http\Controllers\BrandControllerTest::tearDown
Test Passed (Tests\Feature\Http\Controllers\BrandControllerTest::it_handles_brand_update_errors_gracefully)
Test Finished (Tests\Feature\Http\Controllers\BrandControllerTest::it_handles_brand_update_errors_gracefully)
Test Preparation Started (Tests\Feature\Http\Controllers\BrandControllerTest::it_handles_brand_deletion_errors_gracefully)
Before Test Method Called (Tests\Feature\Http\Controllers\BrandControllerTest::setUp)
Before Test Method Finished:
- Tests\Feature\Http\Controllers\BrandControllerTest::setUp
Test Prepared (Tests\Feature\Http\Controllers\BrandControllerTest::it_handles_brand_deletion_errors_gracefully)
After Test Method Called (Tests\Feature\Http\Controllers\BrandControllerTest::tearDown)
After Test Method Finished:
- Tests\Feature\Http\Controllers\BrandControllerTest::tearDown
Test Passed (Tests\Feature\Http\Controllers\BrandControllerTest::it_handles_brand_deletion_errors_gracefully)
Test Finished (Tests\Feature\Http\Controllers\BrandControllerTest::it_handles_brand_deletion_errors_gracefully)
Test Preparation Started (Tests\Feature\Http\Controllers\BrandControllerTest::it_can_display_brands_with_pagination)
Before Test Method Called (Tests\Feature\Http\Controllers\BrandControllerTest::setUp)
Before Test Method Finished:
- Tests\Feature\Http\Controllers\BrandControllerTest::setUp
Test Prepared (Tests\Feature\Http\Controllers\BrandControllerTest::it_can_display_brands_with_pagination)
After Test Method Called (Tests\Feature\Http\Controllers\BrandControllerTest::tearDown)
After Test Method Finished:
- Tests\Feature\Http\Controllers\BrandControllerTest::tearDown
Test Passed (Tests\Feature\Http\Controllers\BrandControllerTest::it_can_display_brands_with_pagination)
Test Finished (Tests\Feature\Http\Controllers\BrandControllerTest::it_can_display_brands_with_pagination)
Test Preparation Started (Tests\Feature\Http\Controllers\BrandControllerTest::it_can_search_brands)
Before Test Method Called (Tests\Feature\Http\Controllers\BrandControllerTest::setUp)
Before Test Method Finished:
- Tests\Feature\Http\Controllers\BrandControllerTest::setUp
Test Prepared (Tests\Feature\Http\Controllers\BrandControllerTest::it_can_search_brands)
After Test Method Called (Tests\Feature\Http\Controllers\BrandControllerTest::tearDown)
After Test Method Finished:
- Tests\Feature\Http\Controllers\BrandControllerTest::tearDown
Test Passed (Tests\Feature\Http\Controllers\BrandControllerTest::it_can_search_brands)
Test Finished (Tests\Feature\Http\Controllers\BrandControllerTest::it_can_search_brands)
Test Preparation Started (Tests\Feature\Http\Controllers\BrandControllerTest::it_can_sort_brands)
Before Test Method Called (Tests\Feature\Http\Controllers\BrandControllerTest::setUp)
Before Test Method Finished:
- Tests\Feature\Http\Controllers\BrandControllerTest::setUp
Test Prepared (Tests\Feature\Http\Controllers\BrandControllerTest::it_can_sort_brands)
After Test Method Called (Tests\Feature\Http\Controllers\BrandControllerTest::tearDown)
After Test Method Finished:
- Tests\Feature\Http\Controllers\BrandControllerTest::tearDown
Test Passed (Tests\Feature\Http\Controllers\BrandControllerTest::it_can_sort_brands)
Test Finished (Tests\Feature\Http\Controllers\BrandControllerTest::it_can_sort_brands)
After Last Test Method Called (Tests\Feature\Http\Controllers\BrandControllerTest::tearDownAfterClass)
After Last Test Method Finished:
- Tests\Feature\Http\Controllers\BrandControllerTest::tearDownAfterClass
Test Suite Finished (Tests\Feature\Http\Controllers\BrandControllerTest, 18 tests)
Test Suite Started (Tests\Feature\Http\Controllers\CartControllerTest, 8 tests)
Child Process Started
Test Preparation Started (Tests\Feature\Http\Controllers\CartControllerTest::it_can_display_cart_index)
Before Test Method Called (Tests\Feature\Http\Controllers\CartControllerTest::setUp)
Before Test Method Finished:
- Tests\Feature\Http\Controllers\CartControllerTest::setUp
Test Prepared (Tests\Feature\Http\Controllers\CartControllerTest::it_can_display_cart_index)
After Test Method Called (Tests\Feature\Http\Controllers\CartControllerTest::tearDown)
After Test Method Finished:
- Tests\Feature\Http\Controllers\CartControllerTest::tearDown
After Last Test Method Called (Tests\Feature\Http\Controllers\CartControllerTest::tearDownAfterClass)
After Last Test Method Finished:
- Tests\Feature\Http\Controllers\CartControllerTest::tearDownAfterClass
Test Passed (Tests\Feature\Http\Controllers\CartControllerTest::it_can_display_cart_index)
Test Finished (Tests\Feature\Http\Controllers\CartControllerTest::it_can_display_cart_index)
Child Process Finished
Child Process Started
Test Preparation Started (Tests\Feature\Http\Controllers\CartControllerTest::it_can_add_product_to_cart)
Before Test Method Called (Tests\Feature\Http\Controllers\CartControllerTest::setUp)
Before Test Method Finished:
- Tests\Feature\Http\Controllers\CartControllerTest::setUp
Test Prepared (Tests\Feature\Http\Controllers\CartControllerTest::it_can_add_product_to_cart)
After Test Method Called (Tests\Feature\Http\Controllers\CartControllerTest::tearDown)
After Test Method Finished:
- Tests\Feature\Http\Controllers\CartControllerTest::tearDown
After Last Test Method Called (Tests\Feature\Http\Controllers\CartControllerTest::tearDownAfterClass)
After Last Test Method Finished:
- Tests\Feature\Http\Controllers\CartControllerTest::tearDownAfterClass
Test Passed (Tests\Feature\Http\Controllers\CartControllerTest::it_can_add_product_to_cart)
Test Finished (Tests\Feature\Http\Controllers\CartControllerTest::it_can_add_product_to_cart)
Child Process Finished
Child Process Started
Test Preparation Started (Tests\Feature\Http\Controllers\CartControllerTest::it_validates_add_to_cart_request)
Before Test Method Called (Tests\Feature\Http\Controllers\CartControllerTest::setUp)
Before Test Method Finished:
- Tests\Feature\Http\Controllers\CartControllerTest::setUp
Test Prepared (Tests\Feature\Http\Controllers\CartControllerTest::it_validates_add_to_cart_request)
After Test Method Called (Tests\Feature\Http\Controllers\CartControllerTest::tearDown)
After Test Method Finished:
- Tests\Feature\Http\Controllers\CartControllerTest::tearDown
After Last Test Method Called (Tests\Feature\Http\Controllers\CartControllerTest::tearDownAfterClass)
After Last Test Method Finished:
- Tests\Feature\Http\Controllers\CartControllerTest::tearDownAfterClass
Test Passed (Tests\Feature\Http\Controllers\CartControllerTest::it_validates_add_to_cart_request)
Test Finished (Tests\Feature\Http\Controllers\CartControllerTest::it_validates_add_to_cart_request)
Child Process Finished
Child Process Started
Test Preparation Started (Tests\Feature\Http\Controllers\CartControllerTest::it_returns_404_when_adding_nonexistent_product_to_cart)
Before Test Method Called (Tests\Feature\Http\Controllers\CartControllerTest::setUp)
Before Test Method Finished:
- Tests\Feature\Http\Controllers\CartControllerTest::setUp
Test Prepared (Tests\Feature\Http\Controllers\CartControllerTest::it_returns_404_when_adding_nonexistent_product_to_cart)
After Test Method Called (Tests\Feature\Http\Controllers\CartControllerTest::tearDown)
After Test Method Finished:
- Tests\Feature\Http\Controllers\CartControllerTest::tearDown
After Last Test Method Called (Tests\Feature\Http\Controllers\CartControllerTest::tearDownAfterClass)
After Last Test Method Finished:
- Tests\Feature\Http\Controllers\CartControllerTest::tearDownAfterClass
Test Passed (Tests\Feature\Http\Controllers\CartControllerTest::it_returns_404_when_adding_nonexistent_product_to_cart)
Test Finished (Tests\Feature\Http\Controllers\CartControllerTest::it_returns_404_when_adding_nonexistent_product_to_cart)
Child Process Finished
Child Process Started
Test Preparation Started (Tests\Feature\Http\Controllers\CartControllerTest::it_can_update_cart_item_quantity)
Before Test Method Called (Tests\Feature\Http\Controllers\CartControllerTest::setUp)
Before Test Method Finished:
- Tests\Feature\Http\Controllers\CartControllerTest::setUp
Test Prepared (Tests\Feature\Http\Controllers\CartControllerTest::it_can_update_cart_item_quantity)
After Test Method Called (Tests\Feature\Http\Controllers\CartControllerTest::tearDown)
After Test Method Finished:
- Tests\Feature\Http\Controllers\CartControllerTest::tearDown
After Last Test Method Called (Tests\Feature\Http\Controllers\CartControllerTest::tearDownAfterClass)
After Last Test Method Finished:
- Tests\Feature\Http\Controllers\CartControllerTest::tearDownAfterClass
Test Passed (Tests\Feature\Http\Controllers\CartControllerTest::it_can_update_cart_item_quantity)
Test Finished (Tests\Feature\Http\Controllers\CartControllerTest::it_can_update_cart_item_quantity)
Child Process Finished
Child Process Started
Test Preparation Started (Tests\Feature\Http\Controllers\CartControllerTest::it_can_remove_product_from_cart)
Before Test Method Called (Tests\Feature\Http\Controllers\CartControllerTest::setUp)
Before Test Method Finished:
- Tests\Feature\Http\Controllers\CartControllerTest::setUp
Test Prepared (Tests\Feature\Http\Controllers\CartControllerTest::it_can_remove_product_from_cart)
After Test Method Called (Tests\Feature\Http\Controllers\CartControllerTest::tearDown)
After Test Method Finished:
- Tests\Feature\Http\Controllers\CartControllerTest::tearDown
After Last Test Method Called (Tests\Feature\Http\Controllers\CartControllerTest::tearDownAfterClass)
After Last Test Method Finished:
- Tests\Feature\Http\Controllers\CartControllerTest::tearDownAfterClass
Test Passed (Tests\Feature\Http\Controllers\CartControllerTest::it_can_remove_product_from_cart)
Test Finished (Tests\Feature\Http\Controllers\CartControllerTest::it_can_remove_product_from_cart)
Child Process Finished
Child Process Started
Test Preparation Started (Tests\Feature\Http\Controllers\CartControllerTest::it_can_clear_entire_cart)
Before Test Method Called (Tests\Feature\Http\Controllers\CartControllerTest::setUp)
Before Test Method Finished:
- Tests\Feature\Http\Controllers\CartControllerTest::setUp
Test Prepared (Tests\Feature\Http\Controllers\CartControllerTest::it_can_clear_entire_cart)
After Test Method Called (Tests\Feature\Http\Controllers\CartControllerTest::tearDown)
After Test Method Finished:
- Tests\Feature\Http\Controllers\CartControllerTest::tearDown
After Last Test Method Called (Tests\Feature\Http\Controllers\CartControllerTest::tearDownAfterClass)
After Last Test Method Finished:
- Tests\Feature\Http\Controllers\CartControllerTest::tearDownAfterClass
Test Passed (Tests\Feature\Http\Controllers\CartControllerTest::it_can_clear_entire_cart)
Test Finished (Tests\Feature\Http\Controllers\CartControllerTest::it_can_clear_entire_cart)
Child Process Finished
Child Process Started
Test Preparation Started (Tests\Feature\Http\Controllers\CartControllerTest::it_requires_authentication_for_all_cart_routes)
Before Test Method Called (Tests\Feature\Http\Controllers\CartControllerTest::setUp)
Before Test Method Finished:
- Tests\Feature\Http\Controllers\CartControllerTest::setUp
Test Prepared (Tests\Feature\Http\Controllers\CartControllerTest::it_requires_authentication_for_all_cart_routes)
After Test Method Called (Tests\Feature\Http\Controllers\CartControllerTest::tearDown)
After Test Method Finished:
- Tests\Feature\Http\Controllers\CartControllerTest::tearDown
After Last Test Method Called (Tests\Feature\Http\Controllers\CartControllerTest::tearDownAfterClass)
After Last Test Method Finished:
- Tests\Feature\Http\Controllers\CartControllerTest::tearDownAfterClass
Test Passed (Tests\Feature\Http\Controllers\CartControllerTest::it_requires_authentication_for_all_cart_routes)
Test Finished (Tests\Feature\Http\Controllers\CartControllerTest::it_requires_authentication_for_all_cart_routes)
Child Process Finished
After Last Test Method Called (Tests\Feature\Http\Controllers\CartControllerTest::tearDownAfterClass)
After Last Test Method Finished:
- Tests\Feature\Http\Controllers\CartControllerTest::tearDownAfterClass
Test Suite Finished (Tests\Feature\Http\Controllers\CartControllerTest, 8 tests)
Test Suite Started (Tests\Feature\Http\Controllers\ErrorControllerTest, 15 tests)
Child Process Started
Test Preparation Started (Tests\Feature\Http\Controllers\ErrorControllerTest::it_can_display_error_dashboard)
Before Test Method Called (Tests\Feature\Http\Controllers\ErrorControllerTest::setUp)
Before Test Method Finished:
- Tests\Feature\Http\Controllers\ErrorControllerTest::setUp
Test Prepared (Tests\Feature\Http\Controllers\ErrorControllerTest::it_can_display_error_dashboard)
After Test Method Called (Tests\Feature\Http\Controllers\ErrorControllerTest::tearDown)
After Test Method Finished:
- Tests\Feature\Http\Controllers\ErrorControllerTest::tearDown
After Last Test Method Called (Tests\Feature\Http\Controllers\ErrorControllerTest::tearDownAfterClass)
After Last Test Method Finished:
- Tests\Feature\Http\Controllers\ErrorControllerTest::tearDownAfterClass
Test Passed (Tests\Feature\Http\Controllers\ErrorControllerTest::it_can_display_error_dashboard)
Test Finished (Tests\Feature\Http\Controllers\ErrorControllerTest::it_can_display_error_dashboard)
Child Process Finished
Test Preparation Started (Tests\Feature\Http\Controllers\ErrorControllerTest::it_can_display_error_dashboard_as_json)
Before Test Method Called (Tests\Feature\Http\Controllers\ErrorControllerTest::setUp)
Before Test Method Finished:
- Tests\Feature\Http\Controllers\ErrorControllerTest::setUp
Test Prepared (Tests\Feature\Http\Controllers\ErrorControllerTest::it_can_display_error_dashboard_as_json)
After Test Method Called (Tests\Feature\Http\Controllers\ErrorControllerTest::tearDown)
After Test Method Finished:
- Tests\Feature\Http\Controllers\ErrorControllerTest::tearDown
Test Passed (Tests\Feature\Http\Controllers\ErrorControllerTest::it_can_display_error_dashboard_as_json)
Test Finished (Tests\Feature\Http\Controllers\ErrorControllerTest::it_can_display_error_dashboard_as_json)
Test Preparation Started (Tests\Feature\Http\Controllers\ErrorControllerTest::it_can_show_error_details)
Before Test Method Called (Tests\Feature\Http\Controllers\ErrorControllerTest::setUp)
Before Test Method Finished:
- Tests\Feature\Http\Controllers\ErrorControllerTest::setUp
Test Prepared (Tests\Feature\Http\Controllers\ErrorControllerTest::it_can_show_error_details)
After Test Method Called (Tests\Feature\Http\Controllers\ErrorControllerTest::tearDown)
After Test Method Finished:
- Tests\Feature\Http\Controllers\ErrorControllerTest::tearDown
Test Passed (Tests\Feature\Http\Controllers\ErrorControllerTest::it_can_show_error_details)
Test Finished (Tests\Feature\Http\Controllers\ErrorControllerTest::it_can_show_error_details)
Test Preparation Started (Tests\Feature\Http\Controllers\ErrorControllerTest::it_returns_404_for_nonexistent_error)
Before Test Method Called (Tests\Feature\Http\Controllers\ErrorControllerTest::setUp)
Before Test Method Finished:
- Tests\Feature\Http\Controllers\ErrorControllerTest::setUp
Test Prepared (Tests\Feature\Http\Controllers\ErrorControllerTest::it_returns_404_for_nonexistent_error)
After Test Method Called (Tests\Feature\Http\Controllers\ErrorControllerTest::tearDown)
After Test Method Finished:
- Tests\Feature\Http\Controllers\ErrorControllerTest::tearDown
Test Passed (Tests\Feature\Http\Controllers\ErrorControllerTest::it_returns_404_for_nonexistent_error)
Test Finished (Tests\Feature\Http\Controllers\ErrorControllerTest::it_returns_404_for_nonexistent_error)
Test Preparation Started (Tests\Feature\Http\Controllers\ErrorControllerTest::it_can_get_recent_errors)
Before Test Method Called (Tests\Feature\Http\Controllers\ErrorControllerTest::setUp)
Before Test Method Finished:
- Tests\Feature\Http\Controllers\ErrorControllerTest::setUp
Test Prepared (Tests\Feature\Http\Controllers\ErrorControllerTest::it_can_get_recent_errors)
After Test Method Called (Tests\Feature\Http\Controllers\ErrorControllerTest::tearDown)
After Test Method Finished:
- Tests\Feature\Http\Controllers\ErrorControllerTest::tearDown
Test Passed (Tests\Feature\Http\Controllers\ErrorControllerTest::it_can_get_recent_errors)
Test Finished (Tests\Feature\Http\Controllers\ErrorControllerTest::it_can_get_recent_errors)
Test Preparation Started (Tests\Feature\Http\Controllers\ErrorControllerTest::it_can_get_error_statistics)
Before Test Method Called (Tests\Feature\Http\Controllers\ErrorControllerTest::setUp)
Before Test Method Finished:
- Tests\Feature\Http\Controllers\ErrorControllerTest::setUp
Test Prepared (Tests\Feature\Http\Controllers\ErrorControllerTest::it_can_get_error_statistics)
After Test Method Called (Tests\Feature\Http\Controllers\ErrorControllerTest::tearDown)
After Test Method Finished:
- Tests\Feature\Http\Controllers\ErrorControllerTest::tearDown
Test Passed (Tests\Feature\Http\Controllers\ErrorControllerTest::it_can_get_error_statistics)
Test Finished (Tests\Feature\Http\Controllers\ErrorControllerTest::it_can_get_error_statistics)
Test Preparation Started (Tests\Feature\Http\Controllers\ErrorControllerTest::it_can_get_system_health)
Before Test Method Called (Tests\Feature\Http\Controllers\ErrorControllerTest::setUp)
Before Test Method Finished:
- Tests\Feature\Http\Controllers\ErrorControllerTest::setUp
Test Prepared (Tests\Feature\Http\Controllers\ErrorControllerTest::it_can_get_system_health)
After Test Method Called (Tests\Feature\Http\Controllers\ErrorControllerTest::tearDown)
After Test Method Finished:
- Tests\Feature\Http\Controllers\ErrorControllerTest::tearDown
Test Passed (Tests\Feature\Http\Controllers\ErrorControllerTest::it_can_get_system_health)
Test Finished (Tests\Feature\Http\Controllers\ErrorControllerTest::it_can_get_system_health)
Test Preparation Started (Tests\Feature\Http\Controllers\ErrorControllerTest::it_checks_database_health)
Before Test Method Called (Tests\Feature\Http\Controllers\ErrorControllerTest::setUp)
Before Test Method Finished:
- Tests\Feature\Http\Controllers\ErrorControllerTest::setUp
Test Prepared (Tests\Feature\Http\Controllers\ErrorControllerTest::it_checks_database_health)
After Test Method Called (Tests\Feature\Http\Controllers\ErrorControllerTest::tearDown)
After Test Method Finished:
- Tests\Feature\Http\Controllers\ErrorControllerTest::tearDown
Test Passed (Tests\Feature\Http\Controllers\ErrorControllerTest::it_checks_database_health)
Test Finished (Tests\Feature\Http\Controllers\ErrorControllerTest::it_checks_database_health)
Test Preparation Started (Tests\Feature\Http\Controllers\ErrorControllerTest::it_checks_cache_health)
Before Test Method Called (Tests\Feature\Http\Controllers\ErrorControllerTest::setUp)
Before Test Method Finished:
- Tests\Feature\Http\Controllers\ErrorControllerTest::setUp
Test Prepared (Tests\Feature\Http\Controllers\ErrorControllerTest::it_checks_cache_health)
After Test Method Called (Tests\Feature\Http\Controllers\ErrorControllerTest::tearDown)
After Test Method Finished:
- Tests\Feature\Http\Controllers\ErrorControllerTest::tearDown
Test Passed (Tests\Feature\Http\Controllers\ErrorControllerTest::it_checks_cache_health)
Test Finished (Tests\Feature\Http\Controllers\ErrorControllerTest::it_checks_cache_health)
Test Preparation Started (Tests\Feature\Http\Controllers\ErrorControllerTest::it_checks_storage_health)
Before Test Method Called (Tests\Feature\Http\Controllers\ErrorControllerTest::setUp)
Before Test Method Finished:
- Tests\Feature\Http\Controllers\ErrorControllerTest::setUp
Test Prepared (Tests\Feature\Http\Controllers\ErrorControllerTest::it_checks_storage_health)
After Test Method Called (Tests\Feature\Http\Controllers\ErrorControllerTest::tearDown)
After Test Method Finished:
- Tests\Feature\Http\Controllers\ErrorControllerTest::tearDown
Test Passed (Tests\Feature\Http\Controllers\ErrorControllerTest::it_checks_storage_health)
Test Finished (Tests\Feature\Http\Controllers\ErrorControllerTest::it_checks_storage_health)
Test Preparation Started (Tests\Feature\Http\Controllers\ErrorControllerTest::it_checks_memory_health)
Before Test Method Called (Tests\Feature\Http\Controllers\ErrorControllerTest::setUp)
Before Test Method Finished:
- Tests\Feature\Http\Controllers\ErrorControllerTest::setUp
Test Prepared (Tests\Feature\Http\Controllers\ErrorControllerTest::it_checks_memory_health)
After Test Method Called (Tests\Feature\Http\Controllers\ErrorControllerTest::tearDown)
After Test Method Finished:
- Tests\Feature\Http\Controllers\ErrorControllerTest::tearDown
Test Passed (Tests\Feature\Http\Controllers\ErrorControllerTest::it_checks_memory_health)
Test Finished (Tests\Feature\Http\Controllers\ErrorControllerTest::it_checks_memory_health)
Test Preparation Started (Tests\Feature\Http\Controllers\ErrorControllerTest::it_checks_disk_space_health)
Before Test Method Called (Tests\Feature\Http\Controllers\ErrorControllerTest::setUp)
Before Test Method Finished:
- Tests\Feature\Http\Controllers\ErrorControllerTest::setUp
Test Prepared (Tests\Feature\Http\Controllers\ErrorControllerTest::it_checks_disk_space_health)
After Test Method Called (Tests\Feature\Http\Controllers\ErrorControllerTest::tearDown)
After Test Method Finished:
- Tests\Feature\Http\Controllers\ErrorControllerTest::tearDown
Test Passed (Tests\Feature\Http\Controllers\ErrorControllerTest::it_checks_disk_space_health)
Test Finished (Tests\Feature\Http\Controllers\ErrorControllerTest::it_checks_disk_space_health)
Test Preparation Started (Tests\Feature\Http\Controllers\ErrorControllerTest::it_handles_database_connection_failure)
Before Test Method Called (Tests\Feature\Http\Controllers\ErrorControllerTest::setUp)
Before Test Method Finished:
- Tests\Feature\Http\Controllers\ErrorControllerTest::setUp
Test Prepared (Tests\Feature\Http\Controllers\ErrorControllerTest::it_handles_database_connection_failure)
After Test Method Called (Tests\Feature\Http\Controllers\ErrorControllerTest::tearDown)
After Test Method Finished:
- Tests\Feature\Http\Controllers\ErrorControllerTest::tearDown
Test Passed (Tests\Feature\Http\Controllers\ErrorControllerTest::it_handles_database_connection_failure)
Test Finished (Tests\Feature\Http\Controllers\ErrorControllerTest::it_handles_database_connection_failure)
Test Preparation Started (Tests\Feature\Http\Controllers\ErrorControllerTest::it_handles_cache_failure)
Before Test Method Called (Tests\Feature\Http\Controllers\ErrorControllerTest::setUp)
Before Test Method Finished:
- Tests\Feature\Http\Controllers\ErrorControllerTest::setUp
Test Prepared (Tests\Feature\Http\Controllers\ErrorControllerTest::it_handles_cache_failure)
After Test Method Called (Tests\Feature\Http\Controllers\ErrorControllerTest::tearDown)
After Test Method Finished:
- Tests\Feature\Http\Controllers\ErrorControllerTest::tearDown
Test Passed (Tests\Feature\Http\Controllers\ErrorControllerTest::it_handles_cache_failure)
Test Finished (Tests\Feature\Http\Controllers\ErrorControllerTest::it_handles_cache_failure)
Test Preparation Started (Tests\Feature\Http\Controllers\ErrorControllerTest::it_handles_storage_failure)
Before Test Method Called (Tests\Feature\Http\Controllers\ErrorControllerTest::setUp)
Before Test Method Finished:
- Tests\Feature\Http\Controllers\ErrorControllerTest::setUp
Test Prepared (Tests\Feature\Http\Controllers\ErrorControllerTest::it_handles_storage_failure)
After Test Method Called (Tests\Feature\Http\Controllers\ErrorControllerTest::tearDown)
After Test Method Finished:
- Tests\Feature\Http\Controllers\ErrorControllerTest::tearDown
Test Passed (Tests\Feature\Http\Controllers\ErrorControllerTest::it_handles_storage_failure)
Test Finished (Tests\Feature\Http\Controllers\ErrorControllerTest::it_handles_storage_failure)
After Last Test Method Called (Tests\Feature\Http\Controllers\ErrorControllerTest::tearDownAfterClass)
After Last Test Method Finished:
- Tests\Feature\Http\Controllers\ErrorControllerTest::tearDownAfterClass
Test Suite Finished (Tests\Feature\Http\Controllers\ErrorControllerTest, 15 tests)
Test Suite Started (Tests\Feature\Http\Controllers\HealthControllerTest, 12 tests)
Child Process Started
Test Preparation Started (Tests\Feature\Http\Controllers\HealthControllerTest::it_returns_healthy_status_when_all_systems_operational)
Before Test Method Called (Tests\Feature\Http\Controllers\HealthControllerTest::setUp)
Before Test Method Finished:
- Tests\Feature\Http\Controllers\HealthControllerTest::setUp
Test Prepared (Tests\Feature\Http\Controllers\HealthControllerTest::it_returns_healthy_status_when_all_systems_operational)
After Test Method Called (Tests\Feature\Http\Controllers\HealthControllerTest::tearDown)
After Test Method Finished:
- Tests\Feature\Http\Controllers\HealthControllerTest::tearDown
After Last Test Method Called (Tests\Feature\Http\Controllers\HealthControllerTest::tearDownAfterClass)
After Last Test Method Finished:
- Tests\Feature\Http\Controllers\HealthControllerTest::tearDownAfterClass
Test Passed (Tests\Feature\Http\Controllers\HealthControllerTest::it_returns_healthy_status_when_all_systems_operational)
Test Finished (Tests\Feature\Http\Controllers\HealthControllerTest::it_returns_healthy_status_when_all_systems_operational)
Child Process Finished
Child Process Started
Test Preparation Started (Tests\Feature\Http\Controllers\HealthControllerTest::it_returns_unhealthy_status_when_database_fails)
Before Test Method Called (Tests\Feature\Http\Controllers\HealthControllerTest::setUp)
Before Test Method Finished:
- Tests\Feature\Http\Controllers\HealthControllerTest::setUp
Test Prepared (Tests\Feature\Http\Controllers\HealthControllerTest::it_returns_unhealthy_status_when_database_fails)
After Test Method Called (Tests\Feature\Http\Controllers\HealthControllerTest::tearDown)
After Test Method Finished:
- Tests\Feature\Http\Controllers\HealthControllerTest::tearDown
After Last Test Method Called (Tests\Feature\Http\Controllers\HealthControllerTest::tearDownAfterClass)
After Last Test Method Finished:
- Tests\Feature\Http\Controllers\HealthControllerTest::tearDownAfterClass
Test Passed (Tests\Feature\Http\Controllers\HealthControllerTest::it_returns_unhealthy_status_when_database_fails)
Test Finished (Tests\Feature\Http\Controllers\HealthControllerTest::it_returns_unhealthy_status_when_database_fails)
Child Process Finished
Child Process Started
Test Preparation Started (Tests\Feature\Http\Controllers\HealthControllerTest::it_returns_unhealthy_status_when_storage_is_not_writable)
Before Test Method Called (Tests\Feature\Http\Controllers\HealthControllerTest::setUp)
Before Test Method Finished:
- Tests\Feature\Http\Controllers\HealthControllerTest::setUp
Test Prepared (Tests\Feature\Http\Controllers\HealthControllerTest::it_returns_unhealthy_status_when_storage_is_not_writable)
After Test Method Called (Tests\Feature\Http\Controllers\HealthControllerTest::tearDown)
After Test Method Finished:
- Tests\Feature\Http\Controllers\HealthControllerTest::tearDown
After Last Test Method Called (Tests\Feature\Http\Controllers\HealthControllerTest::tearDownAfterClass)
After Last Test Method Finished:
- Tests\Feature\Http\Controllers\HealthControllerTest::tearDownAfterClass
Test Passed (Tests\Feature\Http\Controllers\HealthControllerTest::it_returns_unhealthy_status_when_storage_is_not_writable)
Test Finished (Tests\Feature\Http\Controllers\HealthControllerTest::it_returns_unhealthy_status_when_storage_is_not_writable)
Child Process Finished
Child Process Started
Test Preparation Started (Tests\Feature\Http\Controllers\HealthControllerTest::it_returns_unhealthy_status_when_cache_fails)
Before Test Method Called (Tests\Feature\Http\Controllers\HealthControllerTest::setUp)
Before Test Method Finished:
- Tests\Feature\Http\Controllers\HealthControllerTest::setUp
Test Prepared (Tests\Feature\Http\Controllers\HealthControllerTest::it_returns_unhealthy_status_when_cache_fails)
After Test Method Called (Tests\Feature\Http\Controllers\HealthControllerTest::tearDown)
After Test Method Finished:
- Tests\Feature\Http\Controllers\HealthControllerTest::tearDown
After Last Test Method Called (Tests\Feature\Http\Controllers\HealthControllerTest::tearDownAfterClass)
After Last Test Method Finished:
- Tests\Feature\Http\Controllers\HealthControllerTest::tearDownAfterClass
Test Passed (Tests\Feature\Http\Controllers\HealthControllerTest::it_returns_unhealthy_status_when_cache_fails)
Test Finished (Tests\Feature\Http\Controllers\HealthControllerTest::it_returns_unhealthy_status_when_cache_fails)
Child Process Finished
Child Process Started
Test Preparation Started (Tests\Feature\Http\Controllers\HealthControllerTest::it_includes_timestamp_in_response)
Before Test Method Called (Tests\Feature\Http\Controllers\HealthControllerTest::setUp)
Before Test Method Finished:
- Tests\Feature\Http\Controllers\HealthControllerTest::setUp
Test Prepared (Tests\Feature\Http\Controllers\HealthControllerTest::it_includes_timestamp_in_response)
After Test Method Called (Tests\Feature\Http\Controllers\HealthControllerTest::tearDown)
After Test Method Finished:
- Tests\Feature\Http\Controllers\HealthControllerTest::tearDown
After Last Test Method Called (Tests\Feature\Http\Controllers\HealthControllerTest::tearDownAfterClass)
After Last Test Method Finished:
- Tests\Feature\Http\Controllers\HealthControllerTest::tearDownAfterClass
Test Passed (Tests\Feature\Http\Controllers\HealthControllerTest::it_includes_timestamp_in_response)
Test Finished (Tests\Feature\Http\Controllers\HealthControllerTest::it_includes_timestamp_in_response)
Child Process Finished
Child Process Started
Test Preparation Started (Tests\Feature\Http\Controllers\HealthControllerTest::it_includes_version_in_response)
Before Test Method Called (Tests\Feature\Http\Controllers\HealthControllerTest::setUp)
Before Test Method Finished:
- Tests\Feature\Http\Controllers\HealthControllerTest::setUp
Test Prepared (Tests\Feature\Http\Controllers\HealthControllerTest::it_includes_version_in_response)
After Test Method Called (Tests\Feature\Http\Controllers\HealthControllerTest::tearDown)
After Test Method Finished:
- Tests\Feature\Http\Controllers\HealthControllerTest::tearDown
After Last Test Method Called (Tests\Feature\Http\Controllers\HealthControllerTest::tearDownAfterClass)
After Last Test Method Finished:
- Tests\Feature\Http\Controllers\HealthControllerTest::tearDownAfterClass
Test Passed (Tests\Feature\Http\Controllers\HealthControllerTest::it_includes_version_in_response)
Test Finished (Tests\Feature\Http\Controllers\HealthControllerTest::it_includes_version_in_response)
Child Process Finished
Child Process Started
Test Preparation Started (Tests\Feature\Http\Controllers\HealthControllerTest::it_includes_environment_in_response)
Before Test Method Called (Tests\Feature\Http\Controllers\HealthControllerTest::setUp)
Before Test Method Finished:
- Tests\Feature\Http\Controllers\HealthControllerTest::setUp
Test Prepared (Tests\Feature\Http\Controllers\HealthControllerTest::it_includes_environment_in_response)
After Test Method Called (Tests\Feature\Http\Controllers\HealthControllerTest::tearDown)
After Test Method Finished:
- Tests\Feature\Http\Controllers\HealthControllerTest::tearDown
After Last Test Method Called (Tests\Feature\Http\Controllers\HealthControllerTest::tearDownAfterClass)
After Last Test Method Finished:
- Tests\Feature\Http\Controllers\HealthControllerTest::tearDownAfterClass
Test Passed (Tests\Feature\Http\Controllers\HealthControllerTest::it_includes_environment_in_response)
Test Finished (Tests\Feature\Http\Controllers\HealthControllerTest::it_includes_environment_in_response)
Child Process Finished
Child Process Started
Test Preparation Started (Tests\Feature\Http\Controllers\HealthControllerTest::it_tests_database_connection)
Before Test Method Called (Tests\Feature\Http\Controllers\HealthControllerTest::setUp)
Before Test Method Finished:
- Tests\Feature\Http\Controllers\HealthControllerTest::setUp
Test Prepared (Tests\Feature\Http\Controllers\HealthControllerTest::it_tests_database_connection)
After Test Method Called (Tests\Feature\Http\Controllers\HealthControllerTest::tearDown)
After Test Method Finished:
- Tests\Feature\Http\Controllers\HealthControllerTest::tearDown
After Last Test Method Called (Tests\Feature\Http\Controllers\HealthControllerTest::tearDownAfterClass)
After Last Test Method Finished:
- Tests\Feature\Http\Controllers\HealthControllerTest::tearDownAfterClass
Test Passed (Tests\Feature\Http\Controllers\HealthControllerTest::it_tests_database_connection)
Test Finished (Tests\Feature\Http\Controllers\HealthControllerTest::it_tests_database_connection)
Child Process Finished
Child Process Started
Test Preparation Started (Tests\Feature\Http\Controllers\HealthControllerTest::it_tests_cache_functionality)
Before Test Method Called (Tests\Feature\Http\Controllers\HealthControllerTest::setUp)
Before Test Method Finished:
- Tests\Feature\Http\Controllers\HealthControllerTest::setUp
Test Prepared (Tests\Feature\Http\Controllers\HealthControllerTest::it_tests_cache_functionality)
After Test Method Called (Tests\Feature\Http\Controllers\HealthControllerTest::tearDown)
After Test Method Finished:
- Tests\Feature\Http\Controllers\HealthControllerTest::tearDown
After Last Test Method Called (Tests\Feature\Http\Controllers\HealthControllerTest::tearDownAfterClass)
After Last Test Method Finished:
- Tests\Feature\Http\Controllers\HealthControllerTest::tearDownAfterClass
Test Passed (Tests\Feature\Http\Controllers\HealthControllerTest::it_tests_cache_functionality)
Test Finished (Tests\Feature\Http\Controllers\HealthControllerTest::it_tests_cache_functionality)
Child Process Finished
Child Process Started
Test Preparation Started (Tests\Feature\Http\Controllers\HealthControllerTest::it_tests_storage_writability)
Before Test Method Called (Tests\Feature\Http\Controllers\HealthControllerTest::setUp)
Before Test Method Finished:
- Tests\Feature\Http\Controllers\HealthControllerTest::setUp
Test Prepared (Tests\Feature\Http\Controllers\HealthControllerTest::it_tests_storage_writability)
After Test Method Called (Tests\Feature\Http\Controllers\HealthControllerTest::tearDown)
After Test Method Finished:
- Tests\Feature\Http\Controllers\HealthControllerTest::tearDown
After Last Test Method Called (Tests\Feature\Http\Controllers\HealthControllerTest::tearDownAfterClass)
After Last Test Method Finished:
- Tests\Feature\Http\Controllers\HealthControllerTest::tearDownAfterClass
Test Passed (Tests\Feature\Http\Controllers\HealthControllerTest::it_tests_storage_writability)
Test Finished (Tests\Feature\Http\Controllers\HealthControllerTest::it_tests_storage_writability)
Child Process Finished
Child Process Started
Test Preparation Started (Tests\Feature\Http\Controllers\HealthControllerTest::it_handles_multiple_system_failures)
Before Test Method Called (Tests\Feature\Http\Controllers\HealthControllerTest::setUp)
Before Test Method Finished:
- Tests\Feature\Http\Controllers\HealthControllerTest::setUp
Test Prepared (Tests\Feature\Http\Controllers\HealthControllerTest::it_handles_multiple_system_failures)
After Test Method Called (Tests\Feature\Http\Controllers\HealthControllerTest::tearDown)
After Test Method Finished:
- Tests\Feature\Http\Controllers\HealthControllerTest::tearDown
After Last Test Method Called (Tests\Feature\Http\Controllers\HealthControllerTest::tearDownAfterClass)
After Last Test Method Finished:
- Tests\Feature\Http\Controllers\HealthControllerTest::tearDownAfterClass
Test Passed (Tests\Feature\Http\Controllers\HealthControllerTest::it_handles_multiple_system_failures)
Test Finished (Tests\Feature\Http\Controllers\HealthControllerTest::it_handles_multiple_system_failures)
Child Process Finished
Child Process Started
Test Preparation Started (Tests\Feature\Http\Controllers\HealthControllerTest::it_handles_cache_test_failure)
Before Test Method Called (Tests\Feature\Http\Controllers\HealthControllerTest::setUp)
Before Test Method Finished:
- Tests\Feature\Http\Controllers\HealthControllerTest::setUp
Test Prepared (Tests\Feature\Http\Controllers\HealthControllerTest::it_handles_cache_test_failure)
After Test Method Called (Tests\Feature\Http\Controllers\HealthControllerTest::tearDown)
After Test Method Finished:
- Tests\Feature\Http\Controllers\HealthControllerTest::tearDown
After Last Test Method Called (Tests\Feature\Http\Controllers\HealthControllerTest::tearDownAfterClass)
After Last Test Method Finished:
- Tests\Feature\Http\Controllers\HealthControllerTest::tearDownAfterClass
Test Passed (Tests\Feature\Http\Controllers\HealthControllerTest::it_handles_cache_test_failure)
Test Finished (Tests\Feature\Http\Controllers\HealthControllerTest::it_handles_cache_test_failure)
Child Process Finished
After Last Test Method Called (Tests\Feature\Http\Controllers\HealthControllerTest::tearDownAfterClass)
After Last Test Method Finished:
- Tests\Feature\Http\Controllers\HealthControllerTest::tearDownAfterClass
Test Suite Finished (Tests\Feature\Http\Controllers\HealthControllerTest, 12 tests)
Test Suite Started (Tests\Feature\Http\Controllers\HomeControllerTest, 3 tests)
Child Process Started
Test Preparation Started (Tests\Feature\Http\Controllers\HomeControllerTest::it_can_display_home_page)
Before Test Method Called (Tests\Feature\Http\Controllers\HomeControllerTest::setUp)
Before Test Method Finished:
- Tests\Feature\Http\Controllers\HomeControllerTest::setUp
Test Prepared (Tests\Feature\Http\Controllers\HomeControllerTest::it_can_display_home_page)
After Test Method Called (Tests\Feature\Http\Controllers\HomeControllerTest::tearDown)
After Test Method Finished:
- Tests\Feature\Http\Controllers\HomeControllerTest::tearDown
After Last Test Method Called (Tests\Feature\Http\Controllers\HomeControllerTest::tearDownAfterClass)
After Last Test Method Finished:
- Tests\Feature\Http\Controllers\HomeControllerTest::tearDownAfterClass
Test Passed (Tests\Feature\Http\Controllers\HomeControllerTest::it_can_display_home_page)
Test Finished (Tests\Feature\Http\Controllers\HomeControllerTest::it_can_display_home_page)
Child Process Finished
Child Process Started
Test Preparation Started (Tests\Feature\Http\Controllers\HomeControllerTest::it_displays_featured_products_on_home_page)
Before Test Method Called (Tests\Feature\Http\Controllers\HomeControllerTest::setUp)
Before Test Method Finished:
- Tests\Feature\Http\Controllers\HomeControllerTest::setUp
Test Prepared (Tests\Feature\Http\Controllers\HomeControllerTest::it_displays_featured_products_on_home_page)
After Test Method Called (Tests\Feature\Http\Controllers\HomeControllerTest::tearDown)
After Test Method Finished:
- Tests\Feature\Http\Controllers\HomeControllerTest::tearDown
After Last Test Method Called (Tests\Feature\Http\Controllers\HomeControllerTest::tearDownAfterClass)
After Last Test Method Finished:
- Tests\Feature\Http\Controllers\HomeControllerTest::tearDownAfterClass
Test Passed (Tests\Feature\Http\Controllers\HomeControllerTest::it_displays_featured_products_on_home_page)
Test Finished (Tests\Feature\Http\Controllers\HomeControllerTest::it_displays_featured_products_on_home_page)
Child Process Finished
Child Process Started
Test Preparation Started (Tests\Feature\Http\Controllers\HomeControllerTest::it_displays_latest_products_on_home_page)
Before Test Method Called (Tests\Feature\Http\Controllers\HomeControllerTest::setUp)
Before Test Method Finished:
- Tests\Feature\Http\Controllers\HomeControllerTest::setUp
Test Prepared (Tests\Feature\Http\Controllers\HomeControllerTest::it_displays_latest_products_on_home_page)
After Test Method Called (Tests\Feature\Http\Controllers\HomeControllerTest::tearDown)
After Test Method Finished:
- Tests\Feature\Http\Controllers\HomeControllerTest::tearDown
After Last Test Method Called (Tests\Feature\Http\Controllers\HomeControllerTest::tearDownAfterClass)
After Last Test Method Finished:
- Tests\Feature\Http\Controllers\HomeControllerTest::tearDownAfterClass
Test Passed (Tests\Feature\Http\Controllers\HomeControllerTest::it_displays_latest_products_on_home_page)
Test Finished (Tests\Feature\Http\Controllers\HomeControllerTest::it_displays_latest_products_on_home_page)
Child Process Finished
After Last Test Method Called (Tests\Feature\Http\Controllers\HomeControllerTest::tearDownAfterClass)
After Last Test Method Finished:
- Tests\Feature\Http\Controllers\HomeControllerTest::tearDownAfterClass
Test Suite Finished (Tests\Feature\Http\Controllers\HomeControllerTest, 3 tests)
Test Suite Started (Tests\Feature\Http\Controllers\LocaleControllerTest, 5 tests)
Child Process Started
Test Preparation Started (Tests\Feature\Http\Controllers\LocaleControllerTest::it_can_switch_language)
Before Test Method Called (Tests\Feature\Http\Controllers\LocaleControllerTest::setUp)
Before Test Method Finished:
- Tests\Feature\Http\Controllers\LocaleControllerTest::setUp
Test Prepared (Tests\Feature\Http\Controllers\LocaleControllerTest::it_can_switch_language)
After Test Method Called (Tests\Feature\Http\Controllers\LocaleControllerTest::tearDown)
After Test Method Finished:
- Tests\Feature\Http\Controllers\LocaleControllerTest::tearDown
After Last Test Method Called (Tests\Feature\Http\Controllers\LocaleControllerTest::tearDownAfterClass)
After Last Test Method Finished:
- Tests\Feature\Http\Controllers\LocaleControllerTest::tearDownAfterClass
Test Passed (Tests\Feature\Http\Controllers\LocaleControllerTest::it_can_switch_language)
Test Finished (Tests\Feature\Http\Controllers\LocaleControllerTest::it_can_switch_language)
Child Process Finished
Child Process Started
Test Preparation Started (Tests\Feature\Http\Controllers\LocaleControllerTest::it_can_switch_currency)
Before Test Method Called (Tests\Feature\Http\Controllers\LocaleControllerTest::setUp)
Before Test Method Finished:
- Tests\Feature\Http\Controllers\LocaleControllerTest::setUp
Test Prepared (Tests\Feature\Http\Controllers\LocaleControllerTest::it_can_switch_currency)
After Test Method Called (Tests\Feature\Http\Controllers\LocaleControllerTest::tearDown)
After Test Method Finished:
- Tests\Feature\Http\Controllers\LocaleControllerTest::tearDown
After Last Test Method Called (Tests\Feature\Http\Controllers\LocaleControllerTest::tearDownAfterClass)
After Last Test Method Finished:
- Tests\Feature\Http\Controllers\LocaleControllerTest::tearDownAfterClass
Test Passed (Tests\Feature\Http\Controllers\LocaleControllerTest::it_can_switch_currency)
Test Finished (Tests\Feature\Http\Controllers\LocaleControllerTest::it_can_switch_currency)
Child Process Finished
Child Process Started
Test Preparation Started (Tests\Feature\Http\Controllers\LocaleControllerTest::it_validates_language_switch_request)
Before Test Method Called (Tests\Feature\Http\Controllers\LocaleControllerTest::setUp)
Before Test Method Finished:
- Tests\Feature\Http\Controllers\LocaleControllerTest::setUp
Test Prepared (Tests\Feature\Http\Controllers\LocaleControllerTest::it_validates_language_switch_request)
After Test Method Called (Tests\Feature\Http\Controllers\LocaleControllerTest::tearDown)
After Test Method Finished:
- Tests\Feature\Http\Controllers\LocaleControllerTest::tearDown
After Last Test Method Called (Tests\Feature\Http\Controllers\LocaleControllerTest::tearDownAfterClass)
After Last Test Method Finished:
- Tests\Feature\Http\Controllers\LocaleControllerTest::tearDownAfterClass
Test Passed (Tests\Feature\Http\Controllers\LocaleControllerTest::it_validates_language_switch_request)
Test Finished (Tests\Feature\Http\Controllers\LocaleControllerTest::it_validates_language_switch_request)
Child Process Finished
Child Process Started
Test Preparation Started (Tests\Feature\Http\Controllers\LocaleControllerTest::it_returns_422_for_invalid_language)
Before Test Method Called (Tests\Feature\Http\Controllers\LocaleControllerTest::setUp)
Before Test Method Finished:
- Tests\Feature\Http\Controllers\LocaleControllerTest::setUp
Test Prepared (Tests\Feature\Http\Controllers\LocaleControllerTest::it_returns_422_for_invalid_language)
After Test Method Called (Tests\Feature\Http\Controllers\LocaleControllerTest::tearDown)
After Test Method Finished:
- Tests\Feature\Http\Controllers\LocaleControllerTest::tearDown
After Last Test Method Called (Tests\Feature\Http\Controllers\LocaleControllerTest::tearDownAfterClass)
After Last Test Method Finished:
- Tests\Feature\Http\Controllers\LocaleControllerTest::tearDownAfterClass
Test Passed (Tests\Feature\Http\Controllers\LocaleControllerTest::it_returns_422_for_invalid_language)
Test Finished (Tests\Feature\Http\Controllers\LocaleControllerTest::it_returns_422_for_invalid_language)
Child Process Finished
Child Process Started
Test Preparation Started (Tests\Feature\Http\Controllers\LocaleControllerTest::it_validates_currency_switch_request)
Before Test Method Called (Tests\Feature\Http\Controllers\LocaleControllerTest::setUp)
Before Test Method Finished:
- Tests\Feature\Http\Controllers\LocaleControllerTest::setUp
Test Prepared (Tests\Feature\Http\Controllers\LocaleControllerTest::it_validates_currency_switch_request)
After Test Method Called (Tests\Feature\Http\Controllers\LocaleControllerTest::tearDown)
After Test Method Finished:
- Tests\Feature\Http\Controllers\LocaleControllerTest::tearDown
After Last Test Method Called (Tests\Feature\Http\Controllers\LocaleControllerTest::tearDownAfterClass)
After Last Test Method Finished:
- Tests\Feature\Http\Controllers\LocaleControllerTest::tearDownAfterClass
Test Passed (Tests\Feature\Http\Controllers\LocaleControllerTest::it_validates_currency_switch_request)
Test Finished (Tests\Feature\Http\Controllers\LocaleControllerTest::it_validates_currency_switch_request)
Child Process Finished
After Last Test Method Called (Tests\Feature\Http\Controllers\LocaleControllerTest::tearDownAfterClass)
After Last Test Method Finished:
- Tests\Feature\Http\Controllers\LocaleControllerTest::tearDownAfterClass
Test Suite Finished (Tests\Feature\Http\Controllers\LocaleControllerTest, 5 tests)
Test Suite Started (Tests\Feature\Http\Controllers\LogControllerTest, 2 tests)
Child Process Started
Test Preparation Started (Tests\Feature\Http\Controllers\LogControllerTest::it_can_get_application_logs)
Before Test Method Called (Tests\Feature\Http\Controllers\LogControllerTest::setUp)
Before Test Method Finished:
- Tests\Feature\Http\Controllers\LogControllerTest::setUp
Test Prepared (Tests\Feature\Http\Controllers\LogControllerTest::it_can_get_application_logs)
After Test Method Called (Tests\Feature\Http\Controllers\LogControllerTest::tearDown)
After Test Method Finished:
- Tests\Feature\Http\Controllers\LogControllerTest::tearDown
After Last Test Method Called (Tests\Feature\Http\Controllers\LogControllerTest::tearDownAfterClass)
After Last Test Method Finished:
- Tests\Feature\Http\Controllers\LogControllerTest::tearDownAfterClass
Test Passed (Tests\Feature\Http\Controllers\LogControllerTest::it_can_get_application_logs)
Test Finished (Tests\Feature\Http\Controllers\LogControllerTest::it_can_get_application_logs)
Child Process Finished
Child Process Started
Test Preparation Started (Tests\Feature\Http\Controllers\LogControllerTest::it_can_clear_application_logs)
Before Test Method Called (Tests\Feature\Http\Controllers\LogControllerTest::setUp)
Before Test Method Finished:
- Tests\Feature\Http\Controllers\LogControllerTest::setUp
Test Prepared (Tests\Feature\Http\Controllers\LogControllerTest::it_can_clear_application_logs)
After Test Method Called (Tests\Feature\Http\Controllers\LogControllerTest::tearDown)
After Test Method Finished:
- Tests\Feature\Http\Controllers\LogControllerTest::tearDown
After Last Test Method Called (Tests\Feature\Http\Controllers\LogControllerTest::tearDownAfterClass)
After Last Test Method Finished:
- Tests\Feature\Http\Controllers\LogControllerTest::tearDownAfterClass
Test Passed (Tests\Feature\Http\Controllers\LogControllerTest::it_can_clear_application_logs)
Test Finished (Tests\Feature\Http\Controllers\LogControllerTest::it_can_clear_application_logs)
Child Process Finished
After Last Test Method Called (Tests\Feature\Http\Controllers\LogControllerTest::tearDownAfterClass)
After Last Test Method Finished:
- Tests\Feature\Http\Controllers\LogControllerTest::tearDownAfterClass
Test Suite Finished (Tests\Feature\Http\Controllers\LogControllerTest, 2 tests)
Test Suite Started (Tests\Feature\Http\Controllers\PriceAlertControllerTest, 3 tests)
Test Preparation Started (Tests\Feature\Http\Controllers\PriceAlertControllerTest::test_basic_functionality)
Before Test Method Called (Tests\Feature\Http\Controllers\PriceAlertControllerTest::setUp)
Before Test Method Finished:
- Tests\Feature\Http\Controllers\PriceAlertControllerTest::setUp
Test Prepared (Tests\Feature\Http\Controllers\PriceAlertControllerTest::test_basic_functionality)
After Test Method Called (Tests\Feature\Http\Controllers\PriceAlertControllerTest::tearDown)
After Test Method Finished:
- Tests\Feature\Http\Controllers\PriceAlertControllerTest::tearDown
Test Passed (Tests\Feature\Http\Controllers\PriceAlertControllerTest::test_basic_functionality)
Test Finished (Tests\Feature\Http\Controllers\PriceAlertControllerTest::test_basic_functionality)
Test Preparation Started (Tests\Feature\Http\Controllers\PriceAlertControllerTest::test_expected_behavior)
Before Test Method Called (Tests\Feature\Http\Controllers\PriceAlertControllerTest::setUp)
Before Test Method Finished:
- Tests\Feature\Http\Controllers\PriceAlertControllerTest::setUp
Test Prepared (Tests\Feature\Http\Controllers\PriceAlertControllerTest::test_expected_behavior)
After Test Method Called (Tests\Feature\Http\Controllers\PriceAlertControllerTest::tearDown)
After Test Method Finished:
- Tests\Feature\Http\Controllers\PriceAlertControllerTest::tearDown
Test Passed (Tests\Feature\Http\Controllers\PriceAlertControllerTest::test_expected_behavior)
Test Finished (Tests\Feature\Http\Controllers\PriceAlertControllerTest::test_expected_behavior)
Test Preparation Started (Tests\Feature\Http\Controllers\PriceAlertControllerTest::test_validation)
Before Test Method Called (Tests\Feature\Http\Controllers\PriceAlertControllerTest::setUp)
Before Test Method Finished:
- Tests\Feature\Http\Controllers\PriceAlertControllerTest::setUp
Test Prepared (Tests\Feature\Http\Controllers\PriceAlertControllerTest::test_validation)
After Test Method Called (Tests\Feature\Http\Controllers\PriceAlertControllerTest::tearDown)
After Test Method Finished:
- Tests\Feature\Http\Controllers\PriceAlertControllerTest::tearDown
Test Passed (Tests\Feature\Http\Controllers\PriceAlertControllerTest::test_validation)
Test Finished (Tests\Feature\Http\Controllers\PriceAlertControllerTest::test_validation)
After Last Test Method Called (Tests\Feature\Http\Controllers\PriceAlertControllerTest::tearDownAfterClass)
After Last Test Method Finished:
- Tests\Feature\Http\Controllers\PriceAlertControllerTest::tearDownAfterClass
Test Suite Finished (Tests\Feature\Http\Controllers\PriceAlertControllerTest, 3 tests)
Test Suite Started (Tests\Feature\Http\Controllers\ProductControllerTest, 5 tests)
Test Preparation Started (Tests\Feature\Http\Controllers\ProductControllerTest::test_displays_index_page_with_products)
Before Test Method Called (Tests\Feature\Http\Controllers\ProductControllerTest::setUp)
Before Test Method Finished:
- Tests\Feature\Http\Controllers\ProductControllerTest::setUp
Test Prepared (Tests\Feature\Http\Controllers\ProductControllerTest::test_displays_index_page_with_products)
After Test Method Called (Tests\Feature\Http\Controllers\ProductControllerTest::tearDown)
After Test Method Finished:
- Tests\Feature\Http\Controllers\ProductControllerTest::tearDown
Test Passed (Tests\Feature\Http\Controllers\ProductControllerTest::test_displays_index_page_with_products)
Test Finished (Tests\Feature\Http\Controllers\ProductControllerTest::test_displays_index_page_with_products)
Test Preparation Started (Tests\Feature\Http\Controllers\ProductControllerTest::test_displays_search_results_when_search_parameters_present)
Before Test Method Called (Tests\Feature\Http\Controllers\ProductControllerTest::setUp)
Before Test Method Finished:
- Tests\Feature\Http\Controllers\ProductControllerTest::setUp
Test Prepared (Tests\Feature\Http\Controllers\ProductControllerTest::test_displays_search_results_when_search_parameters_present)
After Test Method Called (Tests\Feature\Http\Controllers\ProductControllerTest::tearDown)
After Test Method Finished:
- Tests\Feature\Http\Controllers\ProductControllerTest::tearDown
Test Passed (Tests\Feature\Http\Controllers\ProductControllerTest::test_displays_search_results_when_search_parameters_present)
Test Finished (Tests\Feature\Http\Controllers\ProductControllerTest::test_displays_search_results_when_search_parameters_present)
Test Preparation Started (Tests\Feature\Http\Controllers\ProductControllerTest::test_displays_product_show_page)
Before Test Method Called (Tests\Feature\Http\Controllers\ProductControllerTest::setUp)
Before Test Method Finished:
- Tests\Feature\Http\Controllers\ProductControllerTest::setUp
Test Prepared (Tests\Feature\Http\Controllers\ProductControllerTest::test_displays_product_show_page)
After Test Method Called (Tests\Feature\Http\Controllers\ProductControllerTest::tearDown)
After Test Method Finished:
- Tests\Feature\Http\Controllers\ProductControllerTest::tearDown
Test Passed (Tests\Feature\Http\Controllers\ProductControllerTest::test_displays_product_show_page)
Test Finished (Tests\Feature\Http\Controllers\ProductControllerTest::test_displays_product_show_page)
Test Preparation Started (Tests\Feature\Http\Controllers\ProductControllerTest::test_returns_404_for_nonexistent_product)
Before Test Method Called (Tests\Feature\Http\Controllers\ProductControllerTest::setUp)
Before Test Method Finished:
- Tests\Feature\Http\Controllers\ProductControllerTest::setUp
Test Prepared (Tests\Feature\Http\Controllers\ProductControllerTest::test_returns_404_for_nonexistent_product)
After Test Method Called (Tests\Feature\Http\Controllers\ProductControllerTest::tearDown)
After Test Method Finished:
- Tests\Feature\Http\Controllers\ProductControllerTest::tearDown
Test Passed (Tests\Feature\Http\Controllers\ProductControllerTest::test_returns_404_for_nonexistent_product)
Test Finished (Tests\Feature\Http\Controllers\ProductControllerTest::test_returns_404_for_nonexistent_product)
Test Preparation Started (Tests\Feature\Http\Controllers\ProductControllerTest::test_handles_search_with_sort_and_order)
Before Test Method Called (Tests\Feature\Http\Controllers\ProductControllerTest::setUp)
Before Test Method Finished:
- Tests\Feature\Http\Controllers\ProductControllerTest::setUp
Test Prepared (Tests\Feature\Http\Controllers\ProductControllerTest::test_handles_search_with_sort_and_order)
After Test Method Called (Tests\Feature\Http\Controllers\ProductControllerTest::tearDown)
After Test Method Finished:
- Tests\Feature\Http\Controllers\ProductControllerTest::tearDown
Test Passed (Tests\Feature\Http\Controllers\ProductControllerTest::test_handles_search_with_sort_and_order)
Test Finished (Tests\Feature\Http\Controllers\ProductControllerTest::test_handles_search_with_sort_and_order)
After Last Test Method Called (Tests\Feature\Http\Controllers\ProductControllerTest::tearDownAfterClass)
After Last Test Method Finished:
- Tests\Feature\Http\Controllers\ProductControllerTest::tearDownAfterClass
Test Suite Finished (Tests\Feature\Http\Controllers\ProductControllerTest, 5 tests)
Test Suite Started (Tests\Feature\Http\Controllers\ReportControllerTest, 5 tests)
Child Process Started
Test Preparation Started (Tests\Feature\Http\Controllers\ReportControllerTest::it_can_generate_product_performance_report)
Before Test Method Called (Tests\Feature\Http\Controllers\ReportControllerTest::setUp)
Before Test Method Finished:
- Tests\Feature\Http\Controllers\ReportControllerTest::setUp
Test Prepared (Tests\Feature\Http\Controllers\ReportControllerTest::it_can_generate_product_performance_report)
After Test Method Called (Tests\Feature\Http\Controllers\ReportControllerTest::tearDown)
After Test Method Finished:
- Tests\Feature\Http\Controllers\ReportControllerTest::tearDown
After Last Test Method Called (Tests\Feature\Http\Controllers\ReportControllerTest::tearDownAfterClass)
After Last Test Method Finished:
- Tests\Feature\Http\Controllers\ReportControllerTest::tearDownAfterClass
Test Passed (Tests\Feature\Http\Controllers\ReportControllerTest::it_can_generate_product_performance_report)
Test Finished (Tests\Feature\Http\Controllers\ReportControllerTest::it_can_generate_product_performance_report)
Child Process Finished
Child Process Started
Test Preparation Started (Tests\Feature\Http\Controllers\ReportControllerTest::it_can_generate_user_activity_report)
Before Test Method Called (Tests\Feature\Http\Controllers\ReportControllerTest::setUp)
Before Test Method Finished:
- Tests\Feature\Http\Controllers\ReportControllerTest::setUp
Test Prepared (Tests\Feature\Http\Controllers\ReportControllerTest::it_can_generate_user_activity_report)
After Test Method Called (Tests\Feature\Http\Controllers\ReportControllerTest::tearDown)
After Test Method Finished:
- Tests\Feature\Http\Controllers\ReportControllerTest::tearDown
After Last Test Method Called (Tests\Feature\Http\Controllers\ReportControllerTest::tearDownAfterClass)
After Last Test Method Finished:
- Tests\Feature\Http\Controllers\ReportControllerTest::tearDownAfterClass
Test Passed (Tests\Feature\Http\Controllers\ReportControllerTest::it_can_generate_user_activity_report)
Test Finished (Tests\Feature\Http\Controllers\ReportControllerTest::it_can_generate_user_activity_report)
Child Process Finished
Child Process Started
Test Preparation Started (Tests\Feature\Http\Controllers\ReportControllerTest::it_can_generate_sales_report)
Before Test Method Called (Tests\Feature\Http\Controllers\ReportControllerTest::setUp)
Before Test Method Finished:
- Tests\Feature\Http\Controllers\ReportControllerTest::setUp
Test Prepared (Tests\Feature\Http\Controllers\ReportControllerTest::it_can_generate_sales_report)
After Test Method Called (Tests\Feature\Http\Controllers\ReportControllerTest::tearDown)
After Test Method Finished:
- Tests\Feature\Http\Controllers\ReportControllerTest::tearDown
After Last Test Method Called (Tests\Feature\Http\Controllers\ReportControllerTest::tearDownAfterClass)
After Last Test Method Finished:
- Tests\Feature\Http\Controllers\ReportControllerTest::tearDownAfterClass
Test Passed (Tests\Feature\Http\Controllers\ReportControllerTest::it_can_generate_sales_report)
Test Finished (Tests\Feature\Http\Controllers\ReportControllerTest::it_can_generate_sales_report)
Child Process Finished
Child Process Started
Test Preparation Started (Tests\Feature\Http\Controllers\ReportControllerTest::it_can_get_system_overview)
Before Test Method Called (Tests\Feature\Http\Controllers\ReportControllerTest::setUp)
Before Test Method Finished:
- Tests\Feature\Http\Controllers\ReportControllerTest::setUp
Test Prepared (Tests\Feature\Http\Controllers\ReportControllerTest::it_can_get_system_overview)
After Test Method Called (Tests\Feature\Http\Controllers\ReportControllerTest::tearDown)
After Test Method Finished:
- Tests\Feature\Http\Controllers\ReportControllerTest::tearDown
After Last Test Method Called (Tests\Feature\Http\Controllers\ReportControllerTest::tearDownAfterClass)
After Last Test Method Finished:
- Tests\Feature\Http\Controllers\ReportControllerTest::tearDownAfterClass
Test Passed (Tests\Feature\Http\Controllers\ReportControllerTest::it_can_get_system_overview)
Test Finished (Tests\Feature\Http\Controllers\ReportControllerTest::it_can_get_system_overview)
Child Process Finished
Child Process Started
Test Preparation Started (Tests\Feature\Http\Controllers\ReportControllerTest::it_can_get_engagement_metrics)
Before Test Method Called (Tests\Feature\Http\Controllers\ReportControllerTest::setUp)
Before Test Method Finished:
- Tests\Feature\Http\Controllers\ReportControllerTest::setUp
Test Prepared (Tests\Feature\Http\Controllers\ReportControllerTest::it_can_get_engagement_metrics)
After Test Method Called (Tests\Feature\Http\Controllers\ReportControllerTest::tearDown)
After Test Method Finished:
- Tests\Feature\Http\Controllers\ReportControllerTest::tearDown
After Last Test Method Called (Tests\Feature\Http\Controllers\ReportControllerTest::tearDownAfterClass)
After Last Test Method Finished:
- Tests\Feature\Http\Controllers\ReportControllerTest::tearDownAfterClass
Test Passed (Tests\Feature\Http\Controllers\ReportControllerTest::it_can_get_engagement_metrics)
Test Finished (Tests\Feature\Http\Controllers\ReportControllerTest::it_can_get_engagement_metrics)
Child Process Finished
After Last Test Method Called (Tests\Feature\Http\Controllers\ReportControllerTest::tearDownAfterClass)
After Last Test Method Finished:
- Tests\Feature\Http\Controllers\ReportControllerTest::tearDownAfterClass
Test Suite Finished (Tests\Feature\Http\Controllers\ReportControllerTest, 5 tests)
Test Suite Started (Tests\Feature\Http\Controllers\ReviewControllerTest, 4 tests)
Child Process Started
Test Preparation Started (Tests\Feature\Http\Controllers\ReviewControllerTest::basic_functionality)
Before Test Method Called (Tests\Feature\Http\Controllers\ReviewControllerTest::setUp)
Before Test Method Finished:
- Tests\Feature\Http\Controllers\ReviewControllerTest::setUp
Test Prepared (Tests\Feature\Http\Controllers\ReviewControllerTest::basic_functionality)
After Test Method Called (Tests\Feature\Http\Controllers\ReviewControllerTest::tearDown)
After Test Method Finished:
- Tests\Feature\Http\Controllers\ReviewControllerTest::tearDown
After Last Test Method Called (Tests\Feature\Http\Controllers\ReviewControllerTest::tearDownAfterClass)
After Last Test Method Finished:
- Tests\Feature\Http\Controllers\ReviewControllerTest::tearDownAfterClass
Test Passed (Tests\Feature\Http\Controllers\ReviewControllerTest::basic_functionality)
Test Finished (Tests\Feature\Http\Controllers\ReviewControllerTest::basic_functionality)
Child Process Finished
Child Process Started
Test Preparation Started (Tests\Feature\Http\Controllers\ReviewControllerTest::expected_behavior)
Before Test Method Called (Tests\Feature\Http\Controllers\ReviewControllerTest::setUp)
Before Test Method Finished:
- Tests\Feature\Http\Controllers\ReviewControllerTest::setUp
Test Prepared (Tests\Feature\Http\Controllers\ReviewControllerTest::expected_behavior)
After Test Method Called (Tests\Feature\Http\Controllers\ReviewControllerTest::tearDown)
After Test Method Finished:
- Tests\Feature\Http\Controllers\ReviewControllerTest::tearDown
After Last Test Method Called (Tests\Feature\Http\Controllers\ReviewControllerTest::tearDownAfterClass)
After Last Test Method Finished:
- Tests\Feature\Http\Controllers\ReviewControllerTest::tearDownAfterClass
Test Passed (Tests\Feature\Http\Controllers\ReviewControllerTest::expected_behavior)
Test Finished (Tests\Feature\Http\Controllers\ReviewControllerTest::expected_behavior)
Child Process Finished
Child Process Started
Test Preparation Started (Tests\Feature\Http\Controllers\ReviewControllerTest::validation)
Before Test Method Called (Tests\Feature\Http\Controllers\ReviewControllerTest::setUp)
Before Test Method Finished:
- Tests\Feature\Http\Controllers\ReviewControllerTest::setUp
Test Prepared (Tests\Feature\Http\Controllers\ReviewControllerTest::validation)
After Test Method Called (Tests\Feature\Http\Controllers\ReviewControllerTest::tearDown)
After Test Method Finished:
- Tests\Feature\Http\Controllers\ReviewControllerTest::tearDown
After Last Test Method Called (Tests\Feature\Http\Controllers\ReviewControllerTest::tearDownAfterClass)
After Last Test Method Finished:
- Tests\Feature\Http\Controllers\ReviewControllerTest::tearDownAfterClass
Test Passed (Tests\Feature\Http\Controllers\ReviewControllerTest::validation)
Test Finished (Tests\Feature\Http\Controllers\ReviewControllerTest::validation)
Child Process Finished
Child Process Started
Test Preparation Started (Tests\Feature\Http\Controllers\ReviewControllerTest::store_review_validation_success)
Before Test Method Called (Tests\Feature\Http\Controllers\ReviewControllerTest::setUp)
Before Test Method Finished:
- Tests\Feature\Http\Controllers\ReviewControllerTest::setUp
Test Prepared (Tests\Feature\Http\Controllers\ReviewControllerTest::store_review_validation_success)
After Test Method Called (Tests\Feature\Http\Controllers\ReviewControllerTest::tearDown)
After Test Method Finished:
- Tests\Feature\Http\Controllers\ReviewControllerTest::tearDown
After Last Test Method Called (Tests\Feature\Http\Controllers\ReviewControllerTest::tearDownAfterClass)
After Last Test Method Finished:
- Tests\Feature\Http\Controllers\ReviewControllerTest::tearDownAfterClass
Test Passed (Tests\Feature\Http\Controllers\ReviewControllerTest::store_review_validation_success)
Test Finished (Tests\Feature\Http\Controllers\ReviewControllerTest::store_review_validation_success)
Child Process Finished
After Last Test Method Called (Tests\Feature\Http\Controllers\ReviewControllerTest::tearDownAfterClass)
After Last Test Method Finished:
- Tests\Feature\Http\Controllers\ReviewControllerTest::tearDownAfterClass
Test Suite Finished (Tests\Feature\Http\Controllers\ReviewControllerTest, 4 tests)
Test Suite Started (Tests\Feature\Http\Controllers\SettingControllerTest, 3 tests)
Child Process Started
Test Preparation Started (Tests\Feature\Http\Controllers\SettingControllerTest::it_can_get_all_settings)
Before Test Method Called (Tests\Feature\Http\Controllers\SettingControllerTest::setUp)
Before Test Method Finished:
- Tests\Feature\Http\Controllers\SettingControllerTest::setUp
Test Prepared (Tests\Feature\Http\Controllers\SettingControllerTest::it_can_get_all_settings)
After Test Method Called (Tests\Feature\Http\Controllers\SettingControllerTest::tearDown)
After Test Method Finished:
- Tests\Feature\Http\Controllers\SettingControllerTest::tearDown
After Last Test Method Called (Tests\Feature\Http\Controllers\SettingControllerTest::tearDownAfterClass)
After Last Test Method Finished:
- Tests\Feature\Http\Controllers\SettingControllerTest::tearDownAfterClass
Test Passed (Tests\Feature\Http\Controllers\SettingControllerTest::it_can_get_all_settings)
Test Finished (Tests\Feature\Http\Controllers\SettingControllerTest::it_can_get_all_settings)
Child Process Finished
Child Process Started
Test Preparation Started (Tests\Feature\Http\Controllers\SettingControllerTest::it_can_update_settings)
Before Test Method Called (Tests\Feature\Http\Controllers\SettingControllerTest::setUp)
Before Test Method Finished:
- Tests\Feature\Http\Controllers\SettingControllerTest::setUp
Test Prepared (Tests\Feature\Http\Controllers\SettingControllerTest::it_can_update_settings)
After Test Method Called (Tests\Feature\Http\Controllers\SettingControllerTest::tearDown)
After Test Method Finished:
- Tests\Feature\Http\Controllers\SettingControllerTest::tearDown
After Last Test Method Called (Tests\Feature\Http\Controllers\SettingControllerTest::tearDownAfterClass)
After Last Test Method Finished:
- Tests\Feature\Http\Controllers\SettingControllerTest::tearDownAfterClass
Test Passed (Tests\Feature\Http\Controllers\SettingControllerTest::it_can_update_settings)
Test Finished (Tests\Feature\Http\Controllers\SettingControllerTest::it_can_update_settings)
Child Process Finished
Child Process Started
Test Preparation Started (Tests\Feature\Http\Controllers\SettingControllerTest::it_validates_settings_update_request)
Before Test Method Called (Tests\Feature\Http\Controllers\SettingControllerTest::setUp)
Before Test Method Finished:
- Tests\Feature\Http\Controllers\SettingControllerTest::setUp
Test Prepared (Tests\Feature\Http\Controllers\SettingControllerTest::it_validates_settings_update_request)
After Test Method Called (Tests\Feature\Http\Controllers\SettingControllerTest::tearDown)
After Test Method Finished:
- Tests\Feature\Http\Controllers\SettingControllerTest::tearDown
After Last Test Method Called (Tests\Feature\Http\Controllers\SettingControllerTest::tearDownAfterClass)
After Last Test Method Finished:
- Tests\Feature\Http\Controllers\SettingControllerTest::tearDownAfterClass
Test Passed (Tests\Feature\Http\Controllers\SettingControllerTest::it_validates_settings_update_request)
Test Finished (Tests\Feature\Http\Controllers\SettingControllerTest::it_validates_settings_update_request)
Child Process Finished
After Last Test Method Called (Tests\Feature\Http\Controllers\SettingControllerTest::tearDownAfterClass)
After Last Test Method Finished:
- Tests\Feature\Http\Controllers\SettingControllerTest::tearDownAfterClass
Test Suite Finished (Tests\Feature\Http\Controllers\SettingControllerTest, 3 tests)
Test Suite Started (Tests\Feature\Http\Controllers\SystemControllerTest, 18 tests)
Test Preparation Started (Tests\Feature\Http\Controllers\SystemControllerTest::it_can_get_system_information)
Before Test Method Called (Tests\Feature\Http\Controllers\SystemControllerTest::setUp)
Before Test Method Finished:
- Tests\Feature\Http\Controllers\SystemControllerTest::setUp
Test Prepared (Tests\Feature\Http\Controllers\SystemControllerTest::it_can_get_system_information)
After Test Method Called (Tests\Feature\Http\Controllers\SystemControllerTest::tearDown)
After Test Method Finished:
- Tests\Feature\Http\Controllers\SystemControllerTest::tearDown
Test Passed (Tests\Feature\Http\Controllers\SystemControllerTest::it_can_get_system_information)
Test Finished (Tests\Feature\Http\Controllers\SystemControllerTest::it_can_get_system_information)
Test Preparation Started (Tests\Feature\Http\Controllers\SystemControllerTest::it_can_run_database_migrations)
Before Test Method Called (Tests\Feature\Http\Controllers\SystemControllerTest::setUp)
Before Test Method Finished:
- Tests\Feature\Http\Controllers\SystemControllerTest::setUp
Test Prepared (Tests\Feature\Http\Controllers\SystemControllerTest::it_can_run_database_migrations)
After Test Method Called (Tests\Feature\Http\Controllers\SystemControllerTest::tearDown)
After Test Method Finished:
- Tests\Feature\Http\Controllers\SystemControllerTest::tearDown
Test Passed (Tests\Feature\Http\Controllers\SystemControllerTest::it_can_run_database_migrations)
Test Finished (Tests\Feature\Http\Controllers\SystemControllerTest::it_can_run_database_migrations)
Test Preparation Started (Tests\Feature\Http\Controllers\SystemControllerTest::it_can_clear_application_cache)
Before Test Method Called (Tests\Feature\Http\Controllers\SystemControllerTest::setUp)
Before Test Method Finished:
- Tests\Feature\Http\Controllers\SystemControllerTest::setUp
Test Prepared (Tests\Feature\Http\Controllers\SystemControllerTest::it_can_clear_application_cache)
After Test Method Called (Tests\Feature\Http\Controllers\SystemControllerTest::tearDown)
After Test Method Finished:
- Tests\Feature\Http\Controllers\SystemControllerTest::tearDown
Test Passed (Tests\Feature\Http\Controllers\SystemControllerTest::it_can_clear_application_cache)
Test Finished (Tests\Feature\Http\Controllers\SystemControllerTest::it_can_clear_application_cache)
Test Preparation Started (Tests\Feature\Http\Controllers\SystemControllerTest::it_can_optimize_application)
Before Test Method Called (Tests\Feature\Http\Controllers\SystemControllerTest::setUp)
Before Test Method Finished:
- Tests\Feature\Http\Controllers\SystemControllerTest::setUp
Test Prepared (Tests\Feature\Http\Controllers\SystemControllerTest::it_can_optimize_application)
After Test Method Called (Tests\Feature\Http\Controllers\SystemControllerTest::tearDown)
After Test Method Finished:
- Tests\Feature\Http\Controllers\SystemControllerTest::tearDown
Test Passed (Tests\Feature\Http\Controllers\SystemControllerTest::it_can_optimize_application)
Test Finished (Tests\Feature\Http\Controllers\SystemControllerTest::it_can_optimize_application)
Test Preparation Started (Tests\Feature\Http\Controllers\SystemControllerTest::it_can_run_composer_update)
Before Test Method Called (Tests\Feature\Http\Controllers\SystemControllerTest::setUp)
Before Test Method Finished:
- Tests\Feature\Http\Controllers\SystemControllerTest::setUp
Test Prepared (Tests\Feature\Http\Controllers\SystemControllerTest::it_can_run_composer_update)
After Test Method Called (Tests\Feature\Http\Controllers\SystemControllerTest::tearDown)
After Test Method Finished:
- Tests\Feature\Http\Controllers\SystemControllerTest::tearDown
Test Passed (Tests\Feature\Http\Controllers\SystemControllerTest::it_can_run_composer_update)
Test Finished (Tests\Feature\Http\Controllers\SystemControllerTest::it_can_run_composer_update)
Test Preparation Started (Tests\Feature\Http\Controllers\SystemControllerTest::it_can_get_performance_metrics)
Before Test Method Called (Tests\Feature\Http\Controllers\SystemControllerTest::setUp)
Before Test Method Finished:
- Tests\Feature\Http\Controllers\SystemControllerTest::setUp
Test Prepared (Tests\Feature\Http\Controllers\SystemControllerTest::it_can_get_performance_metrics)
After Test Method Called (Tests\Feature\Http\Controllers\SystemControllerTest::tearDown)
After Test Method Finished:
- Tests\Feature\Http\Controllers\SystemControllerTest::tearDown
Test Passed (Tests\Feature\Http\Controllers\SystemControllerTest::it_can_get_performance_metrics)
Test Finished (Tests\Feature\Http\Controllers\SystemControllerTest::it_can_get_performance_metrics)
Test Preparation Started (Tests\Feature\Http\Controllers\SystemControllerTest::it_handles_migration_errors)
Before Test Method Called (Tests\Feature\Http\Controllers\SystemControllerTest::setUp)
Before Test Method Finished:
- Tests\Feature\Http\Controllers\SystemControllerTest::setUp
Test Prepared (Tests\Feature\Http\Controllers\SystemControllerTest::it_handles_migration_errors)
After Test Method Called (Tests\Feature\Http\Controllers\SystemControllerTest::tearDown)
After Test Method Finished:
- Tests\Feature\Http\Controllers\SystemControllerTest::tearDown
Test Passed (Tests\Feature\Http\Controllers\SystemControllerTest::it_handles_migration_errors)
Test Finished (Tests\Feature\Http\Controllers\SystemControllerTest::it_handles_migration_errors)
Test Preparation Started (Tests\Feature\Http\Controllers\SystemControllerTest::it_handles_cache_clear_errors)
Before Test Method Called (Tests\Feature\Http\Controllers\SystemControllerTest::setUp)
Before Test Method Finished:
- Tests\Feature\Http\Controllers\SystemControllerTest::setUp
Test Prepared (Tests\Feature\Http\Controllers\SystemControllerTest::it_handles_cache_clear_errors)
After Test Method Called (Tests\Feature\Http\Controllers\SystemControllerTest::tearDown)
After Test Method Finished:
- Tests\Feature\Http\Controllers\SystemControllerTest::tearDown
Test Passed (Tests\Feature\Http\Controllers\SystemControllerTest::it_handles_cache_clear_errors)
Test Finished (Tests\Feature\Http\Controllers\SystemControllerTest::it_handles_cache_clear_errors)
Test Preparation Started (Tests\Feature\Http\Controllers\SystemControllerTest::it_handles_optimization_errors)
Before Test Method Called (Tests\Feature\Http\Controllers\SystemControllerTest::setUp)
Before Test Method Finished:
- Tests\Feature\Http\Controllers\SystemControllerTest::setUp
Test Prepared (Tests\Feature\Http\Controllers\SystemControllerTest::it_handles_optimization_errors)
After Test Method Called (Tests\Feature\Http\Controllers\SystemControllerTest::tearDown)
After Test Method Finished:
- Tests\Feature\Http\Controllers\SystemControllerTest::tearDown
Test Passed (Tests\Feature\Http\Controllers\SystemControllerTest::it_handles_optimization_errors)
Test Finished (Tests\Feature\Http\Controllers\SystemControllerTest::it_handles_optimization_errors)
Test Preparation Started (Tests\Feature\Http\Controllers\SystemControllerTest::it_handles_composer_update_errors)
Before Test Method Called (Tests\Feature\Http\Controllers\SystemControllerTest::setUp)
Before Test Method Finished:
- Tests\Feature\Http\Controllers\SystemControllerTest::setUp
Test Prepared (Tests\Feature\Http\Controllers\SystemControllerTest::it_handles_composer_update_errors)
Test Failed (Tests\Feature\Http\Controllers\SystemControllerTest::it_handles_composer_update_errors)
Expected response status code [500] but received 200.
Failed asserting that 200 is identical to 500.
After Test Method Called (Tests\Feature\Http\Controllers\SystemControllerTest::tearDown)
After Test Method Finished:
- Tests\Feature\Http\Controllers\SystemControllerTest::tearDown
Test Finished (Tests\Feature\Http\Controllers\SystemControllerTest::it_handles_composer_update_errors)
Test Runner Execution Aborted
After Last Test Method Called (Tests\Feature\Http\Controllers\SystemControllerTest::tearDownAfterClass)
After Last Test Method Finished:
- Tests\Feature\Http\Controllers\SystemControllerTest::tearDownAfterClass
Test Suite Finished (Tests\Feature\Http\Controllers\SystemControllerTest, 18 tests)
Test Runner Execution Aborted
Test Suite Finished (Feature, 1048 tests)
Test Suite Finished (C:\Users\Gaser\Desktop\COPRRA\phpunit.xml, 1048 tests)
Test Runner Execution Finished
Test Runner Finished
PHPUnit Finished (Shell Exit Code: 1)
